<html>
<body>
<pre>
<h1>µVision Build Log</h1>
<h2>Project:</h2>
C:\Users\namnguyen\Desktop\ESPProject\ESPProject.uvproj
Project File Date:  01/16/2018

<h2>Output:</h2>
Build target 'ESPProject'
compiling stm32f4xx_it.c...
linking...
Program Size: Code=19440 RO-data=5044 RW-data=96 ZI-data=2208  
".\Build\ESPProject.axf" - 0 Error(s), 0 Warning(s).
Load "C:\\Users\\namnguyen\\Desktop\\ESPProject\\Build\\ESPProject.axf" 
Erase Done.
Programming Done.
Verify OK.
</pre>
</body>
</html>
=2208  
".\Build\ESPProject.axf" - 0 Error(s), 2 Warning(s).
Load "C:\\Users\\namnguyen\\Desktop\\ESPProject\\Build\\ESPProject.axf" 
Erase Done.
Programming Done.
Verify OK.
 warning: C4017W: data may be used before being set
        uint8_t data;
User\src\queue.c: 2 warnings, 0 errors
compiling stm32f4xx_it.c...
linking...
Program Size: Code=19444 RO-data=5044 RW-data=96 ZI-data=2208  
".\Build\ESPProject.axf" - 0 Error(s), 5 Warning(s).
Load "C:\\Users\\namnguyen\\Desktop\\ESPProject\\Build\\ESPProject.axf" 
Erase Done.
Programming Done.
Verify OK.
before being set
        uint8_t data;
User\src\queue.c: 2 warnings, 0 errors
compiling stm32f4xx_it.c...
compiling stm32f429i_discovery.c...
compiling stm32f429i_discovery_i2c_ee.c...
compiling stm32f429i_discovery_ioe.c...
compiling stm32f429i_discovery_l3gd20.c...
compiling stm32f429i_discovery_lcd.c...
compiling stm32f429i_discovery_sdram.c...
linking...
Program Size: Code=19460 RO-data=5044 RW-data=96 ZI-data=2208  
".\Build\ESPProject.axf" - 0 Error(s), 4 Warning(s).
Load "C:\\Users\\namnguyen\\Desktop\\ESPProject\\Build\\ESPProject.axf" 
Erase Done.
Programming Done.
Verify OK.
