ARM Linker, 5.03 [Build 76] [MDK-ARM Lite]

==============================================================================

Section Cross References

    startup_stm32f429_439xx.o(STACK) refers (Special) to heapauxi.o(.text) for __use_two_region_memory
    startup_stm32f429_439xx.o(HEAP) refers (Special) to heapauxi.o(.text) for __use_two_region_memory
    startup_stm32f429_439xx.o(RESET) refers (Special) to heapauxi.o(.text) for __use_two_region_memory
    startup_stm32f429_439xx.o(RESET) refers to startup_stm32f429_439xx.o(STACK) for __initial_sp
    startup_stm32f429_439xx.o(RESET) refers to startup_stm32f429_439xx.o(.text) for Reset_Handler
    startup_stm32f429_439xx.o(RESET) refers to stm32f4xx_it.o(.text) for NMI_Handler
    startup_stm32f429_439xx.o(RESET) refers to stm32f429i_discovery_i2c_ee.o(.text) for DMA1_Stream2_IRQHandler
    startup_stm32f429_439xx.o(.text) refers (Special) to heapauxi.o(.text) for __use_two_region_memory
    startup_stm32f429_439xx.o(.text) refers to system_stm32f4xx.o(.text) for SystemInit
    startup_stm32f429_439xx.o(.text) refers to __main.o(!!!main) for __main
    startup_stm32f429_439xx.o(.text) refers to startup_stm32f429_439xx.o(HEAP) for Heap_Mem
    startup_stm32f429_439xx.o(.text) refers to startup_stm32f429_439xx.o(STACK) for Stack_Mem
    system_stm32f4xx.o(.text) refers to system_stm32f4xx.o(.data) for .data
    stm32f4xx_dma2d.o(.text) refers to stm32f4xx_rcc.o(.text) for RCC_AHB1PeriphResetCmd
    stm32f4xx_gpio.o(.text) refers to stm32f4xx_rcc.o(.text) for RCC_AHB1PeriphResetCmd
    stm32f4xx_i2c.o(.text) refers to stm32f4xx_rcc.o(.text) for RCC_APB1PeriphResetCmd
    stm32f4xx_ltdc.o(.text) refers to stm32f4xx_rcc.o(.text) for RCC_APB2PeriphResetCmd
    stm32f4xx_rcc.o(.text) refers to stm32f4xx_rcc.o(.data) for .data
    stm32f4xx_rng.o(.text) refers to stm32f4xx_rcc.o(.text) for RCC_AHB2PeriphResetCmd
    stm32f4xx_spi.o(.text) refers to stm32f4xx_rcc.o(.text) for RCC_APB1PeriphResetCmd
    stm32f4xx_syscfg.o(.text) refers to stm32f4xx_rcc.o(.text) for RCC_APB2PeriphResetCmd
    stm32f4xx_usart.o(.text) refers to stm32f4xx_rcc.o(.text) for RCC_APB2PeriphResetCmd
    stm32f4xx_adc.o(.text) refers to stm32f4xx_rcc.o(.text) for RCC_APB2PeriphResetCmd
    stm32f4xx_can.o(.text) refers to stm32f4xx_rcc.o(.text) for RCC_APB1PeriphResetCmd
    stm32f4xx_cryp.o(.text) refers to stm32f4xx_rcc.o(.text) for RCC_AHB2PeriphResetCmd
    stm32f4xx_cryp_aes.o(.text) refers to stm32f4xx_cryp.o(.text) for CRYP_KeyStructInit
    stm32f4xx_cryp_des.o(.text) refers to stm32f4xx_cryp.o(.text) for CRYP_KeyStructInit
    stm32f4xx_cryp_tdes.o(.text) refers to stm32f4xx_cryp.o(.text) for CRYP_KeyStructInit
    stm32f4xx_dac.o(.text) refers to stm32f4xx_rcc.o(.text) for RCC_APB1PeriphResetCmd
    stm32f4xx_hash.o(.text) refers to stm32f4xx_rcc.o(.text) for RCC_AHB2PeriphResetCmd
    stm32f4xx_hash_md5.o(.text) refers to stm32f4xx_hash.o(.text) for HASH_DeInit
    stm32f4xx_hash_sha1.o(.text) refers to stm32f4xx_hash.o(.text) for HASH_DeInit
    stm32f4xx_pwr.o(.text) refers to stm32f4xx_rcc.o(.text) for RCC_APB1PeriphResetCmd
    stm32f4xx_sai.o(.text) refers to stm32f4xx_rcc.o(.text) for RCC_APB2PeriphResetCmd
    stm32f4xx_sdio.o(.text) refers to stm32f4xx_rcc.o(.text) for RCC_APB2PeriphResetCmd
    stm32f4xx_tim.o(.text) refers to stm32f4xx_rcc.o(.text) for RCC_APB2PeriphResetCmd
    stm32f4xx_wwdg.o(.text) refers to stm32f4xx_rcc.o(.text) for RCC_APB1PeriphResetCmd
    main.o(.text) refers to queue.o(.text) for queue_init
    main.o(.text) refers to uart_isr_configuration.o(.text) for uart_interrupt_init
    main.o(.text) refers to timer_counter.o(.text) for timer3_interrupt_init
    main.o(.text) refers to student_info.o(.text) for student_info
    main.o(.text) refers to basic_operation.o(.text) for basic_operation
    main.o(.text) refers to simple_led.o(.text) for simple_led
    main.o(.text) refers to advance_led.o(.text) for advance_led
    main.o(.text) refers to stm32f4xx_it.o(.bss) for queue_sender
    main.o(.text) refers to main.o(.data) for .data
    main.o(.data) refers to main.o(.conststring) for .conststring
    stm32f4xx_it.o(.text) refers to stm32f4xx_usart.o(.text) for USART_GetITStatus
    stm32f4xx_it.o(.text) refers to queue.o(.text) for queue_push
    stm32f4xx_it.o(.text) refers to stm32f4xx_spi.o(.text) for SPI_I2S_GetITStatus
    stm32f4xx_it.o(.text) refers to stm32f4xx_tim.o(.text) for TIM_GetITStatus
    stm32f4xx_it.o(.text) refers to stm32f429i_discovery.o(.text) for STM_EVAL_LEDOn
    stm32f4xx_it.o(.text) refers to stm32f4xx_it.o(.data) for .data
    stm32f4xx_it.o(.text) refers to stm32f4xx_it.o(.bss) for .bss
    student_info.o(.text) refers to uart_isr_configuration.o(.text) for uart_send
    student_info.o(.text) refers to student_info.o(.data) for .data
    student_info.o(.data) refers to student_info.o(.conststring) for .conststring
    uart_isr_configuration.o(.text) refers to stm32f4xx_gpio.o(.text) for GPIO_StructInit
[...]
    .constdata                               0x08005388   Section      148  bigflt0.o(.constdata)
    tenpwrs_x                                0x08005388   Data          60  bigflt0.o(.constdata)
    tenpwrs_i                                0x080053c4   Data          64  bigflt0.o(.constdata)
    .conststring                             0x0800541c   Section      256  main.o(.conststring)
    .conststring                             0x0800551c   Section      110  student_info.o(.conststring)
    .conststring                             0x0800558a   Section      177  basic_operation.o(.conststring)
    .conststring                             0x0800563b   Section      133  simple_led.o(.conststring)
    .conststring                             0x080056c0   Section      144  advance_led.o(.conststring)
    .conststring                             0x08005750   Section      113  timer_counter.o(.conststring)
    locale$$data                             0x080057e4   Section       28  lc_numeric_c.o(locale$$data)
    __lcnum_c_name                           0x080057e8   Data           2  lc_numeric_c.o(locale$$data)
    __lcnum_c_start                          0x080057f0   Data           0  lc_numeric_c.o(locale$$data)
    __lcnum_c_point                          0x080057fc   Data           0  lc_numeric_c.o(locale$$data)
    __lcnum_c_thousands                      0x080057fe   Data           0  lc_numeric_c.o(locale$$data)
    __lcnum_c_grouping                       0x080057ff   Data           0  lc_numeric_c.o(locale$$data)
    locale$$data                             0x08005800   Section      272  lc_ctype_c.o(locale$$data)
    __lcnum_c_end                            0x08005800   Data           0  lc_numeric_c.o(locale$$data)
    __lcctype_c_name                         0x08005804   Data           2  lc_ctype_c.o(locale$$data)
    __lcctype_c_start                        0x0800580c   Data           0  lc_ctype_c.o(locale$$data)
    __lcctype_c_end                          0x08005910   Data           0  lc_ctype_c.o(locale$$data)
    .data                                    0x20000000   Section       20  system_stm32f4xx.o(.data)
    .data                                    0x20000014   Section       16  stm32f4xx_rcc.o(.data)
    APBAHBPrescTable                         0x20000014   Data          16  stm32f4xx_rcc.o(.data)
    .data                                    0x20000024   Section        4  main.o(.data)
    .data                                    0x20000028   Section       28  stm32f4xx_it.o(.data)
    time1                                    0x20000030   Data           4  stm32f4xx_it.o(.data)
    time2                                    0x20000034   Data           4  stm32f4xx_it.o(.data)
    .data                                    0x20000044   Section        4  student_info.o(.data)
    .data                                    0x20000048   Section       16  basic_operation.o(.data)
    .data                                    0x20000058   Section        8  simple_led.o(.data)
    .data                                    0x20000060   Section        4  advance_led.o(.data)
    .data                                    0x20000064   Section        8  timer_counter.o(.data)
    .data                                    0x2000006c   Section       16  stm32f429i_discovery.o(.data)
    .data                                    0x2000007c   Section       16  stm32f429i_discovery_i2c_ee.o(.data)
    .bss                                     0x2000008c   Section      512  stm32f4xx_it.o(.bss)
    .bss                                     0x2000028c   Section      100  basic_operation.o(.bss)
    .bss                                     0x200002f0   Section       60  stm32f429i_discovery.o(.bss)
    .bss                                     0x2000032c   Section       96  libspace.o(.bss)
    HEAP                                     0x20000390   Section      512  startup_stm32f429_439xx.o(HEAP)
    Heap_Mem                                 0x20000390   Data         512  startup_stm32f429_439xx.o(HEAP)
    STACK                                    0x20000590   Section     1024  startup_stm32f429_439xx.o(STACK)
    Stack_Mem                                0x20000590   Data        1024  startup_stm32f429_439xx.o(STACK)
    __initial_sp                             0x20000990   Data           0  startup_stm32f429_439xx.o(STACK)

    Global Symbols

    Symbol Name                              Value     Ov Type        Size  Object(Section)

    BuildAttributes$$THM_ISAv4$E$P$D$K$B$S$7EM$VFPi3$EXTD16$VFPS$VFMA$PE$A:L22UL41UL21$X:L11$S22US41US21$IEEE1$IW$USESV6$~STKCKD$USESV7$~SHL$OTIME$ROPI$IEEEJ$EBA8$UX$STANDARDLIB$REQ8$PRES8$EABIv2 0x00000000   Number         0  anon$$obj.o ABSOLUTE
    __ARM_use_no_argv                        0x00000000   Number         0  main.o ABSOLUTE
    _printf_flags                            0x00000000   Number         0  printf_stubs.o ABSOLUTE
    _printf_return_value                     0x00000000   Number         0  printf_stubs.o ABSOLUTE
    _printf_sizespec                         0x00000000   Number         0  printf_stubs.o ABSOLUTE
    _printf_widthprec                        0x00000000   Number         0  printf_stubs.o ABSOLUTE
    __ARM_exceptions_init                     - Undefined Weak Reference
    __alloca_initialize                       - Undefined Weak Reference
    __cpp_initialize__aeabi_                  - Undefined Weak Reference
    __cxa_finalize                            - Undefined Weak Reference
    __sigvec_lookup                           - Undefined Weak Reference
    __user_heap_extent                        - Undefined Weak Reference
    _atexit_init                              - Undefined Weak Reference
    _call_atexit_fns                          - Undefined Weak Reference
    _clock_init                               - Undefined Weak Reference
    _fp_trap_init                             - Undefined Weak Reference
    _fp_trap_shutdown                         - Undefined Weak Reference
    _get_lc_collate                           - Undefined Weak Reference
    _get_lc_monetary                          - Undefined Weak Reference
    _get_lc_time                              - Undefined Weak Reference
    _getenv_init                              - Undefined Weak Reference
    _handle_redirection                       - Undefined Weak Reference
    _initio                                   - Undefined Weak Reference
    _mutex_acquire                            - Undefined Weak Reference
    _mutex_free                               - Undefined Weak Reference
    _mutex_release                            - Undefined Weak Reference
    _printf_post_padding                      - Undefined Weak Reference
    _printf_pre_padding                       - Undefined Weak Reference
    _printf_truncate_signed                   - Undefined Weak Reference
    _printf_truncate_unsigned                 - Undefined Weak Reference
    _rand_init                                - Undefined Weak Reference
    _signal_finish                            - Undefined Weak Reference
    _signal_init                              - Undefined Weak Reference
    _terminateio                              - Undefined Weak Reference
    __Vectors_Size                           0x000001ac   Number         0  startup_stm32f429_439xx.o ABSOLUTE
    __Vectors                                0x08000000   Data           4  startup_stm32f429_439xx.o(RESET)
    __Vectors_End                            0x080001ac   Data           0  startup_stm32f429_439xx.o(RESET)
    __main                                   0x080001ad   Thumb Code     8  __main.o(!!!main)
    __scatterload                            0x080001b5   Thumb Code     0  __scatter.o(!!!scatter)
    __scatterload_rt2                        0x080001b5   Thumb Code    44  __scatter.o(!!!scatter)
    __scatterload_rt2_thumb_only             0x080001b5   Thumb Code     0  __scatter.o(!!!scatter)
    __scatterload_null                       0x080001c3   Thumb Code     0  __scatter.o(!!!scatter)
    __scatterload_copy                       0x080001e9   Thumb Code    26  __scatter_copy.o(!!handler_copy)
    __scatterload_zeroinit                   0x08000205   Thumb Code    28  __scatter_zi.o(!!handler_zi)
    _printf_f                                0x08000221   Thumb Code     0  _printf_f.o(.ARM.Collect$$_printf_percent$$00000003)
    _printf_percent                          0x08000221   Thumb Code     0  _printf_percent.o(.ARM.Collect$$_printf_percent$$00000000)
    _printf_d                                0x08000227   Thumb Code     0  _printf_d.o(.ARM.Collect$$_printf_percent$$00000009)
    _printf_percent_end                      0x0800022d   Thumb Code     0  _printf_percent_end.o(.ARM.Collect$$_printf_percent$$00000017)
    __rt_lib_init                            0x08000231   Thumb Code     0  libinit.o(.ARM.Collect$$libinit$$00000000)
    __rt_lib_init_fp_1                       0x08000233   Thumb Code     0  libinit2.o(.ARM.Collect$$libinit$$00000001)
    __rt_lib_init_heap_1                     0x08000237   Thumb Code     0  libinit2.o(.ARM.Collect$$libinit$$00000008)
    __rt_lib_init_lc_common                  0x08000237   Thumb Code     0  libinit2.o(.ARM.Collect$$libinit$$0000000D)
    __rt_lib_init_rand_1                     0x08000237   Thumb Code     0  libinit2.o(.ARM.Collect$$libinit$$0000000C)
    __rt_lib_init_user_alloc_1               0x08000237   Thumb Code     0  libinit2.o(.ARM.Collect$$libinit$$0000000A)
    __rt_lib_init_lc_collate_1               0x0800023d   Thumb Code     0  libinit2.o(.ARM.Collect$$libinit$$0000000F)
    __rt_lib_init_lc_ctype_2                 0x0800023d   Thumb Code     0  libinit2.o(.ARM.Collect$$libinit$$00000010)
    __rt_lib_init_lc_ctype_1                 0x08000249   Thumb Code     0  libinit2.o(.ARM.Collect$$libinit$$00000011)
    __rt_lib_init_lc_monetary_1              0x08000249   Thumb Code     0  libinit2.o(.ARM.Collect$$libinit$$00000013)
    __rt_lib_init_lc_numeric_2               0x08000249   Thumb Code     0  libinit2.o(.ARM.Collect$$libinit$$00000014)
    __rt_lib_init_alloca_1                   0x08000253   Thumb Code     0  libinit2.o(.ARM.Collect$$libinit$$0000002C)
    __rt_lib_init_argv_1                     0x08000253   Thumb Code     0  libinit2.o(.ARM.Collect$$libinit$$0000002A)
    __rt_lib_init_atexit_1                   0x08000253   Thumb Code     0  libinit2.o(.ARM.Collect$$libinit$$00000019)
    __rt_lib_init_clock_1                    0x08000253   Thumb Code     0  libinit2.o(.ARM.Collect$$libinit$$0000001F)
    __rt_lib_init_cpp_1                      0x08000253   Thumb Code     0  libinit2.o(.ARM.Collect$$libinit$$00000030)
    __rt_lib_init_exceptions_1               0x08000253   Thumb Code     0  libinit2.o(.ARM.Collect$$libinit$$0000002E)
    __rt_lib_init_fp_trap_1                  0x08000253   Thumb Code     0  libinit2.o(.ARM.Collect$$libinit$$0000001D)
    __rt_lib_init_getenv_1                   0x08000253   Thumb Code     0  libinit2.o(.ARM.Collect$$libinit$$00000021)
    __rt_lib_init_lc_numeric_1               0x08000253   Thumb Code     0  libinit2.o(.ARM.Collect$$libinit$$00000015)
    __rt_lib_init_lc_time_1                  0x08000253   Thumb Code     0  libinit2.o(.ARM.Collect$$libinit$$00000017)
    __rt_lib_init_return                     0x08000253   Thumb Code     0  libinit2.o(.ARM.Collect$$libinit$$00000031)
    __rt_lib_init_signal_1                   0x08000253   Thumb Code     0  libinit2.o(.ARM.Collect$$libinit$$0000001B)
    __rt_lib_init_stdio_1                    0x08000253   Thumb Code     0  libinit2.o(.ARM.Collect$$libinit$$00000023)
    __rt_lib_shutdown                        0x08000255   Thumb Code     0  libshutdown.o(.ARM.Collect$$libshutdown$$00000000)
    __rt_lib_shutdown_fp_trap_1              0x08000257   Thumb Code     0  libshutdown2.o(.ARM.Collect$$libshutdown$$00000006)
    __rt_lib_shutdown_heap_1                 0x08000257   Thumb Code     0  libshutdown2.o(.ARM.Collect$$libshutdown$$0000000E)
    __rt_lib_shutdown_return                 0x08000257   Thumb Code     0  libshutdown2.o(.ARM.Collect$$libshutdown$$0000000F)
    __rt_lib_shutdown_signal_1               0x08000257   Thumb Code     0  libshutdown2.o(.ARM.Collect$$libshutdown$$00000009)
    __rt_lib_shutdown_stdio_1                0x08000257   Thumb Code     0  libshutdown2.o(.ARM.Collect$$libshutdown$$00000003)
    __rt_lib_shutdown_user_alloc_1           0x08000257   Thumb Code     0  libshutdown2.o(.ARM.Collect$$libshutdown$$0000000B)
    __rt_entry                               0x08000259   Thumb Code     0  rtentry.o(.ARM.Collect$$rtentry$$00000000)
    __rt_entry_presh_1                       0x08000259   Thumb Code     0  rtentry2.o(.ARM.Collect$$rtentry$$00000002)
    __rt_entry_sh                            0x08000259   Thumb Code     0  rtentry4.o(.ARM.Collect$$rtentry$$00000004)
    __rt_entry_li                            0x0800025f   Thumb Code     0  rtentry2.o(.ARM.Collect$$rtentry$$0000000A)
    __rt_entry_postsh_1                      0x0800025f   Thumb Code     0  rtentry2.o(.ARM.Collect$$rtentry$$00000009)
    __rt_entry_main                          0x08000263   Thumb Code     0  rtentry2.o(.ARM.Collect$$rtentry$$0000000D)
    __rt_entry_postli_1                      0x08000263   Thumb Code     0  rtentry2.o(.ARM.Collect$$rtentry$$0000000C)
    __rt_exit                                0x0800026b   Thumb Code     0  rtexit.o(.ARM.Collect$$rtexit$$00000000)
    __rt_exit_ls                             0x0800026d   Thumb Code     0  rtexit2.o(.ARM.Collect$$rtexit$$00000003)
    __rt_exit_prels_1                        0x0800026d   Thumb Code     0  rtexit2.o(.ARM.Collect$$rtexit$$00000002)
    __rt_exit_exit                           0x08000271   Thumb Code     0  rtexit2.o(.ARM.Collect$$rtexit$$00000004)
    Reset_Handler                            0x08000279   Thumb Code     8  startup_stm32f429_439xx.o(.text)
    ADC_IRQHandler                           0x08000293   Thumb Code     0  startup_stm32f429_439xx.o(.text)
    CAN1_RX0_IRQHandler                      0x08000293   Thumb Code     0  startup_stm32f429_439xx.o(.text)
    CAN1_RX1_IRQHandler                      0x08000293   Thumb Code     0  startup_stm32f429_439xx.o(.text)
    CAN1_SCE_IRQHandler                      0x08000293   Thumb Code     0  startup_stm32f429_439xx.o(.text)
    CAN1_TX_IRQHandler                       0x08000293   Thumb Code     0  startup_stm32f429_439xx.o(.text)
    CAN2_RX0_IRQHandler                      0x08000293   Thumb Code     0  startup_stm32f429_439xx.o(.text)
    CAN2_RX1_IRQHandler                      0x08000293   Thumb Code     0  startup_stm32f429_439xx.o(.text)
    CAN2_SCE_IRQHandler                      0x08000293   Thumb Code     0  startup_stm32f429_439xx.o(.text)
    CAN2_TX_IRQHandler                       0x08000293   Thumb Code     0  startup_stm32f429_439xx.o(.text)
    CRYP_IRQHandler                          0x08000293   Thumb Code     0  startup_stm32f429_439xx.o(.text)
    DCMI_IRQHandler                          0x08000293   Thumb Code     0  startup_stm32f429_439xx.o(.text)
    DMA1_Stream0_IRQHandler                  0x08000293   Thumb Code     0  startup_stm32f429_439xx.o(.text)
    DMA1_Stream1_IRQHandler                  0x08000293   Thumb Code     0  startup_stm32f429_439xx.o(.text)
    DMA1_Stream3_IRQHandler                  0x08000293   Thumb Code     0  startup_stm32f429_439xx.o(.text)
    DMA1_Stream5_IRQHandler                  0x08000293   Thumb Code     0  startup_stm32f429_439xx.o(.text)
    DMA1_Stream6_IRQHandler                  0x08000293   Thumb Code     0  startup_stm32f429_439xx.o(.text)
    DMA1_Stream7_IRQHandler                  0x08000293   Thumb Code     0  startup_stm32f429_439xx.o(.text)
    DMA2D_IRQHandler                         0x08000293   Thumb Code     0  startup_stm32f429_439xx.o(.text)
    DMA2_Stream0_IRQHandler                  0x08000293   Thumb Code     0  startup_stm32f429_439xx.o(.text)
    DMA2_Stream1_IRQHandler                  0x08000293   Thumb Code     0  startup_stm32f429_439xx.o(.text)
    DMA2_Stream2_IRQHandler                  0x08000293   Thumb Code     0  startup_stm32f429_439xx.o(.text)
    DMA2_Stream3_IRQHandler                  0x08000293   Thumb Code     0  startup_stm32f429_439xx.o(.text)
    DMA2_Stream4_IRQHandler                  0x08000293   Thumb Code     0  startup_stm32f429_439xx.o(.text)
    DMA2_Stream5_IRQHandler                  0x08000293   Thumb Code     0  startup_stm32f429_439xx.o(.text)
    DMA2_Stream6_IRQHandler                  0x08000293   Thumb Code     0  startup_stm32f429_439xx.o(.text)
    DMA2_Stream7_IRQHandler                  0x08000293   Thumb Code     0  startup_stm32f429_439xx.o(.text)
    ETH_IRQHandler                           0x08000293   Thumb Code     0  startup_stm32f429_439xx.o(.text)
    ETH_WKUP_IRQHandler                      0x08000293   Thumb Code     0  startup_stm32f429_439xx.o(.text)
    EXTI0_IRQHandler                         0x08000293   Thumb Code     0  startup_stm32f429_439xx.o(.text)
    EXTI15_10_IRQHandler                     0x08000293   Thumb Code     0  startup_stm32f429_439xx.o(.text)
    EXTI1_IRQHandler                         0x08000293   Thumb Code     0  startup_stm32f429_439xx.o(.text)
    EXTI2_IRQHandler                         0x08000293   Thumb Code     0  startup_stm32f429_439xx.o(.text)
    EXTI3_IRQHandler                         0x08000293   Thumb Code     0  startup_stm32f429_439xx.o(.text)
    EXTI4_IRQHandler                         0x08000293   Thumb Code     0  startup_stm32f429_439xx.o(.text)
    EXTI9_5_IRQHandler                       0x08000293   Thumb Code     0  startup_stm32f429_439xx.o(.text)
    FLASH_IRQHandler                         0x08000293   Thumb Code     0  startup_stm32f429_439xx.o(.text)
    FMC_IRQHandler                           0x08000293   Thumb Code     0  startup_stm32f429_439xx.o(.text)
    FPU_IRQHandler                           0x08000293   Thumb Code     0  startup_stm32f429_439xx.o(.text)
    HASH_RNG_IRQHandler                      0x08000293   Thumb Code     0  startup_stm32f429_439xx.o(.text)
    I2C1_ER_IRQHandler                       0x08000293   Thumb Code     0  startup_stm32f429_439xx.o(.text)
    I2C1_EV_IRQHandler                       0x08000293   Thumb Code     0  startup_stm32f429_439xx.o(.text)
    I2C2_ER_IRQHandler                       0x08000293   Thumb Code     0  startup_stm32f429_439xx.o(.text)
    I2C2_EV_IRQHandler                       0x08000293   Thumb Code     0  startup_stm32f429_439xx.o(.text)
    I2C3_ER_IRQHandler                       0x08000293   Thumb Code     0  startup_stm32f429_439xx.o(.text)
    I2C3_EV_IRQHandler                       0x08000293   Thumb Code     0  startup_stm32f429_439xx.o(.text)
    LTDC_ER_IRQHandler                       0x08000293   Thumb Code     0  startup_stm32f429_439xx.o(.text)
    LTDC_IRQHandler                          0x08000293   Thumb Code     0  startup_stm32f429_439xx.o(.text)
    OTG_FS_IRQHandler                        0x08000293   Thumb Code     0  startup_stm32f429_439xx.o(.text)
    OTG_FS_WKUP_IRQHandler                   0x08000293   Thumb Code     0  startup_stm32f429_439xx.o(.text)
    OTG_HS_EP1_IN_IRQHandler                 0x08000293   Thumb Code     0  startup_stm32f429_439xx.o(.text)
    OTG_HS_EP1_OUT_IRQHandler                0x08000293   Thumb Code     0  startup_stm32f429_439xx.o(.text)
    OTG_HS_IRQHandler                        0x08000293   Thumb Code     0  startup_stm32f429_439xx.o(.text)
    OTG_HS_WKUP_IRQHandler                   0x08000293   Thumb Code     0  startup_stm32f429_439xx.o(.text)
    PVD_IRQHandler                           0x08000293   Thumb Code     0  startup_stm32f429_439xx.o(.text)
    RCC_IRQHandler                           0x08000293   Thumb Code     0  startup_stm32f429_439xx.o(.text)
    RTC_Alarm_IRQHandler                     0x08000293   Thumb Code     0  startup_stm32f429_439xx.o(.text)
    RTC_WKUP_IRQHandler                      0x08000293   Thumb Code     0  startup_stm32f429_439xx.o(.text)
    SAI1_IRQHandler                          0x08000293   Thumb Code     0  startup_stm32f429_439xx.o(.text)
    SDIO_IRQHandler                          0x08000293   Thumb Code     0  startup_stm32f429_439xx.o(.text)
    SPI1_IRQHandler                          0x08000293   Thumb Code     0  startup_stm32f429_439xx.o(.text)
    SPI2_IRQHandler                          0x08000293   Thumb Code     0  startup_stm32f429_439xx.o(.text)
    SPI4_IRQHandler                          0x08000293   Thumb Code     0  startup_stm32f429_439xx.o(.text)
    SPI5_IRQHandler                          0x08000293   Thumb Code     0  startup_stm32f429_439xx.o(.text)
    SPI6_IRQHandler                          0x08000293   Thumb Code     0  startup_stm32f429_439xx.o(.text)
    TAMP_STAMP_IRQHandler                    0x08000293   Thumb Code     0  startup_stm32f429_439xx.o(.text)
    TIM1_BRK_TIM9_IRQHandler                 0x08000293   Thumb Code     0  startup_stm32f429_439xx.o(.text)
    TIM1_CC_IRQHandler                       0x08000293   Thumb Code     0  startup_stm32f429_439xx.o(.text)
    TIM1_TRG_COM_TIM11_IRQHandler            0x08000293   Thumb Code     0  startup_stm32f429_439xx.o(.text)
    TIM1_UP_TIM10_IRQHandler                 0x08000293   Thumb Code     0  startup_stm32f429_439xx.o(.text)
    TIM2_IRQHandler                          0x08000293   Thumb Code     0  startup_stm32f429_439xx.o(.text)
    TIM5_IRQHandler                          0x08000293   Thumb Code     0  startup_stm32f429_439xx.o(.text)
    TIM6_DAC_IRQHandler                      0x08000293   Thumb Code     0  startup_stm32f429_439xx.o(.text)
    TIM7_IRQHandler                          0x08000293   Thumb Code     0  startup_stm32f429_439xx.o(.text)
    TIM8_BRK_TIM12_IRQHandler                0x08000293   Thumb Code     0  startup_stm32f429_439xx.o(.text)
    TIM8_CC_IRQHandler                       0x08000293   Thumb Code     0  startup_stm32f429_439xx.o(.text)
    TIM8_TRG_COM_TIM14_IRQHandler            0x08000293   Thumb Code     0  startup_stm32f429_439xx.o(.text)
    TIM8_UP_TIM13_IRQHandler                 0x08000293   Thumb Code     0  startup_stm32f429_439xx.o(.text)
    UART4_IRQHandler                         0x08000293   Thumb Code     0  startup_stm32f429_439xx.o(.text)
    UART5_IRQHandler                         0x08000293   Thumb Code     0  startup_stm32f429_439xx.o(.text)
    UART7_IRQHandler                         0x08000293   Thumb Code     0  startup_stm32f429_439xx.o(.text)
    UART8_IRQHandler                         0x08000293   Thumb Code     0  startup_stm32f429_439xx.o(.text)
    USART1_IRQHandler                        0x08000293   Thumb Code     0  startup_stm32f429_439xx.o(.text)
    USART2_IRQHandler                        0x08000293   Thumb Code     0  startup_stm32f429_439xx.o(.text)
    USART6_IRQHandler                        0x08000293   Thumb Code     0  startup_stm32f429_439xx.o(.text)
    WWDG_IRQHandler                          0x08000293   Thumb Code     0  startup_stm32f429_439xx.o(.text)
    __user_initial_stackheap                 0x08000295   Thumb Code     0  startup_stm32f429_439xx.o(.text)
    SystemInit                               0x08000377   Thumb Code    74  system_stm32f4xx.o(.text)
    SystemCoreClockUpdate                    0x080003c1   Thumb Code   108  system_stm32f4xx.o(.text)
    NVIC_PriorityGroupConfig                 0x08000451   Thumb Code    10  misc.o(.text)
    NVIC_Init                                0x0800045b   Thumb Code    92  misc.o(.text)
    NVIC_SetVectorTable                      0x080004b7   Thumb Code    14  misc.o(.text)
    NVIC_SystemLPConfig                      0x080004c5   Thumb Code    20  misc.o(.text)
    SysTick_CLKSourceConfig                  0x080004d9   Thumb Code    24  misc.o(.text)
    DMA_DeInit                               0x08000501   Thumb Code   272  stm32f4xx_dma.o(.text)
    DMA_Init                                 0x08000611   Thumb Code    80  stm32f4xx_dma.o(.text)
    DMA_StructInit                           0x08000661   Thumb Code    34  stm32f4xx_dma.o(.text)
    DMA_Cmd                                  0x08000683   Thumb Code    20  stm32f4xx_dma.o(.text)
    DMA_PeriphIncOffsetSizeConfig            0x08000697   Thumb Code    20  stm32f4xx_dma.o(.text)
    DMA_FlowControllerConfig                 0x080006ab   Thumb Code    20  stm32f4xx_dma.o(.text)
    DMA_SetCurrDataCounter                   0x080006bf   Thumb Code     4  stm32f4xx_dma.o(.text)
    DMA_GetCurrDataCounter                   0x080006c3   Thumb Code     6  stm32f4xx_dma.o(.text)
    DMA_DoubleBufferModeConfig               0x080006c9   Thumb Code    22  stm32f4xx_dma.o(.text)
    DMA_DoubleBufferModeCmd                  0x080006df   Thumb Code    20  stm32f4xx_dma.o(.text)
    DMA_MemoryTargetConfig                   0x080006f3   Thumb Code    10  stm32f4xx_dma.o(.text)
    DMA_GetCurrentMemoryTarget               0x080006fd   Thumb Code    14  stm32f4xx_dma.o(.text)
    DMA_GetCmdStatus                         0x0800070b   Thumb Code    14  stm32f4xx_dma.o(.text)
    DMA_GetFIFOStatus                        0x08000719   Thumb Code     8  stm32f4xx_dma.o(.text)
    DMA_GetFlagStatus                        0x08000721   Thumb Code    42  stm32f4xx_dma.o(.text)
    DMA_ClearFlag                            0x0800074b   Thumb Code    34  stm32f4xx_dma.o(.text)
    DMA_ITConfig                             0x0800076d   Thumb Code    44  stm32f4xx_dma.o(.text)
    DMA_GetITStatus                          0x08000799   Thumb Code    70  stm32f4xx_dma.o(.text)
    DMA_ClearITPendingBit                    0x080007df   Thumb Code    34  stm32f4xx_dma.o(.text)
    EXTI_DeInit                              0x08000821   Thumb Code    28  stm32f4xx_exti.o(.text)
    EXTI_Init                                0x0800083d   Thumb Code   108  stm32f4xx_exti.o(.text)
    EXTI_StructInit                          0x080008a9   Thumb Code    14  stm32f4xx_exti.o(.text)
    EXTI_GenerateSWInterrupt                 0x080008b7   Thumb Code    12  stm32f4xx_exti.o(.text)
    EXTI_GetFlagStatus                       0x080008c3   Thumb Code    18  stm32f4xx_exti.o(.text)
    EXTI_ClearFlag                           0x080008d5   Thumb Code     8  stm32f4xx_exti.o(.text)
    EXTI_GetITStatus                         0x080008dd   Thumb Code    18  stm32f4xx_exti.o(.text)
    EXTI_ClearITPendingBit                   0x080008ef   Thumb Code     8  stm32f4xx_exti.o(.text)
    GPIO_DeInit                              0x08000901   Thumb Code   216  stm32f4xx_gpio.o(.text)
    GPIO_Init                                0x080009d9   Thumb Code   120  stm32f4xx_gpio.o(.text)
    GPIO_StructInit                          0x08000a51   Thumb Code    18  stm32f4xx_gpio.o(.text)
    GPIO_PinLockConfig                       0x08000a63   Thumb Code    24  stm32f4xx_gpio.o(.text)
    GPIO_ReadInputDataBit                    0x08000a7b   Thumb Code    14  stm32f4xx_gpio.o(.text)
    GPIO_ReadInputData                       0x08000a89   Thumb Code     6  stm32f4xx_gpio.o(.text)
    GPIO_ReadOutputDataBit                   0x08000a8f   Thumb Code    14  stm32f4xx_gpio.o(.text)
    GPIO_ReadOutputData                      0x08000a9d   Thumb Code     6  stm32f4xx_gpio.o(.text)
    GPIO_SetBits                             0x08000aa3   Thumb Code     4  stm32f4xx_gpio.o(.text)
    GPIO_ResetBits                           0x08000aa7   Thumb Code     4  stm32f4xx_gpio.o(.text)
    GPIO_WriteBit                            0x08000aab   Thumb Code    10  stm32f4xx_gpio.o(.text)
    GPIO_Write                               0x08000ab5   Thumb Code     4  stm32f4xx_gpio.o(.text)
    GPIO_ToggleBits                          0x08000ab9   Thumb Code     8  stm32f4xx_gpio.o(.text)
    GPIO_PinAFConfig                         0x08000ac1   Thumb Code    32  stm32f4xx_gpio.o(.text)
    I2C_DeInit                               0x08000b0d   Thumb Code    56  stm32f4xx_i2c.o(.text)
    I2C_Init                                 0x08000b45   Thumb Code   172  stm32f4xx_i2c.o(.text)
    I2C_StructInit                           0x08000bf1   Thumb Code    28  stm32f4xx_i2c.o(.text)
    I2C_Cmd                                  0x08000c0d   Thumb Code    20  stm32f4xx_i2c.o(.text)
    I2C_AnalogFilterCmd                      0x08000c21   Thumb Code    20  stm32f4xx_i2c.o(.text)
    I2C_DigitalFilterConfig                  0x08000c35   Thumb Code    16  stm32f4xx_i2c.o(.text)
    I2C_GenerateSTART                        0x08000c45   Thumb Code    20  stm32f4xx_i2c.o(.text)
    I2C_GenerateSTOP                         0x08000c59   Thumb Code    20  stm32f4xx_i2c.o(.text)
    I2C_Send7bitAddress                      0x08000c6d   Thumb Code    16  stm32f4xx_i2c.o(.text)
    I2C_AcknowledgeConfig                    0x08000c7d   Thumb Code    20  stm32f4xx_i2c.o(.text)
    I2C_OwnAddress2Config                    0x08000c91   Thumb Code    16  stm32f4xx_i2c.o(.text)
    I2C_DualAddressCmd                       0x08000ca1   Thumb Code    20  stm32f4xx_i2c.o(.text)
    I2C_GeneralCallCmd                       0x08000cb5   Thumb Code    20  stm32f4xx_i2c.o(.text)
    I2C_SoftwareResetCmd                     0x08000cc9   Thumb Code    20  stm32f4xx_i2c.o(.text)
    I2C_StretchClockCmd                      0x08000cdd   Thumb Code    20  stm32f4xx_i2c.o(.text)
    I2C_FastModeDutyCycleConfig              0x08000cf1   Thumb Code    22  stm32f4xx_i2c.o(.text)
    I2C_NACKPositionConfig                   0x08000d07   Thumb Code    22  stm32f4xx_i2c.o(.text)
    I2C_SMBusAlertConfig                     0x08000d1d   Thumb Code    22  stm32f4xx_i2c.o(.text)
    I2C_ARPCmd                               0x08000d33   Thumb Code    20  stm32f4xx_i2c.o(.text)
    I2C_SendData                             0x08000d47   Thumb Code     4  stm32f4xx_i2c.o(.text)
    I2C_ReceiveData                          0x08000d4b   Thumb Code     6  stm32f4xx_i2c.o(.text)
    I2C_TransmitPEC                          0x08000d51   Thumb Code    20  stm32f4xx_i2c.o(.text)
    I2C_PECPositionConfig                    0x08000d65   Thumb Code    22  stm32f4xx_i2c.o(.text)
    I2C_CalculatePEC                         0x08000d7b   Thumb Code    20  stm32f4xx_i2c.o(.text)
    I2C_GetPEC                               0x08000d8f   Thumb Code     6  stm32f4xx_i2c.o(.text)
    I2C_DMACmd                               0x08000d95   Thumb Code    20  stm32f4xx_i2c.o(.text)
    I2C_DMALastTransferCmd                   0x08000da9   Thumb Code    20  stm32f4xx_i2c.o(.text)
    I2C_ReadRegister                         0x08000dbd   Thumb Code    10  stm32f4xx_i2c.o(.text)
    I2C_ITConfig                             0x08000dc7   Thumb Code    16  stm32f4xx_i2c.o(.text)
    I2C_CheckEvent                           0x08000dd7   Thumb Code    24  stm32f4xx_i2c.o(.text)
    I2C_GetLastEvent                         0x08000def   Thumb Code    14  stm32f4xx_i2c.o(.text)
    I2C_GetFlagStatus                        0x08000dfd   Thumb Code    42  stm32f4xx_i2c.o(.text)
    I2C_ClearFlag                            0x08000e27   Thumb Code     6  stm32f4xx_i2c.o(.text)
    I2C_GetITStatus                          0x08000e2d   Thumb Code    36  stm32f4xx_i2c.o(.text)
    I2C_ClearITPendingBit                    0x08000e51   Thumb Code     6  stm32f4xx_i2c.o(.text)
    RCC_DeInit                               0x08000e6d   Thumb Code    68  stm32f4xx_rcc.o(.text)
    RCC_HSEConfig                            0x08000eb1   Thumb Code    12  stm32f4xx_rcc.o(.text)
    RCC_GetFlagStatus                        0x08000ebd   Thumb Code    46  stm32f4xx_rcc.o(.text)
    RCC_WaitForHSEStartUp                    0x08000eeb   Thumb Code    44  stm32f4xx_rcc.o(.text)
    RCC_AdjustHSICalibrationValue            0x08000f17   Thumb Code    16  stm32f4xx_rcc.o(.text)
    RCC_HSICmd                               0x08000f27   Thumb Code     6  stm32f4xx_rcc.o(.text)
    RCC_LSEConfig                            0x08000f2d   Thumb Code    24  stm32f4xx_rcc.o(.text)
    RCC_LSICmd                               0x08000f45   Thumb Code     6  stm32f4xx_rcc.o(.text)
    RCC_PLLConfig                            0x08000f4b   Thumb Code    32  stm32f4xx_rcc.o(.text)
    RCC_PLLCmd                               0x08000f6b   Thumb Code     6  stm32f4xx_rcc.o(.text)
    RCC_PLLI2SConfig                         0x08000f71   Thumb Code    18  stm32f4xx_rcc.o(.text)
    RCC_PLLI2SCmd                            0x08000f83   Thumb Code     6  stm32f4xx_rcc.o(.text)
    RCC_PLLSAIConfig                         0x08000f89   Thumb Code    18  stm32f4xx_rcc.o(.text)
    RCC_PLLSAICmd                            0x08000f9b   Thumb Code     6  stm32f4xx_rcc.o(.text)
    RCC_ClockSecuritySystemCmd               0x08000fa1   Thumb Code     6  stm32f4xx_rcc.o(.text)
    RCC_MCO1Config                           0x08000fa7   Thumb Code    18  stm32f4xx_rcc.o(.text)
    RCC_MCO2Config                           0x08000fb9   Thumb Code    18  stm32f4xx_rcc.o(.text)
    RCC_SYSCLKConfig                         0x08000fcb   Thumb Code    16  stm32f4xx_rcc.o(.text)
    RCC_GetSYSCLKSource                      0x08000fdb   Thumb Code    12  stm32f4xx_rcc.o(.text)
    RCC_HCLKConfig                           0x08000fe7   Thumb Code    16  stm32f4xx_rcc.o(.text)
    RCC_PCLK1Config                          0x08000ff7   Thumb Code    16  stm32f4xx_rcc.o(.text)
    RCC_PCLK2Config                          0x08001007   Thumb Code    18  stm32f4xx_rcc.o(.text)
    RCC_GetClocksFreq                        0x08001019   Thumb Code   134  stm32f4xx_rcc.o(.text)
    RCC_RTCCLKConfig                         0x0800109f   Thumb Code    42  stm32f4xx_rcc.o(.text)
    RCC_RTCCLKCmd                            0x080010c9   Thumb Code     8  stm32f4xx_rcc.o(.text)
    RCC_BackupResetCmd                       0x080010d1   Thumb Code     8  stm32f4xx_rcc.o(.text)
    RCC_I2SCLKConfig                         0x080010d9   Thumb Code     6  stm32f4xx_rcc.o(.text)
    RCC_SAIPLLI2SClkDivConfig                0x080010df   Thumb Code    18  stm32f4xx_rcc.o(.text)
    RCC_SAIPLLSAIClkDivConfig                0x080010f1   Thumb Code    24  stm32f4xx_rcc.o(.text)
    RCC_SAIBlockACLKConfig                   0x08001109   Thumb Code    16  stm32f4xx_rcc.o(.text)
    RCC_SAIBlockBCLKConfig                   0x08001119   Thumb Code    16  stm32f4xx_rcc.o(.text)
    RCC_LTDCCLKDivConfig                     0x08001129   Thumb Code    16  stm32f4xx_rcc.o(.text)
    RCC_TIMCLKPresConfig                     0x08001139   Thumb Code     6  stm32f4xx_rcc.o(.text)
    RCC_AHB1PeriphClockCmd                   0x0800113f   Thumb Code    20  stm32f4xx_rcc.o(.text)
    RCC_AHB2PeriphClockCmd                   0x08001153   Thumb Code    20  stm32f4xx_rcc.o(.text)
    RCC_AHB3PeriphClockCmd                   0x08001167   Thumb Code    20  stm32f4xx_rcc.o(.text)
    RCC_APB1PeriphClockCmd                   0x0800117b   Thumb Code    20  stm32f4xx_rcc.o(.text)
    RCC_APB2PeriphClockCmd                   0x0800118f   Thumb Code    20  stm32f4xx_rcc.o(.text)
    RCC_AHB1PeriphResetCmd                   0x080011a3   Thumb Code    20  stm32f4xx_rcc.o(.text)
    RCC_AHB2PeriphResetCmd                   0x080011b7   Thumb Code    20  stm32f4xx_rcc.o(.text)
    RCC_AHB3PeriphResetCmd                   0x080011cb   Thumb Code    20  stm32f4xx_rcc.o(.text)
    RCC_APB1PeriphResetCmd                   0x080011df   Thumb Code    20  stm32f4xx_rcc.o(.text)
    RCC_APB2PeriphResetCmd                   0x080011f3   Thumb Code    20  stm32f4xx_rcc.o(.text)
    RCC_AHB1PeriphClockLPModeCmd             0x08001207   Thumb Code    20  stm32f4xx_rcc.o(.text)
    RCC_AHB2PeriphClockLPModeCmd             0x0800121b   Thumb Code    20  stm32f4xx_rcc.o(.text)
    RCC_AHB3PeriphClockLPModeCmd             0x0800122f   Thumb Code    20  stm32f4xx_rcc.o(.text)
    RCC_APB1PeriphClockLPModeCmd             0x08001243   Thumb Code    68  stm32f4xx_rcc.o(.text)
    RCC_APB2PeriphClockLPModeCmd             0x08001287   Thumb Code    18  stm32f4xx_rcc.o(.text)
    RCC_ITConfig                             0x08001299   Thumb Code    20  stm32f4xx_rcc.o(.text)
    RCC_ClearFlag                            0x080012ad   Thumb Code    14  stm32f4xx_rcc.o(.text)
    RCC_GetITStatus                          0x080012bb   Thumb Code    18  stm32f4xx_rcc.o(.text)
    RCC_ClearITPendingBit                    0x080012cd   Thumb Code     8  stm32f4xx_rcc.o(.text)
    SPI_I2S_DeInit                           0x080012d9   Thumb Code   108  stm32f4xx_spi.o(.text)
    SPI_Init                                 0x08001345   Thumb Code    56  stm32f4xx_spi.o(.text)
    I2S_Init                                 0x0800137d   Thumb Code   188  stm32f4xx_spi.o(.text)
    SPI_StructInit                           0x08001439   Thumb Code    24  stm32f4xx_spi.o(.text)
    I2S_StructInit                           0x08001451   Thumb Code    18  stm32f4xx_spi.o(.text)
    SPI_Cmd                                  0x08001463   Thumb Code    20  stm32f4xx_spi.o(.text)
    I2S_Cmd                                  0x08001477   Thumb Code    20  stm32f4xx_spi.o(.text)
    SPI_DataSizeConfig                       0x0800148b   Thumb Code    16  stm32f4xx_spi.o(.text)
    SPI_BiDirectionalLineConfig              0x0800149b   Thumb Code    22  stm32f4xx_spi.o(.text)
    SPI_NSSInternalSoftwareConfig            0x080014b1   Thumb Code    24  stm32f4xx_spi.o(.text)
    SPI_SSOutputCmd                          0x080014c9   Thumb Code    20  stm32f4xx_spi.o(.text)
    SPI_TIModeCmd                            0x080014dd   Thumb Code    20  stm32f4xx_spi.o(.text)
    I2S_FullDuplexConfig                     0x080014f1   Thumb Code    58  stm32f4xx_spi.o(.text)
    SPI_I2S_ReceiveData                      0x0800152b   Thumb Code     4  stm32f4xx_spi.o(.text)
    SPI_I2S_SendData                         0x0800152f   Thumb Code     4  stm32f4xx_spi.o(.text)
    SPI_CalculateCRC                         0x08001533   Thumb Code    20  stm32f4xx_spi.o(.text)
    SPI_TransmitCRC                          0x08001547   Thumb Code    10  stm32f4xx_spi.o(.text)
    SPI_GetCRC                               0x08001551   Thumb Code    12  stm32f4xx_spi.o(.text)
    SPI_GetCRCPolynomial                     0x0800155d   Thumb Code     4  stm32f4xx_spi.o(.text)
    SPI_I2S_DMACmd                           0x08001561   Thumb Code    16  stm32f4xx_spi.o(.text)
    SPI_I2S_ITConfig                         0x08001571   Thumb Code    24  stm32f4xx_spi.o(.text)
    SPI_I2S_GetFlagStatus                    0x08001589   Thumb Code    14  stm32f4xx_spi.o(.text)
    SPI_I2S_ClearFlag                        0x08001597   Thumb Code     6  stm32f4xx_spi.o(.text)
    SPI_I2S_GetITStatus                      0x0800159d   Thumb Code    44  stm32f4xx_spi.o(.text)
    SPI_I2S_ClearITPendingBit                0x080015c9   Thumb Code    14  stm32f4xx_spi.o(.text)
    SYSCFG_DeInit                            0x080015f9   Thumb Code    24  stm32f4xx_syscfg.o(.text)
    SYSCFG_MemoryRemapConfig                 0x08001611   Thumb Code     6  stm32f4xx_syscfg.o(.text)
    SYSCFG_MemorySwappingBank                0x08001617   Thumb Code     6  stm32f4xx_syscfg.o(.text)
    SYSCFG_EXTILineConfig                    0x0800161d   Thumb Code    36  stm32f4xx_syscfg.o(.text)
    SYSCFG_ETH_MediaInterfaceConfig          0x08001641   Thumb Code     8  stm32f4xx_syscfg.o(.text)
    SYSCFG_CompensationCellCmd               0x08001649   Thumb Code     6  stm32f4xx_syscfg.o(.text)
    SYSCFG_GetCompensationCellStatus         0x0800164f   Thumb Code    16  stm32f4xx_syscfg.o(.text)
    USART_DeInit                             0x0800166d   Thumb Code   138  stm32f4xx_usart.o(.text)
    USART_Init                               0x080016f7   Thumb Code   174  stm32f4xx_usart.o(.text)
    USART_StructInit                         0x080017a5   Thumb Code    22  stm32f4xx_usart.o(.text)
    USART_ClockInit                          0x080017bb   Thumb Code    28  stm32f4xx_usart.o(.text)
    USART_ClockStructInit                    0x080017d7   Thumb Code    12  stm32f4xx_usart.o(.text)
    USART_Cmd                                0x080017e3   Thumb Code    20  stm32f4xx_usart.o(.text)
    USART_SetPrescaler                       0x080017f7   Thumb Code    16  stm32f4xx_usart.o(.text)
    USART_OverSampling8Cmd                   0x08001807   Thumb Code    20  stm32f4xx_usart.o(.text)
    USART_OneBitMethodCmd                    0x0800181b   Thumb Code    20  stm32f4xx_usart.o(.text)
    USART_SendData                           0x0800182f   Thumb Code     8  stm32f4xx_usart.o(.text)
    USART_ReceiveData                        0x08001837   Thumb Code     8  stm32f4xx_usart.o(.text)
    USART_SetAddress                         0x0800183f   Thumb Code    16  stm32f4xx_usart.o(.text)
    USART_ReceiverWakeUpCmd                  0x0800184f   Thumb Code    20  stm32f4xx_usart.o(.text)
    USART_WakeUpConfig                       0x08001863   Thumb Code    16  stm32f4xx_usart.o(.text)
    USART_LINBreakDetectLengthConfig         0x08001873   Thumb Code    16  stm32f4xx_usart.o(.text)
    USART_LINCmd                             0x08001883   Thumb Code    20  stm32f4xx_usart.o(.text)
    USART_SendBreak                          0x08001897   Thumb Code    10  stm32f4xx_usart.o(.text)
    USART_HalfDuplexCmd                      0x080018a1   Thumb Code    20  stm32f4xx_usart.o(.text)
    USART_SetGuardTime                       0x080018b5   Thumb Code    16  stm32f4xx_usart.o(.text)
    USART_SmartCardCmd                       0x080018c5   Thumb Code    20  stm32f4xx_usart.o(.text)
    USART_SmartCardNACKCmd                   0x080018d9   Thumb Code    20  stm32f4xx_usart.o(.text)
    USART_IrDAConfig                         0x080018ed   Thumb Code    16  stm32f4xx_usart.o(.text)
    USART_IrDACmd                            0x080018fd   Thumb Code    20  stm32f4xx_usart.o(.text)
    USART_DMACmd                             0x08001911   Thumb Code    16  stm32f4xx_usart.o(.text)
    USART_ITConfig                           0x08001921   Thumb Code    48  stm32f4xx_usart.o(.text)
    USART_GetFlagStatus                      0x08001951   Thumb Code    14  stm32f4xx_usart.o(.text)
    USART_ClearFlag                          0x0800195f   Thumb Code     6  stm32f4xx_usart.o(.text)
    USART_GetITStatus                        0x08001965   Thumb Code    62  stm32f4xx_usart.o(.text)
    USART_ClearITPendingBit                  0x080019a3   Thumb Code    12  stm32f4xx_usart.o(.text)
    TIM_DeInit                               0x080019d1   Thumb Code   284  stm32f4xx_tim.o(.text)
    TIM_TimeBaseInit                         0x08001aed   Thumb Code    96  stm32f4xx_tim.o(.text)
    TIM_TimeBaseStructInit                   0x08001b4d   Thumb Code    18  stm32f4xx_tim.o(.text)
    TIM_PrescalerConfig                      0x08001b5f   Thumb Code     6  stm32f4xx_tim.o(.text)
    TIM_CounterModeConfig                    0x08001b65   Thumb Code    12  stm32f4xx_tim.o(.text)
    TIM_SetCounter                           0x08001b71   Thumb Code     4  stm32f4xx_tim.o(.text)
    TIM_SetAutoreload                        0x08001b75   Thumb Code     4  stm32f4xx_tim.o(.text)
    TIM_GetCounter                           0x08001b79   Thumb Code     4  stm32f4xx_tim.o(.text)
    TIM_GetPrescaler                         0x08001b7d   Thumb Code     4  stm32f4xx_tim.o(.text)
    TIM_UpdateDisableConfig                  0x08001b81   Thumb Code    20  stm32f4xx_tim.o(.text)
    TIM_UpdateRequestConfig                  0x08001b95   Thumb Code    20  stm32f4xx_tim.o(.text)
    TIM_ARRPreloadConfig                     0x08001ba9   Thumb Code    20  stm32f4xx_tim.o(.text)
    TIM_SelectOnePulseMode                   0x08001bbd   Thumb Code    16  stm32f4xx_tim.o(.text)
    TIM_SetClockDivision                     0x08001bcd   Thumb Code    16  stm32f4xx_tim.o(.text)
    TIM_Cmd                                  0x08001bdd   Thumb Code    20  stm32f4xx_tim.o(.text)
    TIM_OC1Init                              0x08001bf1   Thumb Code    88  stm32f4xx_tim.o(.text)
    TIM_OC2Init                              0x08001c49   Thumb Code   120  stm32f4xx_tim.o(.text)
    TIM_OC3Init                              0x08001cc1   Thumb Code   116  stm32f4xx_tim.o(.text)
    TIM_OC4Init                              0x08001d35   Thumb Code    88  stm32f4xx_tim.o(.text)
    TIM_OCStructInit                         0x08001d8d   Thumb Code    20  stm32f4xx_tim.o(.text)
    TIM_SelectOCxM                           0x08001da1   Thumb Code   130  stm32f4xx_tim.o(.text)
    TIM_SetCompare1                          0x08001e23   Thumb Code     4  stm32f4xx_tim.o(.text)
    TIM_SetCompare2                          0x08001e27   Thumb Code     4  stm32f4xx_tim.o(.text)
    TIM_SetCompare3                          0x08001e2b   Thumb Code     4  stm32f4xx_tim.o(.text)
    TIM_SetCompare4                          0x08001e2f   Thumb Code     4  stm32f4xx_tim.o(.text)
    TIM_ForcedOC1Config                      0x08001e33   Thumb Code    12  stm32f4xx_tim.o(.text)
    TIM_ForcedOC2Config                      0x08001e3f   Thumb Code    20  stm32f4xx_tim.o(.text)
    TIM_ForcedOC3Config                      0x08001e53   Thumb Code    12  stm32f4xx_tim.o(.text)
    TIM_ForcedOC4Config                      0x08001e5f   Thumb Code    20  stm32f4xx_tim.o(.text)
    TIM_OC1PreloadConfig                     0x08001e73   Thumb Code    12  stm32f4xx_tim.o(.text)
    TIM_OC2PreloadConfig                     0x08001e7f   Thumb Code    20  stm32f4xx_tim.o(.text)
    TIM_OC3PreloadConfig                     0x08001e93   Thumb Code    12  stm32f4xx_tim.o(.text)
    TIM_OC4PreloadConfig                     0x08001e9f   Thumb Code    20  stm32f4xx_tim.o(.text)
    TIM_OC1FastConfig                        0x08001eb3   Thumb Code    12  stm32f4xx_tim.o(.text)
    TIM_OC2FastConfig                        0x08001ebf   Thumb Code    20  stm32f4xx_tim.o(.text)
    TIM_OC3FastConfig                        0x08001ed3   Thumb Code    12  stm32f4xx_tim.o(.text)
    TIM_OC4FastConfig                        0x08001edf   Thumb Code    20  stm32f4xx_tim.o(.text)
    TIM_ClearOC1Ref                          0x08001ef3   Thumb Code    12  stm32f4xx_tim.o(.text)
    TIM_ClearOC2Ref                          0x08001eff   Thumb Code    20  stm32f4xx_tim.o(.text)
    TIM_ClearOC3Ref                          0x08001f13   Thumb Code    12  stm32f4xx_tim.o(.text)
    TIM_ClearOC4Ref                          0x08001f1f   Thumb Code    20  stm32f4xx_tim.o(.text)
    TIM_OC1PolarityConfig                    0x08001f33   Thumb Code    12  stm32f4xx_tim.o(.text)
    TIM_OC1NPolarityConfig                   0x08001f3f   Thumb Code    12  stm32f4xx_tim.o(.text)
    TIM_OC2PolarityConfig                    0x08001f4b   Thumb Code    20  stm32f4xx_tim.o(.text)
    TIM_OC2NPolarityConfig                   0x08001f5f   Thumb Code    20  stm32f4xx_tim.o(.text)
    TIM_OC3PolarityConfig                    0x08001f73   Thumb Code    20  stm32f4xx_tim.o(.text)
    TIM_OC3NPolarityConfig                   0x08001f87   Thumb Code    20  stm32f4xx_tim.o(.text)
    TIM_OC4PolarityConfig                    0x08001f9b   Thumb Code    20  stm32f4xx_tim.o(.text)
    TIM_CCxCmd                               0x08001faf   Thumb Code    22  stm32f4xx_tim.o(.text)
    TIM_CCxNCmd                              0x08001fc5   Thumb Code    22  stm32f4xx_tim.o(.text)
    TIM_SetIC4Prescaler                      0x08001fdb   Thumb Code    24  stm32f4xx_tim.o(.text)
    TIM_SetIC3Prescaler                      0x08001ff3   Thumb Code    16  stm32f4xx_tim.o(.text)
    TIM_SetIC2Prescaler                      0x08002003   Thumb Code    24  stm32f4xx_tim.o(.text)
    TIM_SetIC1Prescaler                      0x08002051   Thumb Code    16  stm32f4xx_tim.o(.text)
    TIM_ICInit                               0x08002061   Thumb Code   164  stm32f4xx_tim.o(.text)
    TIM_ICStructInit                         0x08002105   Thumb Code    16  stm32f4xx_tim.o(.text)
    TIM_PWMIConfig                           0x08002115   Thumb Code   104  stm32f4xx_tim.o(.text)
    TIM_GetCapture1                          0x0800217d   Thumb Code     4  stm32f4xx_tim.o(.text)
    TIM_GetCapture2                          0x08002181   Thumb Code     4  stm32f4xx_tim.o(.text)
    TIM_GetCapture3                          0x08002185   Thumb Code     4  stm32f4xx_tim.o(.text)
    TIM_GetCapture4                          0x08002189   Thumb Code     4  stm32f4xx_tim.o(.text)
    TIM_BDTRConfig                           0x0800218d   Thumb Code    34  stm32f4xx_tim.o(.text)
    TIM_BDTRStructInit                       0x080021af   Thumb Code    18  stm32f4xx_tim.o(.text)
    TIM_CtrlPWMOutputs                       0x080021c1   Thumb Code    22  stm32f4xx_tim.o(.text)
    TIM_SelectCOM                            0x080021d7   Thumb Code    20  stm32f4xx_tim.o(.text)
    TIM_CCPreloadControl                     0x080021eb   Thumb Code    20  stm32f4xx_tim.o(.text)
    TIM_ITConfig                             0x080021ff   Thumb Code    16  stm32f4xx_tim.o(.text)
    TIM_GenerateEvent                        0x0800220f   Thumb Code     4  stm32f4xx_tim.o(.text)
    TIM_GetFlagStatus                        0x08002213   Thumb Code    14  stm32f4xx_tim.o(.text)
    TIM_ClearFlag                            0x08002221   Thumb Code     6  stm32f4xx_tim.o(.text)
    TIM_GetITStatus                          0x08002227   Thumb Code    24  stm32f4xx_tim.o(.text)
    TIM_ClearITPendingBit                    0x0800223f   Thumb Code     6  stm32f4xx_tim.o(.text)
    TIM_DMAConfig                            0x08002245   Thumb Code     8  stm32f4xx_tim.o(.text)
    TIM_DMACmd                               0x0800224d   Thumb Code    16  stm32f4xx_tim.o(.text)
    TIM_SelectCCDMA                          0x0800225d   Thumb Code    20  stm32f4xx_tim.o(.text)
    TIM_InternalClockConfig                  0x08002271   Thumb Code    10  stm32f4xx_tim.o(.text)
    TIM_SelectInputTrigger                   0x0800227b   Thumb Code    12  stm32f4xx_tim.o(.text)
    TIM_ITRxExternalClockConfig              0x08002287   Thumb Code    18  stm32f4xx_tim.o(.text)
    TIM_TIxExternalClockConfig               0x08002299   Thumb Code    46  stm32f4xx_tim.o(.text)
    TIM_ETRConfig                            0x080022c7   Thumb Code    24  stm32f4xx_tim.o(.text)
    TIM_ETRClockMode1Config                  0x080022df   Thumb Code    18  stm32f4xx_tim.o(.text)
    TIM_ETRClockMode2Config                  0x080022f1   Thumb Code    18  stm32f4xx_tim.o(.text)
    TIM_SelectOutputTrigger                  0x08002303   Thumb Code    16  stm32f4xx_tim.o(.text)
    TIM_SelectSlaveMode                      0x08002313   Thumb Code    16  stm32f4xx_tim.o(.text)
    TIM_SelectMasterSlaveMode                0x08002323   Thumb Code    16  stm32f4xx_tim.o(.text)
    TIM_EncoderInterfaceConfig               0x08002333   Thumb Code    50  stm32f4xx_tim.o(.text)
    TIM_SelectHallSensor                     0x08002365   Thumb Code    20  stm32f4xx_tim.o(.text)
    TIM_RemapConfig                          0x08002379   Thumb Code     6  stm32f4xx_tim.o(.text)
    main                                     0x080023ad   Thumb Code   104  main.o(.text)
    queue_init                               0x08002425   Thumb Code    18  queue.o(.text)
    queue_is_empty                           0x08002437   Thumb Code    12  queue.o(.text)
    queue_is_full                            0x08002443   Thumb Code    14  queue.o(.text)
    queue_push                               0x08002451   Thumb Code    32  queue.o(.text)
    queue_pop                                0x08002471   Thumb Code    50  queue.o(.text)
    queue_peek                               0x080024a3   Thumb Code    26  queue.o(.text)
    NMI_Handler                              0x080024bd   Thumb Code     2  stm32f4xx_it.o(.text)
    HardFault_Handler                        0x080024bf   Thumb Code     2  stm32f4xx_it.o(.text)
    MemManage_Handler                        0x080024c1   Thumb Code     2  stm32f4xx_it.o(.text)
    BusFault_Handler                         0x080024c3   Thumb Code     2  stm32f4xx_it.o(.text)
    UsageFault_Handler                       0x080024c5   Thumb Code     2  stm32f4xx_it.o(.text)
    SVC_Handler                              0x080024c7   Thumb Code     2  stm32f4xx_it.o(.text)
    DebugMon_Handler                         0x080024c9   Thumb Code     2  stm32f4xx_it.o(.text)
    PendSV_Handler                           0x080024cb   Thumb Code     2  stm32f4xx_it.o(.text)
    SysTick_Handler                          0x080024cd   Thumb Code     2  stm32f4xx_it.o(.text)
    USART3_IRQHandler                        0x080024cf   Thumb Code   120  stm32f4xx_it.o(.text)
    SPI3_IRQHandler                          0x08002547   Thumb Code    28  stm32f4xx_it.o(.text)
    TIM3_IRQHandler                          0x08002563   Thumb Code    58  stm32f4xx_it.o(.text)
    TIM4_IRQHandler                          0x0800259d   Thumb Code    74  stm32f4xx_it.o(.text)
    student_info                             0x08002605   Thumb Code    24  student_info.o(.text)
    uart_interrupt_init                      0x08002625   Thumb Code   170  uart_isr_configuration.o(.text)
    queue_push_string                        0x080026cf   Thumb Code    32  uart_isr_configuration.o(.text)
    uart_send                                0x080026ef   Thumb Code    34  uart_isr_configuration.o(.text)
    uart_receive                             0x08002711   Thumb Code    28  uart_isr_configuration.o(.text)
    from_receive_to_send                     0x0800272d   Thumb Code    54  uart_isr_configuration.o(.text)
    option2_print_result                     0x08002775   Thumb Code    64  basic_operation.o(.text)
    get_input_number                         0x080027b5   Thumb Code    74  basic_operation.o(.text)
    option2_input                            0x080027ff   Thumb Code    50  basic_operation.o(.text)
    module                                   0x08002831   Thumb Code    94  basic_operation.o(.text)
    divide                                   0x0800288f   Thumb Code    66  basic_operation.o(.text)
    multiply                                 0x080028d1   Thumb Code    38  basic_operation.o(.text)
    subtract                                 0x080028f7   Thumb Code    38  basic_operation.o(.text)
    plus                                     0x0800291d   Thumb Code    38  basic_operation.o(.text)
    basic_operation                          0x08002943   Thumb Code   118  basic_operation.o(.text)
    blink                                    0x08002a29   Thumb Code    96  simple_led.o(.text)
    simple_led                               0x08002a89   Thumb Code   142  simple_led.o(.text)
    SPI_Configuration                        0x08002b95   Thumb Code   352  advance_led.o(.text)
    advance_led                              0x08002cf5   Thumb Code    62  advance_led.o(.text)
    stopwatch                                0x08002d4d   Thumb Code   274  timer_counter.o(.text)
    countdown                                0x08002e5f   Thumb Code   158  timer_counter.o(.text)
    timer_counter                            0x08002efd   Thumb Code    86  timer_counter.o(.text)
    timer3_interrupt_init                    0x08002f53   Thumb Code    98  timer_counter.o(.text)
    timer4_interrupt_init                    0x08002fb5   Thumb Code    98  timer_counter.o(.text)
    STM_EVAL_LEDInit                         0x0800317d   Thumb Code    62  stm32f429i_discovery.o(.text)
    STM_EVAL_LEDOn                           0x080031bb   Thumb Code    18  stm32f429i_discovery.o(.text)
    STM_EVAL_LEDOff                          0x080031cd   Thumb Code    18  stm32f429i_discovery.o(.text)
    STM_EVAL_LEDToggle                       0x080031df   Thumb Code    22  stm32f429i_discovery.o(.text)
    STM_EVAL_PBInit                          0x080031f5   Thumb Code   150  stm32f429i_discovery.o(.text)
    STM_EVAL_PBGetState                      0x0800328b   Thumb Code    20  stm32f429i_discovery.o(.text)
    sEE_LowLevel_DeInit                      0x0800329f   Thumb Code   132  stm32f429i_discovery.o(.text)
    sEE_LowLevel_Init                        0x08003323   Thumb Code   302  stm32f429i_discovery.o(.text)
    sEE_LowLevel_DMAConfig                   0x08003451   Thumb Code    34  stm32f429i_discovery.o(.text)
    sEE_DeInit                               0x08003499   Thumb Code     4  stm32f429i_discovery_i2c_ee.o(.text)
    sEE_Init                                 0x0800349d   Thumb Code    80  stm32f429i_discovery_i2c_ee.o(.text)
    sEE_TIMEOUT_UserCallback                 0x080034ed   Thumb Code     2  stm32f429i_discovery_i2c_ee.o(.text)
    sEE_ReadBuffer                           0x080034ef   Thumb Code   492  stm32f429i_discovery_i2c_ee.o(.text)
    sEE_WritePage                            0x080036db   Thumb Code   244  stm32f429i_discovery_i2c_ee.o(.text)
    sEE_WaitEepromStandbyState               0x080037cf   Thumb Code   222  stm32f429i_discovery_i2c_ee.o(.text)
    sEE_WriteBuffer                          0x080038ad   Thumb Code   510  stm32f429i_discovery_i2c_ee.o(.text)
    DMA1_Stream4_IRQHandler                  0x08003aab   Thumb Code    86  stm32f429i_discovery_i2c_ee.o(.text)
    DMA1_Stream2_IRQHandler                  0x08003b01   Thumb Code    56  stm32f429i_discovery_i2c_ee.o(.text)
    free                                     0x08003b4d   Thumb Code    78  h1_free.o(.text)
    __2sprintf                               0x08003b9d   Thumb Code    34  noretval__2sprintf.o(.text)
    _printf_int_dec                          0x08003bc5   Thumb Code   102  _printf_dec.o(.text)
    __printf                                 0x08003c3d   Thumb Code   310  __printf_flags_wp.o(.text)
    atoi                                     0x08003d79   Thumb Code    26  atoi.o(.text)
    strlen                                   0x08003d93   Thumb Code    62  strlen.o(.text)
    __use_two_region_memory                  0x08003dd1   Thumb Code     2  heapauxi.o(.text)
    __rt_heap_escrow                         0x08003dd3   Thumb Code     2  heapauxi.o(.text)
    __rt_heap_expand                         0x08003dd5   Thumb Code     2  heapauxi.o(.text)
    __rt_heap_descriptor                     0x08003dd9   Thumb Code     8  rt_heap_descriptor_intlibspace.o(.text)
    __aeabi_errno_addr                       0x08003de1   Thumb Code     8  rt_errno_addr_intlibspace.o(.text)
    __errno$intlibspace                      0x08003de1   Thumb Code     0  rt_errno_addr_intlibspace.o(.text)
    __rt_errno_addr$intlibspace              0x08003de1   Thumb Code     0  rt_errno_addr_intlibspace.o(.text)
    __read_errno                             0x08003de9   Thumb Code    10  _rserrno.o(.text)
    __set_errno                              0x08003df3   Thumb Code    12  _rserrno.o(.text)
    _printf_int_common                       0x08003dff   Thumb Code   184  _printf_intcommon.o(.text)
    __lib_sel_fp_printf                      0x08003eb7   Thumb Code     2  _printf_fp_dec.o(.text)
    _printf_fp_dec_real                      0x08004063   Thumb Code   628  _printf_fp_dec.o(.text)
    _printf_char_common                      0x080042e3   Thumb Code    32  _printf_char_common.o(.text)
    _sputc                                   0x08004309   Thumb Code    10  _sputc.o(.text)
    strtol                                   0x08004313   Thumb Code   112  strtol.o(.text)
    __user_libspace                          0x08004385   Thumb Code     8  libspace.o(.text)
    __user_perproc_libspace                  0x08004385   Thumb Code     0  libspace.o(.text)
    __user_perthread_libspace                0x08004385   Thumb Code     0  libspace.o(.text)
    __rt_ctype_table                         0x0800438d   Thumb Code    16  rt_ctype_table.o(.text)
    __rt_locale                              0x0800439d   Thumb Code     8  rt_locale_intlibspace.o(.text)
    _ll_udiv10                               0x080043a5   Thumb Code   138  lludiv10.o(.text)
    _printf_fp_infnan                        0x08004431   Thumb Code   112  _printf_fp_infnan.o(.text)
    _strtoul                                 0x080044b1   Thumb Code   158  _strtoul.o(.text)
    _btod_etento                             0x08004551   Thumb Code   222  bigflt0.o(.text)
    __user_setup_stackheap                   0x08004635   Thumb Code    74  sys_stackheap_outer.o(.text)
    _chval                                   0x0800467f   Thumb Code    28  _chval.o(.text)
    exit                                     0x0800469b   Thumb Code    12  exit.o(.text)
    strcmp                                   0x080046a9   Thumb Code   128  strcmpv7m.o(.text)
    _sys_exit                                0x08004729   Thumb Code     8  sys_exit.o(.text)
    __I$use$semihosting                      0x08004735   Thumb Code     0  use_no_semi.o(.text)
    __use_no_semihosting_swi                 0x08004735   Thumb Code     2  use_no_semi.o(.text)
    __semihosting_library_function           0x08004737   Thumb Code     0  indicate_semi.o(.text)
    _btod_d2e                                0x08004737   Thumb Code    62  btod.o(CL$$btod_d2e)
    _d2e_denorm_low                          0x08004775   Thumb Code    70  btod.o(CL$$btod_d2e_denorm_low)
    _d2e_norm_op1                            0x080047bb   Thumb Code    96  btod.o(CL$$btod_d2e_norm_op1)
    __btod_div_common                        0x0800481b   Thumb Code   696  btod.o(CL$$btod_div_common)
    _e2e                                     0x08004b53   Thumb Code   198  btod.o(CL$$btod_e2e)
    _btod_ediv                               0x08004c19   Thumb Code    40  btod.o(CL$$btod_ediv)
    _btod_emul                               0x08004c41   Thumb Code    40  btod.o(CL$$btod_emul)
    __btod_mult_common                       0x08004c69   Thumb Code   580  btod.o(CL$$btod_mult_common)
    __ARM_fpclassify                         0x08004ead   Thumb Code    48  fpclassify.o(i.__ARM_fpclassify)
    __hardfp_sqrt                            0x08004edd   Thumb Code   122  sqrt.o(i.__hardfp_sqrt)
    _is_digit                                0x08004f57   Thumb Code    14  __printf_wp.o(i._is_digit)
    _get_lc_numeric                          0x08004f65   Thumb Code    44  lc_numeric_c.o(locale$$code)
    _get_lc_ctype                            0x08004f91   Thumb Code    44  lc_ctype_c.o(locale$$code)
    __aeabi_d2f                              0x08004fbd   Thumb Code     0  d2f.o(x$fpl$d2f)
    _d2f                                     0x08004fbd   Thumb Code    98  d2f.o(x$fpl$d2f)
    __fpl_dnaninf                            0x0800501f   Thumb Code   156  dnaninf.o(x$fpl$dnaninf)
    __fpl_dretinf                            0x080050bb   Thumb Code    12  dretinf.o(x$fpl$dretinf)
    _dsqrt                                   0x080050c9   Thumb Code   404  dsqrt_umaal.o(x$fpl$dsqrt)
    __aeabi_f2d                              0x08005261   Thumb Code     0  f2d.o(x$fpl$f2d)
    _f2d                                     0x08005261   Thumb Code    86  f2d.o(x$fpl$f2d)
    __fpl_fnaninf                            0x080052b7   Thumb Code   140  fnaninf.o(x$fpl$fnaninf)
    _fp_init                                 0x08005343   Thumb Code    10  fpinit.o(x$fpl$fpinit)
    __fplib_config_fpu_vfp                   0x0800534b   Thumb Code     0  fpinit.o(x$fpl$fpinit)
    __fplib_config_pureend_doubles           0x0800534b   Thumb Code     0  fpinit.o(x$fpl$fpinit)
    __fpl_fretinf                            0x0800534d   Thumb Code    10  fretinf.o(x$fpl$fretinf)
    _printf_fp_dec                           0x08005357   Thumb Code     4  printf1.o(x$fpl$printf1)
    __I$use$fp                               0x0800535a   Number         0  usenofp.o(x$fpl$usenofp)
    BUTTON_PORT_SOURCE                       0x0800535c   Data           1  stm32f429i_discovery.o(.constdata)
    BUTTON_PIN_SOURCE                        0x0800535d   Data           1  stm32f429i_discovery.o(.constdata)
    BUTTON_IRQn                              0x0800535e   Data           1  stm32f429i_discovery.o(.constdata)
    BUTTON_PIN                               0x08005360   Data           2  stm32f429i_discovery.o(.constdata)
    BUTTON_EXTI_LINE                         0x08005362   Data           2  stm32f429i_discovery.o(.constdata)
    GPIO_PIN                                 0x08005364   Data           4  stm32f429i_discovery.o(.constdata)
    BUTTON_CLK                               0x08005368   Data           4  stm32f429i_discovery.o(.constdata)
    GPIO_CLK                                 0x0800536c   Data           8  stm32f429i_discovery.o(.constdata)
    Region$$Table$$Base                      0x080057c4   Number         0  anon$$obj.o(Region$$Table)
    Region$$Table$$Limit                     0x080057e4   Number         0  anon$$obj.o(Region$$Table)
    __ctype                                  0x0800580d   Data           0  lc_ctype_c.o(locale$$data)
    SystemCoreClock                          0x20000000   Data           4  system_stm32f4xx.o(.data)
    AHBPrescTable                            0x20000004   Data          16  system_stm32f4xx.o(.data)
    MAIN_MENU                                0x20000024   Data           4  main.o(.data)
    b_receive_done                           0x20000028   Data           1  stm32f4xx_it.o(.data)
    msgSend                                  0x20000029   Data           1  stm32f4xx_it.o(.data)
    msgReceive                               0x2000002a   Data           1  stm32f4xx_it.o(.data)
    b_success                                0x2000002b   Data           1  stm32f4xx_it.o(.data)
    SPI_data_get                             0x2000002c   Data           1  stm32f4xx_it.o(.data)
    time_count_down                          0x20000038   Data           4  stm32f4xx_it.o(.data)
    time_count_up                            0x2000003c   Data           4  stm32f4xx_it.o(.data)
    flag_time_update                         0x20000040   Data           4  stm32f4xx_it.o(.data)
    OPTION1                                  0x20000044   Data           4  student_info.o(.data)
    OPTION2                                  0x20000048   Data           4  basic_operation.o(.data)
    chooseOP2                                0x2000004c   Data           4  basic_operation.o(.data)
    c_result                                 0x20000050   Data           4  basic_operation.o(.data)
    i_result                                 0x20000054   Data           4  basic_operation.o(.data)
    OPTION3                                  0x20000058   Data           4  simple_led.o(.data)
    chooseOP3                                0x2000005c   Data           4  simple_led.o(.data)
    OPTION4                                  0x20000060   Data           4  advance_led.o(.data)
    OPTION5                                  0x20000064   Data           4  timer_counter.o(.data)
    chooseOP5                                0x20000068   Data           4  timer_counter.o(.data)
    BUTTON_PORT                              0x2000006c   Data           4  stm32f429i_discovery.o(.data)
    NVIC_InitStructure                       0x20000070   Data           4  stm32f429i_discovery.o(.data)
    GPIO_PORT                                0x20000074   Data           8  stm32f429i_discovery.o(.data)
    sEEDataNum                               0x2000007c   Data           1  stm32f429i_discovery_i2c_ee.o(.data)
    sEEAddress                               0x2000007e   Data           2  stm32f429i_discovery_i2c_ee.o(.data)
    sEETimeout                               0x20000080   Data           4  stm32f429i_discovery_i2c_ee.o(.data)
    sEEDataReadPointer                       0x20000084   Data           4  stm32f429i_discovery_i2c_ee.o(.data)
    sEEDataWritePointer                      0x20000088   Data           4  stm32f429i_discovery_i2c_ee.o(.data)
    queue_sender                             0x2000008c   Data         256  stm32f4xx_it.o(.bss)
    queue_receiver                           0x2000018c   Data         256  stm32f4xx_it.o(.bss)
    a_result                                 0x2000028c   Data         100  basic_operation.o(.bss)
    sEEDMA_InitStructure                     0x200002f0   Data          60  stm32f429i_discovery.o(.bss)
    __libspace_start                         0x2000032c   Data          96  libspace.o(.bss)
    __temporary_stack_top$libspace           0x2000038c   Data           0  libspace.o(.bss)



==============================================================================

Memory Map of the image

  Image Entry point : 0x08000279

  Load Region LR_1 (Base: 0x08000000, Size: 0x0000599c, Max: 0xffffffff, ABSOLUTE)

    Execution Region ER_RO (Base: 0x08000000, Size: 0x00005910, Max: 0xffffffff, ABSOLUTE)

    Base Addr    Size         Type   Attr      Idx    E Section Name        Object

    0x08000000   0x000001ac   Data   RO            3    RESET               startup_stm32f429_439xx.o
    0x080001ac   0x00000008   Code   RO         1381  * !!!main             c_w.l(__main.o)
    0x080001b4   0x00000034   Code   RO         1692    !!!scatter          c_w.l(__scatter.o)
    0x080001e8   0x0000001a   Code   RO         1694    !!handler_copy      c_w.l(__scatter_copy.o)
    0x08000202   0x00000002   PAD
    0x08000204   0x0000001c   Code   RO         1696    !!handler_zi        c_w.l(__scatter_zi.o)
    0x08000220   0x00000000   Code   RO         1374    .ARM.Collect$$_printf_percent$$00000000  c_w.l(_printf_percent.o)
    0x08000220   0x00000006   Code   RO         1373    .ARM.Collect$$_printf_percent$$00000003  c_w.l(_printf_f.o)
    0x08000226   0x00000006   Code   RO         1372    .ARM.Collect$$_printf_percent$$00000009  c_w.l(_printf_d.o)
    0x0800022c   0x00000004   Code   RO         1446    .ARM.Collect$$_printf_percent$$00000017  c_w.l(_printf_percent_end.o)
    0x08000230   0x00000002   Code   RO         1623    .ARM.Collect$$libinit$$00000000  c_w.l(libinit.o)
    0x08000232   0x00000004   Code   RO         1544    .ARM.Collect$$libinit$$00000001  c_w.l(libinit2.o)
    0x08000236   0x00000000   Code   RO         1548    .ARM.Collect$$libinit$$00000008  c_w.l(libinit2.o)
    0x08000236   0x00000000   Code   RO         1550    .ARM.Collect$$libinit$$0000000A  c_w.l(libinit2.o)
    0x08000236   0x00000000   Code   RO         1552    .ARM.Collect$$libinit$$0000000C  c_w.l(libinit2.o)
    0x08000236   0x00000006   Code   RO         1553    .ARM.Collect$$libinit$$0000000D  c_w.l(libinit2.o)
    0x0800023c   0x00000000   Code   RO         1555    .ARM.Collect$$libinit$$0000000F  c_w.l(libinit2.o)
    0x0800023c   0x0000000c   Code   RO         1556    .ARM.Collect$$libinit$$00000010  c_w.l(libinit2.o)
    0x08000248   0x00000000   Code   RO         1557    .ARM.Collect$$libinit$$00000011  c_w.l(libinit2.o)
    0x08000248   0x00000000   Code   RO         1559    .ARM.Collect$$libinit$$00000013  c_w.l(libinit2.o)
    0x08000248   0x0000000a   Code   RO         1560    .ARM.Collect$$libinit$$00000014  c_w.l(libinit2.o)
    0x08000252   0x00000000   Code   RO         1561    .ARM.Collect$$libinit$$00000015  c_w.l(libinit2.o)
    0x08000252   0x00000000   Code   RO         1563    .ARM.Collect$$libinit$$00000017  c_w.l(libinit2.o)
    0x08000252   0x00000000   Code   RO         1565    .ARM.Collect$$libinit$$00000019  c_w.l(libinit2.o)
    0x08000252   0x00000000   Code   RO         1567    .ARM.Collect$$libinit$$0000001B  c_w.l(libinit2.o)
    0x08000252   0x00000000   Code   RO         1569    .ARM.Collect$$libinit$$0000001D  c_w.l(libinit2.o)
    0x08000252   0x00000000   Code   RO         1571    .ARM.Collect$$libinit$$0000001F  c_w.l(libinit2.o)
    0x08000252   0x00000000   Code   RO         1573    .ARM.Collect$$libinit$$00000021  c_w.l(libinit2.o)
    0x08000252   0x00000000   Code   RO         1575    .ARM.Collect$$libinit$$00000023  c_w.l(libinit2.o)
    0x08000252   0x00000000   Code   RO         1579    .ARM.Collect$$libinit$$0000002A  c_w.l(libinit2.o)
    0x08000252   0x00000000   Code   RO         1581    .ARM.Collect$$libinit$$0000002C  c_w.l(libinit2.o)
    0x08000252   0x00000000   Code   RO         1583    .ARM.Collect$$libinit$$0000002E  c_w.l(libinit2.o)
    0x08000252   0x00000000   Code   RO         1585    .ARM.Collect$$libinit$$00000030  c_w.l(libinit2.o)
    0x08000252   0x00000002   Code   RO         1586    .ARM.Collect$$libinit$$00000031  c_w.l(libinit2.o)
    0x08000254   0x00000002   Code   RO         1689    .ARM.Collect$$libshutdown$$00000000  c_w.l(libshutdown.o)
    0x08000256   0x00000000   Code   RO         1647    .ARM.Collect$$libshutdown$$00000003  c_w.l(libshutdown2.o)
    0x08000256   0x00000000   Code   RO         1650    .ARM.Collect$$libshutdown$$00000006  c_w.l(libshutdown2.o)
    0x08000256   0x00000000   Code   RO         1653    .ARM.Collect$$libshutdown$$00000009  c_w.l(libshutdown2.o)
    0x08000256   0x00000000   Code   RO         1655    .ARM.Collect$$libshutdown$$0000000B  c_w.l(libshutdown2.o)
    0x08000256   0x00000000   Code   RO         1658    .ARM.Collect$$libshutdown$$0000000E  c_w.l(libshutdown2.o)
    0x08000256   0x00000002   Code   RO         1659    .ARM.Collect$$libshutdown$$0000000F  c_w.l(libshutdown2.o)
    0x08000258   0x00000000   Code   RO         1403    .ARM.Collect$$rtentry$$00000000  c_w.l(rtentry.o)
    0x08000258   0x00000000   Code   RO         1468    .ARM.Collect$$rtentry$$00000002  c_w.l(rtentry2.o)
    0x08000258   0x00000006   Code   RO         1480    .ARM.Collect$$rtentry$$00000004  c_w.l(rtentry4.o)
    0x0800025e   0x00000000   Code   RO         1470    .ARM.Collect$$rtentry$$00000009  c_w.l(rtentry2.o)
    0x0800025e   0x00000004   Code   RO         1471    .ARM.Collect$$rtentry$$0000000A  c_w.l(rtentry2.o)
    0x08000262   0x00000000   Code   RO         1473    .ARM.Collect$$rtentry$$0000000C  c_w.l(rtentry2.o)
    0x08000262   0x00000008   Code   RO         1474    .ARM.Collect$$rtentry$$0000000D  c_w.l(rtentry2.o)
    0x0800026a   0x00000002   Code   RO         1631    .ARM.Collect$$rtexit$$00000000  c_w.l(rtexit.o)
    0x0800026c   0x00000000   Code   RO         1663    .ARM.Collect$$rtexit$$00000002  c_w.l(rtexit2.o)
    0x0800026c   0x00000004   Code   RO         1664    .ARM.Collect$$rtexit$$00000003  c_w.l(rtexit2.o)
    0x08000270   0x00000006   Code   RO         1665    .ARM.Collect$$rtexit$$00000004  c_w.l(rtexit2.o)
    0x08000276   0x00000002   PAD
    0x08000278   0x00000040   Code   RO            4  * .text               startup_stm32f429_439xx.o
    0x080002b8   0x00000198   Code   RO           12    .text               system_stm32f4xx.o
    0x08000450   0x000000b0   Code   RO           97    .text               misc.o
    0x08000500   0x00000320   Code   RO          121    .text               stm32f4xx_dma.o
    0x08000820   0x000000e0   Code   RO          161    .text               stm32f4xx_exti.o
    0x08000900   0x0000020c   Code   RO          201    .text               stm32f4xx_gpio.o
    0x08000b0c   0x00000360   Code   RO          221    .text               stm32f4xx_i2c.o
    0x08000e6c   0x0000046c   Code   RO          261    .text               stm32f4xx_rcc.o
    0x080012d8   0x00000320   Code   RO          306    .text               stm32f4xx_spi.o
    0x080015f8   0x00000074   Code   RO          326    .text               stm32f4xx_syscfg.o
    0x0800166c   0x00000364   Code   RO          346    .text               stm32f4xx_usart.o
    0x080019d0   0x000009dc   Code   RO          790    .text               stm32f4xx_tim.o
    0x080023ac   0x00000078   Code   RO          837    .text               main.o
    0x08002424   0x00000098   Code   RO          903    .text               queue.o
    0x080024bc   0x00000148   Code   RO          924    .text               stm32f4xx_it.o
    0x08002604   0x00000020   Code   RO          955    .text               student_info.o
    0x08002624   0x00000150   Code   RO          985    .text               uart_isr_configuration.o
    0x08002774   0x000002b4   Code   RO         1006    .text               basic_operation.o
    0x08002a28   0x0000016c   Code   RO         1034    .text               simple_led.o
    0x08002b94   0x000001b8   Code   RO         1061    .text               advance_led.o
    0x08002d4c   0x00000430   Code   RO         1089    .text               timer_counter.o
    0x0800317c   0x0000031c   Code   RO         1116    .text               stm32f429i_discovery.o
    0x08003498   0x000006b4   Code   RO         1144    .text               stm32f429i_discovery_i2c_ee.o
    0x08003b4c   0x0000004e   Code   RO         1290    .text               c_w.l(h1_free.o)
    0x08003b9a   0x00000002   PAD
    0x08003b9c   0x00000028   Code   RO         1346    .text               c_w.l(noretval__2sprintf.o)
    0x08003bc4   0x00000078   Code   RO         1350    .text               c_w.l(_printf_dec.o)
    0x08003c3c   0x0000013c   Code   RO         1364    .text               c_w.l(__printf_flags_wp.o)
    0x08003d78   0x0000001a   Code   RO         1375    .text               c_w.l(atoi.o)
    0x08003d92   0x0000003e   Code   RO         1377    .text               c_w.l(strlen.o)
    0x08003dd0   0x00000006   Code   RO         1379    .text               c_w.l(heapauxi.o)
    0x08003dd6   0x00000002   PAD
    0x08003dd8   0x00000008   Code   RO         1407    .text               c_w.l(rt_heap_descriptor_intlibspace.o)
    0x08003de0   0x00000008   Code   RO         1412    .text               c_w.l(rt_errno_addr_intlibspace.o)
    0x08003de8   0x00000016   Code   RO         1436    .text               c_w.l(_rserrno.o)
    0x08003dfe   0x000000b8   Code   RO         1438    .text               c_w.l(_printf_intcommon.o)
    0x08003eb6   0x00000420   Code   RO         1440    .text               c_w.l(_printf_fp_dec.o)
    0x080042d6   0x00000002   PAD
    0x080042d8   0x00000030   Code   RO         1442    .text               c_w.l(_printf_char_common.o)
    0x08004308   0x0000000a   Code   RO         1444    .text               c_w.l(_sputc.o)
    0x08004312   0x00000070   Code   RO         1447    .text               c_w.l(strtol.o)
    0x08004382   0x00000002   PAD
    0x08004384   0x00000008   Code   RO         1464    .text               c_w.l(libspace.o)
    0x0800438c   0x00000010   Code   RO         1482    .text               c_w.l(rt_ctype_table.o)
    0x0800439c   0x00000008   Code   RO         1487    .text               c_w.l(rt_locale_intlibspace.o)
    0x080043a4   0x0000008a   Code   RO         1499    .text               c_w.l(lludiv10.o)
    0x0800442e   0x00000002   PAD
    0x08004430   0x00000080   Code   RO         1501    .text               c_w.l(_printf_fp_infnan.o)
    0x080044b0   0x0000009e   Code   RO         1505    .text               c_w.l(_strtoul.o)
    0x0800454e   0x00000002   PAD
    0x08004550   0x000000e4   Code   RO         1507    .text               c_w.l(bigflt0.o)
    0x08004634   0x0000004a   Code   RO         1595    .text               c_w.l(sys_stackheap_outer.o)
    0x0800467e   0x0000001c   Code   RO         1603    .text               c_w.l(_chval.o)
    0x0800469a   0x0000000c   Code   RO         1608    .text               c_w.l(exit.o)
    0x080046a6   0x00000002   PAD
    0x080046a8   0x00000080   Code   RO         1614    .text               c_w.l(strcmpv7m.o)
    0x08004728   0x0000000c   Code   RO         1626    .text               c_w.l(sys_exit.o)
    0x08004734   0x00000002   Code   RO         1628    .text               c_w.l(use_no_semi.o)
    0x08004736   0x00000000   Code   RO         1630    .text               c_w.l(indicate_semi.o)
    0x08004736   0x0000003e   Code   RO         1510    CL$$btod_d2e        c_w.l(btod.o)
    0x08004774   0x00000046   Code   RO         1512    CL$$btod_d2e_denorm_low  c_w.l(btod.o)
    0x080047ba   0x00000060   Code   RO         1511    CL$$btod_d2e_norm_op1  c_w.l(btod.o)
    0x0800481a   0x00000338   Code   RO         1520    CL$$btod_div_common  c_w.l(btod.o)
    0x08004b52   0x000000c6   Code   RO         1517    CL$$btod_e2e        c_w.l(btod.o)
    0x08004c18   0x00000028   Code   RO         1514    CL$$btod_ediv       c_w.l(btod.o)
    0x08004c40   0x00000028   Code   RO         1513    CL$$btod_emul       c_w.l(btod.o)
    0x08004c68   0x00000244   Code   RO         1519    CL$$btod_mult_common  c_w.l(btod.o)
    0x08004eac   0x00000030   Code   RO         1591    i.__ARM_fpclassify  m_wm.l(fpclassify.o)
    0x08004edc   0x0000007a   Code   RO         1389    i.__hardfp_sqrt     m_wm.l(sqrt.o)
    0x08004f56   0x0000000e   Code   RO         1362    i._is_digit         c_w.l(__printf_wp.o)
    0x08004f64   0x0000002c   Code   RO         1533    locale$$code        c_w.l(lc_numeric_c.o)
    0x08004f90   0x0000002c   Code   RO         1606    locale$$code        c_w.l(lc_ctype_c.o)
    0x08004fbc   0x00000062   Code   RO         1383    x$fpl$d2f           fz_wm.l(d2f.o)
    0x0800501e   0x0000009c   Code   RO         1453    x$fpl$dnaninf       fz_wm.l(dnaninf.o)
    0x080050ba   0x0000000c   Code   RO         1455    x$fpl$dretinf       fz_wm.l(dretinf.o)
    0x080050c6   0x00000002   PAD
    0x080050c8   0x00000198   Code   RO         1457    x$fpl$dsqrt         fz_wm.l(dsqrt_umaal.o)
    0x08005260   0x00000056   Code   RO         1385    x$fpl$f2d           fz_wm.l(f2d.o)
    0x080052b6   0x0000008c   Code   RO         1459    x$fpl$fnaninf       fz_wm.l(fnaninf.o)
    0x08005342   0x0000000a   Code   RO         1624    x$fpl$fpinit        fz_wm.l(fpinit.o)
    0x0800534c   0x0000000a   Code   RO         1461    x$fpl$fretinf       fz_wm.l(fretinf.o)
    0x08005356   0x00000004   Code   RO         1387    x$fpl$printf1       fz_wm.l(printf1.o)
    0x0800535a   0x00000000   Code   RO         1463    x$fpl$usenofp       fz_wm.l(usenofp.o)
    0x0800535a   0x00000002   PAD
    0x0800535c   0x00000018   Data   RO         1118    .constdata          stm32f429i_discovery.o
    0x08005374   0x00000011   Data   RO         1365    .constdata          c_w.l(__printf_flags_wp.o)
    0x08005385   0x00000003   PAD
    0x08005388   0x00000094   Data   RO         1508    .constdata          c_w.l(bigflt0.o)
    0x0800541c   0x00000100   Data   RO          838    .conststring        main.o
    0x0800551c   0x0000006e   Data   RO          956    .conststring        student_info.o
    0x0800558a   0x000000b1   Data   RO         1008    .conststring        basic_operation.o
    0x0800563b   0x00000085   Data   RO         1035    .conststring        simple_led.o
    0x080056c0   0x00000090   Data   RO         1062    .conststring        advance_led.o
    0x08005750   0x00000071   Data   RO         1090    .conststring        timer_counter.o
    0x080057c1   0x00000003   PAD
    0x080057c4   0x00000020   Data   RO         1690    Region$$Table       anon$$obj.o
    0x080057e4   0x0000001c   Data   RO         1532    locale$$data        c_w.l(lc_numeric_c.o)
    0x08005800   0x00000110   Data   RO         1605    locale$$data        c_w.l(lc_ctype_c.o)


    Execution Region ER_RW (Base: 0x20000000, Size: 0x0000008c, Max: 0xffffffff, ABSOLUTE)

    Base Addr    Size         Type   Attr      Idx    E Section Name        Object

    0x20000000   0x00000014   Data   RW           13    .data               system_stm32f4xx.o
    0x20000014   0x00000010   Data   RW          262    .data               stm32f4xx_rcc.o
    0x20000024   0x00000004   Data   RW          839    .data               main.o
    0x20000028   0x0000001c   Data   RW          926    .data               stm32f4xx_it.o
    0x20000044   0x00000004   Data   RW          957    .data               student_info.o
    0x20000048   0x00000010   Data   RW         1009    .data               basic_operation.o
    0x20000058   0x00000008   Data   RW         1036    .data               simple_led.o
    0x20000060   0x00000004   Data   RW         1063    .data               advance_led.o
    0x20000064   0x00000008   Data   RW         1091    .data               timer_counter.o
    0x2000006c   0x00000010   Data   RW         1119    .data               stm32f429i_discovery.o
    0x2000007c   0x00000010   Data   RW         1145    .data               stm32f429i_discovery_i2c_ee.o


    Execution Region ER_ZI (Base: 0x2000008c, Size: 0x00000904, Max: 0xffffffff, ABSOLUTE)

    Base Addr    Size         Type   Attr      Idx    E Section Name        Object

    0x2000008c   0x00000200   Zero   RW          925    .bss                stm32f4xx_it.o
    0x2000028c   0x00000064   Zero   RW         1007    .bss                basic_operation.o
    0x200002f0   0x0000003c   Zero   RW         1117    .bss                stm32f429i_discovery.o
    0x2000032c   0x00000060   Zero   RW         1465    .bss                c_w.l(libspace.o)
    0x2000038c   0x00000004   PAD
    0x20000390   0x00000200   Zero   RW            2    HEAP                startup_stm32f429_439xx.o
    0x20000590   0x00000400   Zero   RW            1    STACK               startup_stm32f429_439xx.o


==============================================================================

Image component sizes


      Code (inc. data)   RO Data    RW Data    ZI Data      Debug   Object Name

       440         26        144          4          0       1268   advance_led.o
       692        118        177         16        100       3010   basic_operation.o
       120         22        256          4          0       1099   main.o
       176         16          0          0          0       1821   misc.o
       152          0          0          0          0       2148   queue.o
       364        126        133          8          0       1099   simple_led.o
        64         26        428          0       1536        856   startup_stm32f429_439xx.o
       796         38         24         16         60       5960   stm32f429i_discovery.o
      1716         52          0         16          0       5447   stm32f429i_discovery_i2c_ee.o
       800         32          0          0          0       6057   stm32f4xx_dma.o
       224         10          0          0          0       2215   stm32f4xx_exti.o
       524         44          0          0          0       3797   stm32f4xx_gpio.o
       864         22          0          0          0       7515   stm32f4xx_i2c.o
       328         30          0         28        512       3071   stm32f4xx_it.o
      1132         52          0         16          0      11446   stm32f4xx_rcc.o
       800         34          0          0          0       6053   stm32f4xx_spi.o
       116         14          0          0          0       1749   stm32f4xx_syscfg.o
      2524         52          0          0          0      38042   stm32f4xx_tim.o
       868         34          0          0          0       6792   stm32f4xx_usart.o
        32          8        110          4          0        701   student_info.o
       408         36          0         20          0     300319   system_stm32f4xx.o
      1072        358        113          8          0       2092   timer_counter.o
       336         18          0          0          0       1786   uart_isr_configuration.o

    ----------------------------------------------------------------------
     14548       1168       1420        140       2208     414343   Object Totals
         0          0         32          0          0          0   (incl. Generated)
         0          0          3          0          0          0   (incl. Padding)

    ----------------------------------------------------------------------

      Code (inc. data)   RO Data    RW Data    ZI Data      Debug   Library Member Name

         8          0          0          0          0         68   __main.o
       316          6         17          0          0         92   __printf_flags_wp.o
        14          0          0          0          0         68   __printf_wp.o
        52          8          0          0          0          0   __scatter.o
        26          0          0          0          0          0   __scatter_copy.o
        28          0          0          0          0          0   __scatter_zi.o
        28          0          0          0          0         68   _chval.o
        48          6          0          0          0         96   _printf_char_common.o
         6          0          0          0          0          0   _printf_d.o
       120         18          0          0          0         92   _printf_dec.o
         6          0          0          0          0          0   _printf_f.o
      1056          0          0          0          0        216   _printf_fp_dec.o
       128         16          0          0          0         84   _printf_fp_infnan.o
       184          0          0          0          0         88   _printf_intcommon.o
         0          0          0          0          0          0   _printf_percent.o
         4          0          0          0          0          0   _printf_percent_end.o
        22          0          0          0          0        100   _rserrno.o
        10          0          0          0          0         68   _sputc.o
       158          0          0          0          0         92   _strtoul.o
        26          0          0          0          0         80   atoi.o
       228          6        148          0          0         96   bigflt0.o
      1910        128          0          0          0        672   btod.o
        12          0          0          0          0         72   exit.o
        78          0          0          0          0         80   h1_free.o
         6          0          0          0          0        152   heapauxi.o
         0          0          0          0          0          0   indicate_semi.o
        44         10        272          0          0         76   lc_ctype_c.o
        44         10         28          0          0         76   lc_numeric_c.o
         2          0          0          0          0          0   libinit.o
        34          0          0          0          0          0   libinit2.o
         2          0          0          0          0          0   libshutdown.o
         2          0          0          0          0          0   libshutdown2.o
         8          4          0          0         96         68   libspace.o
       138          0          0          0          0         80   lludiv10.o
        40          6          0          0          0         84   noretval__2sprintf.o
        16          4          0          0          0         76   rt_ctype_table.o
         8          4          0          0          0         68   rt_errno_addr_intlibspace.o
         8          4          0          0          0         68   rt_heap_descriptor_intlibspace.o
         8          4          0          0          0         68   rt_locale_intlibspace.o
         0          0          0          0          0          0   rtentry.o
        12          0          0          0          0          0   rtentry2.o
         6          0          0          0          0          0   rtentry4.o
         2          0          0          0          0          0   rtexit.o
        10          0          0          0          0          0   rtexit2.o
       128          0          0          0          0         68   strcmpv7m.o
        62          0          0          0          0         76   strlen.o
       112          0          0          0          0         88   strtol.o
        12          4          0          0          0         68   sys_exit.o
        74          0          0          0          0         80   sys_stackheap_outer.o
         2          0          0          0          0         68   use_no_semi.o
        98          4          0          0          0        140   d2f.o
       156          4          0          0          0        140   dnaninf.o
        12          0          0          0          0        116   dretinf.o
       408         56          0          0          0        168   dsqrt_umaal.o
        86          4          0          0          0        132   f2d.o
       140          4          0          0          0        132   fnaninf.o
        10          0          0          0          0        116   fpinit.o
        10          0          0          0          0        116   fretinf.o
         4          0          0          0          0        116   printf1.o
         0          0          0          0          0          0   usenofp.o
        48          0          0          0          0        124   fpclassify.o
       122          0          0          0          0        148   sqrt.o

    ----------------------------------------------------------------------
      6364        310        468          0        100       4844   Library Totals
        22          0          3          0          4          0   (incl. Padding)

    ----------------------------------------------------------------------

      Code (inc. data)   RO Data    RW Data    ZI Data      Debug   Library Name

      5248        238        465          0         96       3396   c_w.l
       924         72          0          0          0       1176   fz_wm.l
       170          0          0          0          0        272   m_wm.l

    ----------------------------------------------------------------------
      6364        310        468          0        100       4844   Library Totals

    ----------------------------------------------------------------------

==============================================================================


      Code (inc. data)   RO Data    RW Data    ZI Data      Debug   

     20912       1478       1888        140       2308     410459   Grand Totals
     20912       1478       1888        140       2308     410459   ELF Image Totals
     20912       1478       1888        140          0          0   ROM Totals

==============================================================================

    Total RO  Size (Code + RO Data)                22800 (  22.27kB)
    Total RW  Size (RW Data + ZI Data)              2448 (   2.39kB)
    Total ROM Size (Code + RO Data + RW Data)      22940 (  22.40kB)

==============================================================================

