ARM Linker, 5.03 [Build 76] [MDK-ARM Lite]

==============================================================================

Section Cross References

    startup_stm32f429_439xx.o(STACK) refers (Special) to heapauxi.o(.text) for __use_two_region_memory
    startup_stm32f429_439xx.o(HEAP) refers (Special) to heapauxi.o(.text) for __use_two_region_memory
    startup_stm32f429_439xx.o(RESET) refers (Special) to heapauxi.o(.text) for __use_two_region_memory
    startup_stm32f429_439xx.o(RESET) refers to startup_stm32f429_439xx.o(STACK) for __initial_sp
    startup_stm32f429_439xx.o(RESET) refers to startup_stm32f429_439xx.o(.text) for Reset_Handler
    startup_stm32f429_439xx.o(RESET) refers to stm32f4xx_it.o(.text) for NMI_Handler
    startup_stm32f429_439xx.o(RESET) refers to stm32f429i_discovery_i2c_ee.o(.text) for DMA1_Stream2_IRQHandler
    startup_stm32f429_439xx.o(.text) refers (Special) to heapauxi.o(.text) for __use_two_region_memory
    startup_stm32f429_439xx.o(.text) refers to system_stm32f4xx.o(.text) for SystemInit
    startup_stm32f429_439xx.o(.text) refers to __main.o(!!!main) for __main
    startup_stm32f429_439xx.o(.text) refers to startup_stm32f429_439xx.o(HEAP) for Heap_Mem
    startup_stm32f429_439xx.o(.text) refers to startup_stm32f429_439xx.o(STACK) for Stack_Mem
    system_stm32f4xx.o(.text) refers to system_stm32f4xx.o(.data) for .data
    stm32f4xx_dma2d.o(.text) refers to stm32f4xx_rcc.o(.text) for RCC_AHB1PeriphResetCmd
    stm32f4xx_gpio.o(.text) refers to stm32f4xx_rcc.o(.text) for RCC_AHB1PeriphResetCmd
    stm32f4xx_i2c.o(.text) refers to stm32f4xx_rcc.o(.text) for RCC_APB1PeriphResetCmd
    stm32f4xx_ltdc.o(.text) refers to stm32f4xx_rcc.o(.text) for RCC_APB2PeriphResetCmd
    stm32f4xx_rcc.o(.text) refers to stm32f4xx_rcc.o(.data) for .data
    stm32f4xx_rng.o(.text) refers to stm32f4xx_rcc.o(.text) for RCC_AHB2PeriphResetCmd
    stm32f4xx_spi.o(.text) refers to stm32f4xx_rcc.o(.text) for RCC_APB1PeriphResetCmd
    stm32f4xx_syscfg.o(.text) refers to stm32f4xx_rcc.o(.text) for RCC_APB2PeriphResetCmd
    stm32f4xx_usart.o(.text) refers to stm32f4xx_rcc.o(.text) for RCC_APB2PeriphResetCmd
    main.o(.text) refers to _printf_percent.o(.ARM.Collect$$_printf_percent$$00000000) for _printf_percent
    main.o(.text) refers to _printf_f.o(.ARM.Collect$$_printf_percent$$00000003) for _printf_f
    main.o(.text) refers to printf1.o(x$fpl$printf1) for _printf_fp_dec
    main.o(.text) refers to _printf_d.o(.ARM.Collect$$_printf_percent$$00000009) for _printf_d
    main.o(.text) refers to _printf_dec.o(.text) for _printf_int_dec
    main.o(.text) refers to queue.o(.text) for queue_push
    main.o(.text) refers to strlen.o(.text) for strlen
    main.o(.text) refers to stm32f4xx_usart.o(.text) for USART_ITConfig
    main.o(.text) refers to atoi.o(.text) for atoi
    main.o(.text) refers to rt_memcpy_v6.o(.text) for __aeabi_memcpy
    main.o(.text) refers to stm32f429i_discovery.o(.text) for STM_EVAL_LEDOn
    main.o(.text) refers to f2d.o(x$fpl$f2d) for __aeabi_f2d
    main.o(.text) refers to sqrt.o(i.__hardfp_sqrt) for __hardfp_sqrt
    main.o(.text) refers to d2f.o(x$fpl$d2f) for __aeabi_d2f
    main.o(.text) refers to noretval__2sprintf.o(.text) for __2sprintf
    main.o(.text) refers to stm32f4xx_it.o(.bss) for queue_sender
    main.o(.text) refers to stm32f4xx_it.o(.data) for b_receive_done
    main.o(.text) refers to main.o(.data) for .data
    main.o(.text) refers to main.o(.bss) for .bss
    main.o(.text) refers to stm32f4xx_gpio.o(.text) for GPIO_StructInit
    main.o(.text) refers to stm32f4xx_rcc.o(.text) for RCC_APB1PeriphClockCmd
    main.o(.text) refers to misc.o(.text) for NVIC_PriorityGroupConfig
    main.o(.data) refers to main.o(.conststring) for .conststring
    stm32f4xx_it.o(.text) refers to stm32f4xx_usart.o(.text) for USART_GetITStatus
    stm32f4xx_it.o(.text) refers to queue.o(.text) for queue_push
    stm32f4xx_it.o(.text) refers to stm32f4xx_it.o(.data) for .data
    stm32f4xx_it.o(.text) refers to stm32f4xx_it.o(.bss) for .bss
    stm32f429i_discovery.o(.text) refers to stm32f4xx_rcc.o(.text) for RCC_AHB1PeriphClockCmd
    stm32f429i_discovery.o(.text) refers to stm32f4xx_gpio.o(.text) for GPIO_Init
    stm32f429i_discovery.o(.text) refers to stm32f4xx_syscfg.o(.text) for SYSCFG_EXTILineConfig
    stm32f429i_discovery.o(.text) refers to stm32f4xx_exti.o(.text) for EXTI_Init
    stm32f429i_discovery.o(.text) refers to misc.o(.text) for NVIC_Init
    stm32f429i_discovery.o(.text) refers to stm32f4xx_i2c.o(.text) for I2C_Cmd
    stm32f429i_discovery.o(.text) refers to stm32f4xx_dma.o(.text) for DMA_Cmd
    stm32f429i_discovery.o(.text) refers to stm32f429i_discovery.o(.constdata) for .constdata
    stm32f429i_discovery.o(.text) refers to stm32f429i_discovery.o(.data) for .data
    stm32f429i_discovery.o(.text) refers to stm32f429i_discovery.o(.bss) for .bss
    stm32f429i_discovery_i2c_ee.o(.text) refers to stm32f429i_discovery.o(.text) for sEE_LowLevel_DeInit
[...]
    Utilities\STM32F429I-Discovery\stm32f429i_discovery_ioe.c 0x00000000   Number         0  stm32f429i_discovery_ioe.o ABSOLUTE
    Utilities\STM32F429I-Discovery\stm32f429i_discovery_l3gd20.c 0x00000000   Number         0  stm32f429i_discovery_l3gd20.o ABSOLUTE
    Utilities\STM32F429I-Discovery\stm32f429i_discovery_lcd.c 0x00000000   Number         0  stm32f429i_discovery_lcd.o ABSOLUTE
    Utilities\STM32F429I-Discovery\stm32f429i_discovery_sdram.c 0x00000000   Number         0  stm32f429i_discovery_sdram.o ABSOLUTE
    Utilities\\STM32F429I-Discovery\\stm32f429i_discovery.c 0x00000000   Number         0  stm32f429i_discovery.o ABSOLUTE
    Utilities\\STM32F429I-Discovery\\stm32f429i_discovery_i2c_ee.c 0x00000000   Number         0  stm32f429i_discovery_i2c_ee.o ABSOLUTE
    Utilities\\STM32F429I-Discovery\\stm32f429i_discovery_ioe.c 0x00000000   Number         0  stm32f429i_discovery_ioe.o ABSOLUTE
    Utilities\\STM32F429I-Discovery\\stm32f429i_discovery_l3gd20.c 0x00000000   Number         0  stm32f429i_discovery_l3gd20.o ABSOLUTE
    Utilities\\STM32F429I-Discovery\\stm32f429i_discovery_lcd.c 0x00000000   Number         0  stm32f429i_discovery_lcd.o ABSOLUTE
    Utilities\\STM32F429I-Discovery\\stm32f429i_discovery_sdram.c 0x00000000   Number         0  stm32f429i_discovery_sdram.o ABSOLUTE
    dc.s                                     0x00000000   Number         0  dc.o ABSOLUTE
    RESET                                    0x08000000   Section      428  startup_stm32f429_439xx.o(RESET)
    !!!main                                  0x080001ac   Section        8  __main.o(!!!main)
    !!!scatter                               0x080001b4   Section       52  __scatter.o(!!!scatter)
    !!handler_copy                           0x080001e8   Section       26  __scatter_copy.o(!!handler_copy)
    !!handler_zi                             0x08000204   Section       28  __scatter_zi.o(!!handler_zi)
    .ARM.Collect$$_printf_percent$$00000000  0x08000220   Section        0  _printf_percent.o(.ARM.Collect$$_printf_percent$$00000000)
    .ARM.Collect$$_printf_percent$$00000003  0x08000220   Section        6  _printf_f.o(.ARM.Collect$$_printf_percent$$00000003)
    .ARM.Collect$$_printf_percent$$00000009  0x08000226   Section        6  _printf_d.o(.ARM.Collect$$_printf_percent$$00000009)
    .ARM.Collect$$_printf_percent$$00000017  0x0800022c   Section        4  _printf_percent_end.o(.ARM.Collect$$_printf_percent$$00000017)
    .ARM.Collect$$libinit$$00000000          0x08000230   Section        2  libinit.o(.ARM.Collect$$libinit$$00000000)
    .ARM.Collect$$libinit$$00000001          0x08000232   Section        4  libinit2.o(.ARM.Collect$$libinit$$00000001)
    .ARM.Collect$$libinit$$00000008          0x08000236   Section        0  libinit2.o(.ARM.Collect$$libinit$$00000008)
    .ARM.Collect$$libinit$$0000000A          0x08000236   Section        0  libinit2.o(.ARM.Collect$$libinit$$0000000A)
    .ARM.Collect$$libinit$$0000000C          0x08000236   Section        0  libinit2.o(.ARM.Collect$$libinit$$0000000C)
    .ARM.Collect$$libinit$$0000000D          0x08000236   Section        6  libinit2.o(.ARM.Collect$$libinit$$0000000D)
    .ARM.Collect$$libinit$$0000000F          0x0800023c   Section        0  libinit2.o(.ARM.Collect$$libinit$$0000000F)
    .ARM.Collect$$libinit$$00000010          0x0800023c   Section       12  libinit2.o(.ARM.Collect$$libinit$$00000010)
    .ARM.Collect$$libinit$$00000011          0x08000248   Section        0  libinit2.o(.ARM.Collect$$libinit$$00000011)
    .ARM.Collect$$libinit$$00000013          0x08000248   Section        0  libinit2.o(.ARM.Collect$$libinit$$00000013)
    .ARM.Collect$$libinit$$00000014          0x08000248   Section       10  libinit2.o(.ARM.Collect$$libinit$$00000014)
    .ARM.Collect$$libinit$$00000015          0x08000252   Section        0  libinit2.o(.ARM.Collect$$libinit$$00000015)
    .ARM.Collect$$libinit$$00000017          0x08000252   Section        0  libinit2.o(.ARM.Collect$$libinit$$00000017)
    .ARM.Collect$$libinit$$00000019          0x08000252   Section        0  libinit2.o(.ARM.Collect$$libinit$$00000019)
    .ARM.Collect$$libinit$$0000001B          0x08000252   Section        0  libinit2.o(.ARM.Collect$$libinit$$0000001B)
    .ARM.Collect$$libinit$$0000001D          0x08000252   Section        0  libinit2.o(.ARM.Collect$$libinit$$0000001D)
    .ARM.Collect$$libinit$$0000001F          0x08000252   Section        0  libinit2.o(.ARM.Collect$$libinit$$0000001F)
    .ARM.Collect$$libinit$$00000021          0x08000252   Section        0  libinit2.o(.ARM.Collect$$libinit$$00000021)
    .ARM.Collect$$libinit$$00000023          0x08000252   Section        0  libinit2.o(.ARM.Collect$$libinit$$00000023)
    .ARM.Collect$$libinit$$0000002A          0x08000252   Section        0  libinit2.o(.ARM.Collect$$libinit$$0000002A)
    .ARM.Collect$$libinit$$0000002C          0x08000252   Section        0  libinit2.o(.ARM.Collect$$libinit$$0000002C)
    .ARM.Collect$$libinit$$0000002E          0x08000252   Section        0  libinit2.o(.ARM.Collect$$libinit$$0000002E)
    .ARM.Collect$$libinit$$00000030          0x08000252   Section        0  libinit2.o(.ARM.Collect$$libinit$$00000030)
    .ARM.Collect$$libinit$$00000031          0x08000252   Section        2  libinit2.o(.ARM.Collect$$libinit$$00000031)
    .ARM.Collect$$libshutdown$$00000000      0x08000254   Section        2  libshutdown.o(.ARM.Collect$$libshutdown$$00000000)
    .ARM.Collect$$libshutdown$$00000003      0x08000256   Section        0  libshutdown2.o(.ARM.Collect$$libshutdown$$00000003)
    .ARM.Collect$$libshutdown$$00000006      0x08000256   Section        0  libshutdown2.o(.ARM.Collect$$libshutdown$$00000006)
    .ARM.Collect$$libshutdown$$00000009      0x08000256   Section        0  libshutdown2.o(.ARM.Collect$$libshutdown$$00000009)
    .ARM.Collect$$libshutdown$$0000000B      0x08000256   Section        0  libshutdown2.o(.ARM.Collect$$libshutdown$$0000000B)
    .ARM.Collect$$libshutdown$$0000000E      0x08000256   Section        0  libshutdown2.o(.ARM.Collect$$libshutdown$$0000000E)
    .ARM.Collect$$libshutdown$$0000000F      0x08000256   Section        2  libshutdown2.o(.ARM.Collect$$libshutdown$$0000000F)
    .ARM.Collect$$rtentry$$00000000          0x08000258   Section        0  rtentry.o(.ARM.Collect$$rtentry$$00000000)
    .ARM.Collect$$rtentry$$00000002          0x08000258   Section        0  rtentry2.o(.ARM.Collect$$rtentry$$00000002)
    .ARM.Collect$$rtentry$$00000004          0x08000258   Section        6  rtentry4.o(.ARM.Collect$$rtentry$$00000004)
    .ARM.Collect$$rtentry$$00000009          0x0800025e   Section        0  rtentry2.o(.ARM.Collect$$rtentry$$00000009)
    .ARM.Collect$$rtentry$$0000000A          0x0800025e   Section        4  rtentry2.o(.ARM.Collect$$rtentry$$0000000A)
    .ARM.Collect$$rtentry$$0000000C          0x08000262   Section        0  rtentry2.o(.ARM.Collect$$rtentry$$0000000C)
    .ARM.Collect$$rtentry$$0000000D          0x08000262   Section        8  rtentry2.o(.ARM.Collect$$rtentry$$0000000D)
    .ARM.Collect$$rtexit$$00000000           0x0800026a   Section        2  rtexit.o(.ARM.Collect$$rtexit$$00000000)
    .ARM.Collect$$rtexit$$00000002           0x0800026c   Section        0  rtexit2.o(.ARM.Collect$$rtexit$$00000002)
    .ARM.Collect$$rtexit$$00000003           0x0800026c   Section        4  rtexit2.o(.ARM.Collect$$rtexit$$00000003)
    .ARM.Collect$$rtexit$$00000004           0x08000270   Section        6  rtexit2.o(.ARM.Collect$$rtexit$$00000004)
    .text                                    0x08000278   Section       64  startup_stm32f429_439xx.o(.text)
    $v0                                      0x08000278   Number         0  startup_stm32f429_439xx.o(.text)
    .text                                    0x080002b8   Section        0  system_stm32f4xx.o(.text)
    SetSysClock                              0x080002b9   Thumb Code   190  system_stm32f4xx.o(.text)
    .text                                    0x08000450   Section        0  misc.o(.text)
    .text                                    0x08000500   Section        0  stm32f4xx_dma.o(.text)
    .text                                    0x08000820   Section        0  stm32f4xx_exti.o(.text)
    .text                                    0x08000900   Section        0  stm32f4xx_gpio.o(.text)
    .text                                    0x08000b0c   Section        0  stm32f4xx_i2c.o(.text)
    .text                                    0x08000e6c   Section        0  stm32f4xx_rcc.o(.text)
    .text                                    0x080012d8   Section        0  stm32f4xx_syscfg.o(.text)
    .text                                    0x0800134c   Section        0  stm32f4xx_usart.o(.text)
    .text                                    0x080016b0   Section        0  main.o(.text)
    .text                                    0x08001d78   Section        0  queue.o(.text)
    .text                                    0x08001e10   Section        0  stm32f4xx_it.o(.text)
    .text                                    0x08001eb8   Section        0  stm32f429i_discovery.o(.text)
    .text                                    0x080021d4   Section        0  stm32f429i_discovery_i2c_ee.o(.text)
    .text                                    0x08002888   Section        0  noretval__2sprintf.o(.text)
    .text                                    0x080028b0   Section        0  _printf_dec.o(.text)
    .text                                    0x08002928   Section        0  __printf_flags_wp.o(.text)
    .text                                    0x08002a64   Section        0  atoi.o(.text)
    .text                                    0x08002a7e   Section        0  strlen.o(.text)
    .text                                    0x08002abc   Section      138  rt_memcpy_v6.o(.text)
    .text                                    0x08002b46   Section        0  heapauxi.o(.text)
    .text                                    0x08002b4c   Section        8  rt_errno_addr_intlibspace.o(.text)
    .text                                    0x08002b54   Section        0  _rserrno.o(.text)
    .text                                    0x08002b6a   Section        0  _printf_intcommon.o(.text)
    .text                                    0x08002c22   Section        0  _printf_fp_dec.o(.text)
    _fp_digits                               0x08002c25   Thumb Code   426  _printf_fp_dec.o(.text)
    .text                                    0x08003044   Section        0  _printf_char_common.o(.text)
    _printf_input_char                       0x08003045   Thumb Code    10  _printf_char_common.o(.text)
    .text                                    0x08003074   Section        0  _sputc.o(.text)
    .text                                    0x0800307e   Section        0  strtol.o(.text)
    .text                                    0x080030ee   Section      100  rt_memcpy_w.o(.text)
    .text                                    0x08003154   Section        8  libspace.o(.text)
    .text                                    0x0800315c   Section       16  rt_ctype_table.o(.text)
    .text                                    0x0800316c   Section        8  rt_locale_intlibspace.o(.text)
    .text                                    0x08003174   Section      138  lludiv10.o(.text)
    .text                                    0x08003200   Section        0  _printf_fp_infnan.o(.text)
    .text                                    0x08003280   Section        0  _strtoul.o(.text)
    .text                                    0x08003320   Section        0  bigflt0.o(.text)
    .text                                    0x08003404   Section       74  sys_stackheap_outer.o(.text)
    .text                                    0x0800344e   Section        0  _chval.o(.text)
    .text                                    0x0800346a   Section        0  exit.o(.text)
    .text                                    0x08003478   Section      128  strcmpv7m.o(.text)
    .text                                    0x080034f8   Section        0  sys_exit.o(.text)
    .text                                    0x08003504   Section        2  use_no_semi.o(.text)
    .text                                    0x08003506   Section        0  indicate_semi.o(.text)
    CL$$btod_d2e                             0x08003506   Section       62  btod.o(CL$$btod_d2e)
    CL$$btod_d2e_denorm_low                  0x08003544   Section       70  btod.o(CL$$btod_d2e_denorm_low)
    CL$$btod_d2e_norm_op1                    0x0800358a   Section       96  btod.o(CL$$btod_d2e_norm_op1)
    CL$$btod_div_common                      0x080035ea   Section      824  btod.o(CL$$btod_div_common)
    CL$$btod_e2e                             0x08003922   Section      198  btod.o(CL$$btod_e2e)
    CL$$btod_ediv                            0x080039e8   Section       40  btod.o(CL$$btod_ediv)
    CL$$btod_emul                            0x08003a10   Section       40  btod.o(CL$$btod_emul)
    CL$$btod_mult_common                     0x08003a38   Section      580  btod.o(CL$$btod_mult_common)
    i.__ARM_fpclassify                       0x08003c7c   Section        0  fpclassify.o(i.__ARM_fpclassify)
    i.__hardfp_sqrt                          0x08003cac   Section        0  sqrt.o(i.__hardfp_sqrt)
    i._is_digit                              0x08003d26   Section        0  __printf_wp.o(i._is_digit)
    locale$$code                             0x08003d34   Section       44  lc_numeric_c.o(locale$$code)
    locale$$code                             0x08003d60   Section       44  lc_ctype_c.o(locale$$code)
    x$fpl$d2f                                0x08003d8c   Section       98  d2f.o(x$fpl$d2f)
    $v0                                      0x08003d8c   Number         0  d2f.o(x$fpl$d2f)
    x$fpl$dnaninf                            0x08003dee   Section      156  dnaninf.o(x$fpl$dnaninf)
    $v0                                      0x08003dee   Number         0  dnaninf.o(x$fpl$dnaninf)
    x$fpl$dretinf                            0x08003e8a   Section       12  dretinf.o(x$fpl$dretinf)
    $v0                                      0x08003e8a   Number         0  dretinf.o(x$fpl$dretinf)
    x$fpl$dsqrt                              0x08003e98   Section      408  dsqrt_umaal.o(x$fpl$dsqrt)
    $v0                                      0x08003e98   Number         0  dsqrt_umaal.o(x$fpl$dsqrt)
    x$fpl$f2d                                0x08004030   Section       86  f2d.o(x$fpl$f2d)
    $v0                                      0x08004030   Number         0  f2d.o(x$fpl$f2d)
    x$fpl$fnaninf                            0x08004086   Section      140  fnaninf.o(x$fpl$fnaninf)
    $v0                                      0x08004086   Number         0  fnaninf.o(x$fpl$fnaninf)
    x$fpl$fpinit                             0x08004112   Section       10  fpinit.o(x$fpl$fpinit)
    $v0                                      0x08004112   Number         0  fpinit.o(x$fpl$fpinit)
    x$fpl$fretinf                            0x0800411c   Section       10  fretinf.o(x$fpl$fretinf)
    $v0                                      0x0800411c   Number         0  fretinf.o(x$fpl$fretinf)
    x$fpl$printf1                            0x08004126   Section        4  printf1.o(x$fpl$printf1)
    $v0                                      0x08004126   Number         0  printf1.o(x$fpl$printf1)
    x$fpl$usenofp                            0x0800412a   Section        0  usenofp.o(x$fpl$usenofp)
    .constdata                               0x0800412c   Section       24  stm32f429i_discovery.o(.constdata)
    .constdata                               0x08004144   Section       17  __printf_flags_wp.o(.constdata)
    maptable                                 0x08004144   Data          17  __printf_flags_wp.o(.constdata)
    .constdata                               0x08004158   Section      148  bigflt0.o(.constdata)
    tenpwrs_x                                0x08004158   Data          60  bigflt0.o(.constdata)
    tenpwrs_i                                0x08004194   Data          64  bigflt0.o(.constdata)
    .conststring                             0x080041ec   Section      619  main.o(.conststring)
    locale$$data                             0x08004478   Section       28  lc_numeric_c.o(locale$$data)
    __lcnum_c_name                           0x0800447c   Data           2  lc_numeric_c.o(locale$$data)
    __lcnum_c_start                          0x08004484   Data           0  lc_numeric_c.o(locale$$data)
    __lcnum_c_point                          0x08004490   Data           0  lc_numeric_c.o(locale$$data)
    __lcnum_c_thousands                      0x08004492   Data           0  lc_numeric_c.o(locale$$data)
    __lcnum_c_grouping                       0x08004493   Data           0  lc_numeric_c.o(locale$$data)
    locale$$data                             0x08004494   Section      272  lc_ctype_c.o(locale$$data)
    __lcnum_c_end                            0x08004494   Data           0  lc_numeric_c.o(locale$$data)
    __lcctype_c_name                         0x08004498   Data           2  lc_ctype_c.o(locale$$data)
    __lcctype_c_start                        0x080044a0   Data           0  lc_ctype_c.o(locale$$data)
    __lcctype_c_end                          0x080045a4   Data           0  lc_ctype_c.o(locale$$data)
    .data                                    0x20000000   Section       20  system_stm32f4xx.o(.data)
    .data                                    0x20000014   Section       16  stm32f4xx_rcc.o(.data)
    APBAHBPrescTable                         0x20000014   Data          16  stm32f4xx_rcc.o(.data)
    .data                                    0x20000024   Section       32  main.o(.data)
    .data                                    0x20000044   Section        4  stm32f4xx_it.o(.data)
    .data                                    0x20000048   Section       16  stm32f429i_discovery.o(.data)
    .data                                    0x20000058   Section       16  stm32f429i_discovery_i2c_ee.o(.data)
    .bss                                     0x20000068   Section      356  main.o(.bss)
    .bss                                     0x200001cc   Section      512  stm32f4xx_it.o(.bss)
    .bss                                     0x200003cc   Section       60  stm32f429i_discovery.o(.bss)
    .bss                                     0x20000408   Section       96  libspace.o(.bss)
    HEAP                                     0x20000468   Section      512  startup_stm32f429_439xx.o(HEAP)
    Heap_Mem                                 0x20000468   Data         512  startup_stm32f429_439xx.o(HEAP)
    STACK                                    0x20000668   Section     1024  startup_stm32f429_439xx.o(STACK)
    Stack_Mem                                0x20000668   Data        1024  startup_stm32f429_439xx.o(STACK)
    __initial_sp                             0x20000a68   Data           0  startup_stm32f429_439xx.o(STACK)

    Global Symbols

    Symbol Name                              Value     Ov Type        Size  Object(Section)

    BuildAttributes$$THM_ISAv4$E$P$D$K$B$S$7EM$VFPi3$EXTD16$VFPS$VFMA$PE$A:L22UL41UL21$X:L11$S22US41US21$IEEE1$IW$USESV6$~STKCKD$USESV7$~SHL$OTIME$ROPI$IEEEJ$EBA8$UX$STANDARDLIB$REQ8$PRES8$EABIv2 0x00000000   Number         0  anon$$obj.o ABSOLUTE
    __ARM_use_no_argv                        0x00000000   Number         0  main.o ABSOLUTE
    _printf_flags                            0x00000000   Number         0  printf_stubs.o ABSOLUTE
    _printf_return_value                     0x00000000   Number         0  printf_stubs.o ABSOLUTE
    _printf_sizespec                         0x00000000   Number         0  printf_stubs.o ABSOLUTE
    _printf_widthprec                        0x00000000   Number         0  printf_stubs.o ABSOLUTE
    __ARM_exceptions_init                     - Undefined Weak Reference
    __alloca_initialize                       - Undefined Weak Reference
    __cpp_initialize__aeabi_                  - Undefined Weak Reference
    __cxa_finalize                            - Undefined Weak Reference
    __sigvec_lookup                           - Undefined Weak Reference
    _atexit_init                              - Undefined Weak Reference
    _call_atexit_fns                          - Undefined Weak Reference
    _clock_init                               - Undefined Weak Reference
    _fp_trap_init                             - Undefined Weak Reference
    _fp_trap_shutdown                         - Undefined Weak Reference
    _get_lc_collate                           - Undefined Weak Reference
    _get_lc_monetary                          - Undefined Weak Reference
    _get_lc_time                              - Undefined Weak Reference
    _getenv_init                              - Undefined Weak Reference
    _handle_redirection                       - Undefined Weak Reference
    _init_alloc                               - Undefined Weak Reference
    _init_user_alloc                          - Undefined Weak Reference
    _initio                                   - Undefined Weak Reference
    _printf_post_padding                      - Undefined Weak Reference
    _printf_pre_padding                       - Undefined Weak Reference
    _printf_truncate_signed                   - Undefined Weak Reference
    _printf_truncate_unsigned                 - Undefined Weak Reference
    _rand_init                                - Undefined Weak Reference
    _signal_finish                            - Undefined Weak Reference
    _signal_init                              - Undefined Weak Reference
    _terminate_alloc                          - Undefined Weak Reference
    _terminate_user_alloc                     - Undefined Weak Reference
    _terminateio                              - Undefined Weak Reference
    __Vectors_Size                           0x000001ac   Number         0  startup_stm32f429_439xx.o ABSOLUTE
    __Vectors                                0x08000000   Data           4  startup_stm32f429_439xx.o(RESET)
    __Vectors_End                            0x080001ac   Data           0  startup_stm32f429_439xx.o(RESET)
    __main                                   0x080001ad   Thumb Code     8  __main.o(!!!main)
    __scatterload                            0x080001b5   Thumb Code     0  __scatter.o(!!!scatter)
    __scatterload_rt2                        0x080001b5   Thumb Code    44  __scatter.o(!!!scatter)
    __scatterload_rt2_thumb_only             0x080001b5   Thumb Code     0  __scatter.o(!!!scatter)
    __scatterload_null                       0x080001c3   Thumb Code     0  __scatter.o(!!!scatter)
    __scatterload_copy                       0x080001e9   Thumb Code    26  __scatter_copy.o(!!handler_copy)
    __scatterload_zeroinit                   0x08000205   Thumb Code    28  __scatter_zi.o(!!handler_zi)
    _printf_f                                0x08000221   Thumb Code     0  _printf_f.o(.ARM.Collect$$_printf_percent$$00000003)
    _printf_percent                          0x08000221   Thumb Code     0  _printf_percent.o(.ARM.Collect$$_printf_percent$$00000000)
    _printf_d                                0x08000227   Thumb Code     0  _printf_d.o(.ARM.Collect$$_printf_percent$$00000009)
    _printf_percent_end                      0x0800022d   Thumb Code     0  _printf_percent_end.o(.ARM.Collect$$_printf_percent$$00000017)
    __rt_lib_init                            0x08000231   Thumb Code     0  libinit.o(.ARM.Collect$$libinit$$00000000)
    __rt_lib_init_fp_1                       0x08000233   Thumb Code     0  libinit2.o(.ARM.Collect$$libinit$$00000001)
    __rt_lib_init_heap_1                     0x08000237   Thumb Code     0  libinit2.o(.ARM.Collect$$libinit$$00000008)
    __rt_lib_init_lc_common                  0x08000237   Thumb Code     0  libinit2.o(.ARM.Collect$$libinit$$0000000D)
    __rt_lib_init_rand_1                     0x08000237   Thumb Code     0  libinit2.o(.ARM.Collect$$libinit$$0000000C)
    __rt_lib_init_user_alloc_1               0x08000237   Thumb Code     0  libinit2.o(.ARM.Collect$$libinit$$0000000A)
    __rt_lib_init_lc_collate_1               0x0800023d   Thumb Code     0  libinit2.o(.ARM.Collect$$libinit$$0000000F)
    __rt_lib_init_lc_ctype_2                 0x0800023d   Thumb Code     0  libinit2.o(.ARM.Collect$$libinit$$00000010)
    __rt_lib_init_lc_ctype_1                 0x08000249   Thumb Code     0  libinit2.o(.ARM.Collect$$libinit$$00000011)
    __rt_lib_init_lc_monetary_1              0x08000249   Thumb Code     0  libinit2.o(.ARM.Collect$$libinit$$00000013)
    __rt_lib_init_lc_numeric_2               0x08000249   Thumb Code     0  libinit2.o(.ARM.Collect$$libinit$$00000014)
    __rt_lib_init_alloca_1                   0x08000253   Thumb Code     0  libinit2.o(.ARM.Collect$$libinit$$0000002C)
    __rt_lib_init_argv_1                     0x08000253   Thumb Code     0  libinit2.o(.ARM.Collect$$libinit$$0000002A)
    __rt_lib_init_atexit_1                   0x08000253   Thumb Code     0  libinit2.o(.ARM.Collect$$libinit$$00000019)
    __rt_lib_init_clock_1                    0x08000253   Thumb Code     0  libinit2.o(.ARM.Collect$$libinit$$0000001F)
    __rt_lib_init_cpp_1                      0x08000253   Thumb Code     0  libinit2.o(.ARM.Collect$$libinit$$00000030)
    __rt_lib_init_exceptions_1               0x08000253   Thumb Code     0  libinit2.o(.ARM.Collect$$libinit$$0000002E)
    __rt_lib_init_fp_trap_1                  0x08000253   Thumb Code     0  libinit2.o(.ARM.Collect$$libinit$$0000001D)
    __rt_lib_init_getenv_1                   0x08000253   Thumb Code     0  libinit2.o(.ARM.Collect$$libinit$$00000021)
    __rt_lib_init_lc_numeric_1               0x08000253   Thumb Code     0  libinit2.o(.ARM.Collect$$libinit$$00000015)
    __rt_lib_init_lc_time_1                  0x08000253   Thumb Code     0  libinit2.o(.ARM.Collect$$libinit$$00000017)
    __rt_lib_init_return                     0x08000253   Thumb Code     0  libinit2.o(.ARM.Collect$$libinit$$00000031)
    __rt_lib_init_signal_1                   0x08000253   Thumb Code     0  libinit2.o(.ARM.Collect$$libinit$$0000001B)
    __rt_lib_init_stdio_1                    0x08000253   Thumb Code     0  libinit2.o(.ARM.Collect$$libinit$$00000023)
    __rt_lib_shutdown                        0x08000255   Thumb Code     0  libshutdown.o(.ARM.Collect$$libshutdown$$00000000)
    __rt_lib_shutdown_fp_trap_1              0x08000257   Thumb Code     0  libshutdown2.o(.ARM.Collect$$libshutdown$$00000006)
    __rt_lib_shutdown_heap_1                 0x08000257   Thumb Code     0  libshutdown2.o(.ARM.Collect$$libshutdown$$0000000E)
    __rt_lib_shutdown_return                 0x08000257   Thumb Code     0  libshutdown2.o(.ARM.Collect$$libshutdown$$0000000F)
    __rt_lib_shutdown_signal_1               0x08000257   Thumb Code     0  libshutdown2.o(.ARM.Collect$$libshutdown$$00000009)
    __rt_lib_shutdown_stdio_1                0x08000257   Thumb Code     0  libshutdown2.o(.ARM.Collect$$libshutdown$$00000003)
    __rt_lib_shutdown_user_alloc_1           0x08000257   Thumb Code     0  libshutdown2.o(.ARM.Collect$$libshutdown$$0000000B)
    __rt_entry                               0x08000259   Thumb Code     0  rtentry.o(.ARM.Collect$$rtentry$$00000000)
    __rt_entry_presh_1                       0x08000259   Thumb Code     0  rtentry2.o(.ARM.Collect$$rtentry$$00000002)
    __rt_entry_sh                            0x08000259   Thumb Code     0  rtentry4.o(.ARM.Collect$$rtentry$$00000004)
    __rt_entry_li                            0x0800025f   Thumb Code     0  rtentry2.o(.ARM.Collect$$rtentry$$0000000A)
    __rt_entry_postsh_1                      0x0800025f   Thumb Code     0  rtentry2.o(.ARM.Collect$$rtentry$$00000009)
    __rt_entry_main                          0x08000263   Thumb Code     0  rtentry2.o(.ARM.Collect$$rtentry$$0000000D)
    __rt_entry_postli_1                      0x08000263   Thumb Code     0  rtentry2.o(.ARM.Collect$$rtentry$$0000000C)
    __rt_exit                                0x0800026b   Thumb Code     0  rtexit.o(.ARM.Collect$$rtexit$$00000000)
    __rt_exit_ls                             0x0800026d   Thumb Code     0  rtexit2.o(.ARM.Collect$$rtexit$$00000003)
    __rt_exit_prels_1                        0x0800026d   Thumb Code     0  rtexit2.o(.ARM.Collect$$rtexit$$00000002)
    __rt_exit_exit                           0x08000271   Thumb Code     0  rtexit2.o(.ARM.Collect$$rtexit$$00000004)
    Reset_Handler                            0x08000279   Thumb Code     8  startup_stm32f429_439xx.o(.text)
    ADC_IRQHandler                           0x08000293   Thumb Code     0  startup_stm32f429_439xx.o(.text)
    CAN1_RX0_IRQHandler                      0x08000293   Thumb Code     0  startup_stm32f429_439xx.o(.text)
    CAN1_RX1_IRQHandler                      0x08000293   Thumb Code     0  startup_stm32f429_439xx.o(.text)
    CAN1_SCE_IRQHandler                      0x08000293   Thumb Code     0  startup_stm32f429_439xx.o(.text)
    CAN1_TX_IRQHandler                       0x08000293   Thumb Code     0  startup_stm32f429_439xx.o(.text)
    CAN2_RX0_IRQHandler                      0x08000293   Thumb Code     0  startup_stm32f429_439xx.o(.text)
    CAN2_RX1_IRQHandler                      0x08000293   Thumb Code     0  startup_stm32f429_439xx.o(.text)
    CAN2_SCE_IRQHandler                      0x08000293   Thumb Code     0  startup_stm32f429_439xx.o(.text)
    CAN2_TX_IRQHandler                       0x08000293   Thumb Code     0  startup_stm32f429_439xx.o(.text)
    CRYP_IRQHandler                          0x08000293   Thumb Code     0  startup_stm32f429_439xx.o(.text)
    DCMI_IRQHandler                          0x08000293   Thumb Code     0  startup_stm32f429_439xx.o(.text)
    DMA1_Stream0_IRQHandler                  0x08000293   Thumb Code     0  startup_stm32f429_439xx.o(.text)
    DMA1_Stream1_IRQHandler                  0x08000293   Thumb Code     0  startup_stm32f429_439xx.o(.text)
    DMA1_Stream3_IRQHandler                  0x08000293   Thumb Code     0  startup_stm32f429_439xx.o(.text)
    DMA1_Stream5_IRQHandler                  0x08000293   Thumb Code     0  startup_stm32f429_439xx.o(.text)
    DMA1_Stream6_IRQHandler                  0x08000293   Thumb Code     0  startup_stm32f429_439xx.o(.text)
    DMA1_Stream7_IRQHandler                  0x08000293   Thumb Code     0  startup_stm32f429_439xx.o(.text)
    DMA2D_IRQHandler                         0x08000293   Thumb Code     0  startup_stm32f429_439xx.o(.text)
    DMA2_Stream0_IRQHandler                  0x08000293   Thumb Code     0  startup_stm32f429_439xx.o(.text)
    DMA2_Stream1_IRQHandler                  0x08000293   Thumb Code     0  startup_stm32f429_439xx.o(.text)
    DMA2_Stream2_IRQHandler                  0x08000293   Thumb Code     0  startup_stm32f429_439xx.o(.text)
    DMA2_Stream3_IRQHandler                  0x08000293   Thumb Code     0  startup_stm32f429_439xx.o(.text)
    DMA2_Stream4_IRQHandler                  0x08000293   Thumb Code     0  startup_stm32f429_439xx.o(.text)
    DMA2_Stream5_IRQHandler                  0x08000293   Thumb Code     0  startup_stm32f429_439xx.o(.text)
    DMA2_Stream6_IRQHandler                  0x08000293   Thumb Code     0  startup_stm32f429_439xx.o(.text)
    DMA2_Stream7_IRQHandler                  0x08000293   Thumb Code     0  startup_stm32f429_439xx.o(.text)
    ETH_IRQHandler                           0x08000293   Thumb Code     0  startup_stm32f429_439xx.o(.text)
    ETH_WKUP_IRQHandler                      0x08000293   Thumb Code     0  startup_stm32f429_439xx.o(.text)
    EXTI0_IRQHandler                         0x08000293   Thumb Code     0  startup_stm32f429_439xx.o(.text)
    EXTI15_10_IRQHandler                     0x08000293   Thumb Code     0  startup_stm32f429_439xx.o(.text)
    EXTI1_IRQHandler                         0x08000293   Thumb Code     0  startup_stm32f429_439xx.o(.text)
    EXTI2_IRQHandler                         0x08000293   Thumb Code     0  startup_stm32f429_439xx.o(.text)
    EXTI3_IRQHandler                         0x08000293   Thumb Code     0  startup_stm32f429_439xx.o(.text)
    EXTI4_IRQHandler                         0x08000293   Thumb Code     0  startup_stm32f429_439xx.o(.text)
    EXTI9_5_IRQHandler                       0x08000293   Thumb Code     0  startup_stm32f429_439xx.o(.text)
    FLASH_IRQHandler                         0x08000293   Thumb Code     0  startup_stm32f429_439xx.o(.text)
    FMC_IRQHandler                           0x08000293   Thumb Code     0  startup_stm32f429_439xx.o(.text)
    FPU_IRQHandler                           0x08000293   Thumb Code     0  startup_stm32f429_439xx.o(.text)
    HASH_RNG_IRQHandler                      0x08000293   Thumb Code     0  startup_stm32f429_439xx.o(.text)
    I2C1_ER_IRQHandler                       0x08000293   Thumb Code     0  startup_stm32f429_439xx.o(.text)
    I2C1_EV_IRQHandler                       0x08000293   Thumb Code     0  startup_stm32f429_439xx.o(.text)
    I2C2_ER_IRQHandler                       0x08000293   Thumb Code     0  startup_stm32f429_439xx.o(.text)
    I2C2_EV_IRQHandler                       0x08000293   Thumb Code     0  startup_stm32f429_439xx.o(.text)
    I2C3_ER_IRQHandler                       0x08000293   Thumb Code     0  startup_stm32f429_439xx.o(.text)
    I2C3_EV_IRQHandler                       0x08000293   Thumb Code     0  startup_stm32f429_439xx.o(.text)
    LTDC_ER_IRQHandler                       0x08000293   Thumb Code     0  startup_stm32f429_439xx.o(.text)
    LTDC_IRQHandler                          0x08000293   Thumb Code     0  startup_stm32f429_439xx.o(.text)
    OTG_FS_IRQHandler                        0x08000293   Thumb Code     0  startup_stm32f429_439xx.o(.text)
    OTG_FS_WKUP_IRQHandler                   0x08000293   Thumb Code     0  startup_stm32f429_439xx.o(.text)
    OTG_HS_EP1_IN_IRQHandler                 0x08000293   Thumb Code     0  startup_stm32f429_439xx.o(.text)
    OTG_HS_EP1_OUT_IRQHandler                0x08000293   Thumb Code     0  startup_stm32f429_439xx.o(.text)
    OTG_HS_IRQHandler                        0x08000293   Thumb Code     0  startup_stm32f429_439xx.o(.text)
    OTG_HS_WKUP_IRQHandler                   0x08000293   Thumb Code     0  startup_stm32f429_439xx.o(.text)
    PVD_IRQHandler                           0x08000293   Thumb Code     0  startup_stm32f429_439xx.o(.text)
    RCC_IRQHandler                           0x08000293   Thumb Code     0  startup_stm32f429_439xx.o(.text)
    RTC_Alarm_IRQHandler                     0x08000293   Thumb Code     0  startup_stm32f429_439xx.o(.text)
    RTC_WKUP_IRQHandler                      0x08000293   Thumb Code     0  startup_stm32f429_439xx.o(.text)
    SAI1_IRQHandler                          0x08000293   Thumb Code     0  startup_stm32f429_439xx.o(.text)
    SDIO_IRQHandler                          0x08000293   Thumb Code     0  startup_stm32f429_439xx.o(.text)
    SPI1_IRQHandler                          0x08000293   Thumb Code     0  startup_stm32f429_439xx.o(.text)
    SPI2_IRQHandler                          0x08000293   Thumb Code     0  startup_stm32f429_439xx.o(.text)
    SPI3_IRQHandler                          0x08000293   Thumb Code     0  startup_stm32f429_439xx.o(.text)
    SPI4_IRQHandler                          0x08000293   Thumb Code     0  startup_stm32f429_439xx.o(.text)
    SPI5_IRQHandler                          0x08000293   Thumb Code     0  startup_stm32f429_439xx.o(.text)
    SPI6_IRQHandler                          0x08000293   Thumb Code     0  startup_stm32f429_439xx.o(.text)
    TAMP_STAMP_IRQHandler                    0x08000293   Thumb Code     0  startup_stm32f429_439xx.o(.text)
    TIM1_BRK_TIM9_IRQHandler                 0x08000293   Thumb Code     0  startup_stm32f429_439xx.o(.text)
    TIM1_CC_IRQHandler                       0x08000293   Thumb Code     0  startup_stm32f429_439xx.o(.text)
    TIM1_TRG_COM_TIM11_IRQHandler            0x08000293   Thumb Code     0  startup_stm32f429_439xx.o(.text)
    TIM1_UP_TIM10_IRQHandler                 0x08000293   Thumb Code     0  startup_stm32f429_439xx.o(.text)
    TIM2_IRQHandler                          0x08000293   Thumb Code     0  startup_stm32f429_439xx.o(.text)
    TIM3_IRQHandler                          0x08000293   Thumb Code     0  startup_stm32f429_439xx.o(.text)
    TIM4_IRQHandler                          0x08000293   Thumb Code     0  startup_stm32f429_439xx.o(.text)
    TIM5_IRQHandler                          0x08000293   Thumb Code     0  startup_stm32f429_439xx.o(.text)
    TIM6_DAC_IRQHandler                      0x08000293   Thumb Code     0  startup_stm32f429_439xx.o(.text)
    TIM7_IRQHandler                          0x08000293   Thumb Code     0  startup_stm32f429_439xx.o(.text)
    TIM8_BRK_TIM12_IRQHandler                0x08000293   Thumb Code     0  startup_stm32f429_439xx.o(.text)
    TIM8_CC_IRQHandler                       0x08000293   Thumb Code     0  startup_stm32f429_439xx.o(.text)
    TIM8_TRG_COM_TIM14_IRQHandler            0x08000293   Thumb Code     0  startup_stm32f429_439xx.o(.text)
    TIM8_UP_TIM13_IRQHandler                 0x08000293   Thumb Code     0  startup_stm32f429_439xx.o(.text)
    UART4_IRQHandler                         0x08000293   Thumb Code     0  startup_stm32f429_439xx.o(.text)
    UART5_IRQHandler                         0x08000293   Thumb Code     0  startup_stm32f429_439xx.o(.text)
    UART7_IRQHandler                         0x08000293   Thumb Code     0  startup_stm32f429_439xx.o(.text)
    UART8_IRQHandler                         0x08000293   Thumb Code     0  startup_stm32f429_439xx.o(.text)
    USART1_IRQHandler                        0x08000293   Thumb Code     0  startup_stm32f429_439xx.o(.text)
    USART2_IRQHandler                        0x08000293   Thumb Code     0  startup_stm32f429_439xx.o(.text)
    USART6_IRQHandler                        0x08000293   Thumb Code     0  startup_stm32f429_439xx.o(.text)
    WWDG_IRQHandler                          0x08000293   Thumb Code     0  startup_stm32f429_439xx.o(.text)
    __user_initial_stackheap                 0x08000295   Thumb Code     0  startup_stm32f429_439xx.o(.text)
    SystemInit                               0x08000377   Thumb Code    74  system_stm32f4xx.o(.text)
    SystemCoreClockUpdate                    0x080003c1   Thumb Code   108  system_stm32f4xx.o(.text)
    NVIC_PriorityGroupConfig                 0x08000451   Thumb Code    10  misc.o(.text)
    NVIC_Init                                0x0800045b   Thumb Code    92  misc.o(.text)
    NVIC_SetVectorTable                      0x080004b7   Thumb Code    14  misc.o(.text)
    NVIC_SystemLPConfig                      0x080004c5   Thumb Code    20  misc.o(.text)
    SysTick_CLKSourceConfig                  0x080004d9   Thumb Code    24  misc.o(.text)
    DMA_DeInit                               0x08000501   Thumb Code   272  stm32f4xx_dma.o(.text)
    DMA_Init                                 0x08000611   Thumb Code    80  stm32f4xx_dma.o(.text)
    DMA_StructInit                           0x08000661   Thumb Code    34  stm32f4xx_dma.o(.text)
    DMA_Cmd                                  0x08000683   Thumb Code    20  stm32f4xx_dma.o(.text)
    DMA_PeriphIncOffsetSizeConfig            0x08000697   Thumb Code    20  stm32f4xx_dma.o(.text)
    DMA_FlowControllerConfig                 0x080006ab   Thumb Code    20  stm32f4xx_dma.o(.text)
    DMA_SetCurrDataCounter                   0x080006bf   Thumb Code     4  stm32f4xx_dma.o(.text)
    DMA_GetCurrDataCounter                   0x080006c3   Thumb Code     6  stm32f4xx_dma.o(.text)
    DMA_DoubleBufferModeConfig               0x080006c9   Thumb Code    22  stm32f4xx_dma.o(.text)
    DMA_DoubleBufferModeCmd                  0x080006df   Thumb Code    20  stm32f4xx_dma.o(.text)
    DMA_MemoryTargetConfig                   0x080006f3   Thumb Code    10  stm32f4xx_dma.o(.text)
    DMA_GetCurrentMemoryTarget               0x080006fd   Thumb Code    14  stm32f4xx_dma.o(.text)
    DMA_GetCmdStatus                         0x0800070b   Thumb Code    14  stm32f4xx_dma.o(.text)
    DMA_GetFIFOStatus                        0x08000719   Thumb Code     8  stm32f4xx_dma.o(.text)
    DMA_GetFlagStatus                        0x08000721   Thumb Code    42  stm32f4xx_dma.o(.text)
    DMA_ClearFlag                            0x0800074b   Thumb Code    34  stm32f4xx_dma.o(.text)
    DMA_ITConfig                             0x0800076d   Thumb Code    44  stm32f4xx_dma.o(.text)
    DMA_GetITStatus                          0x08000799   Thumb Code    70  stm32f4xx_dma.o(.text)
    DMA_ClearITPendingBit                    0x080007df   Thumb Code    34  stm32f4xx_dma.o(.text)
    EXTI_DeInit                              0x08000821   Thumb Code    28  stm32f4xx_exti.o(.text)
    EXTI_Init                                0x0800083d   Thumb Code   108  stm32f4xx_exti.o(.text)
    EXTI_StructInit                          0x080008a9   Thumb Code    14  stm32f4xx_exti.o(.text)
    EXTI_GenerateSWInterrupt                 0x080008b7   Thumb Code    12  stm32f4xx_exti.o(.text)
    EXTI_GetFlagStatus                       0x080008c3   Thumb Code    18  stm32f4xx_exti.o(.text)
    EXTI_ClearFlag                           0x080008d5   Thumb Code     8  stm32f4xx_exti.o(.text)
    EXTI_GetITStatus                         0x080008dd   Thumb Code    18  stm32f4xx_exti.o(.text)
    EXTI_ClearITPendingBit                   0x080008ef   Thumb Code     8  stm32f4xx_exti.o(.text)
    GPIO_DeInit                              0x08000901   Thumb Code   216  stm32f4xx_gpio.o(.text)
    GPIO_Init                                0x080009d9   Thumb Code   120  stm32f4xx_gpio.o(.text)
    GPIO_StructInit                          0x08000a51   Thumb Code    18  stm32f4xx_gpio.o(.text)
    GPIO_PinLockConfig                       0x08000a63   Thumb Code    24  stm32f4xx_gpio.o(.text)
    GPIO_ReadInputDataBit                    0x08000a7b   Thumb Code    14  stm32f4xx_gpio.o(.text)
    GPIO_ReadInputData                       0x08000a89   Thumb Code     6  stm32f4xx_gpio.o(.text)
    GPIO_ReadOutputDataBit                   0x08000a8f   Thumb Code    14  stm32f4xx_gpio.o(.text)
    GPIO_ReadOutputData                      0x08000a9d   Thumb Code     6  stm32f4xx_gpio.o(.text)
    GPIO_SetBits                             0x08000aa3   Thumb Code     4  stm32f4xx_gpio.o(.text)
    GPIO_ResetBits                           0x08000aa7   Thumb Code     4  stm32f4xx_gpio.o(.text)
    GPIO_WriteBit                            0x08000aab   Thumb Code    10  stm32f4xx_gpio.o(.text)
    GPIO_Write                               0x08000ab5   Thumb Code     4  stm32f4xx_gpio.o(.text)
    GPIO_ToggleBits                          0x08000ab9   Thumb Code     8  stm32f4xx_gpio.o(.text)
    GPIO_PinAFConfig                         0x08000ac1   Thumb Code    32  stm32f4xx_gpio.o(.text)
    I2C_DeInit                               0x08000b0d   Thumb Code    56  stm32f4xx_i2c.o(.text)
    I2C_Init                                 0x08000b45   Thumb Code   172  stm32f4xx_i2c.o(.text)
    I2C_StructInit                           0x08000bf1   Thumb Code    28  stm32f4xx_i2c.o(.text)
    I2C_Cmd                                  0x08000c0d   Thumb Code    20  stm32f4xx_i2c.o(.text)
    I2C_AnalogFilterCmd                      0x08000c21   Thumb Code    20  stm32f4xx_i2c.o(.text)
    I2C_DigitalFilterConfig                  0x08000c35   Thumb Code    16  stm32f4xx_i2c.o(.text)
    I2C_GenerateSTART                        0x08000c45   Thumb Code    20  stm32f4xx_i2c.o(.text)
    I2C_GenerateSTOP                         0x08000c59   Thumb Code    20  stm32f4xx_i2c.o(.text)
    I2C_Send7bitAddress                      0x08000c6d   Thumb Code    16  stm32f4xx_i2c.o(.text)
    I2C_AcknowledgeConfig                    0x08000c7d   Thumb Code    20  stm32f4xx_i2c.o(.text)
    I2C_OwnAddress2Config                    0x08000c91   Thumb Code    16  stm32f4xx_i2c.o(.text)
    I2C_DualAddressCmd                       0x08000ca1   Thumb Code    20  stm32f4xx_i2c.o(.text)
    I2C_GeneralCallCmd                       0x08000cb5   Thumb Code    20  stm32f4xx_i2c.o(.text)
    I2C_SoftwareResetCmd                     0x08000cc9   Thumb Code    20  stm32f4xx_i2c.o(.text)
    I2C_StretchClockCmd                      0x08000cdd   Thumb Code    20  stm32f4xx_i2c.o(.text)
    I2C_FastModeDutyCycleConfig              0x08000cf1   Thumb Code    22  stm32f4xx_i2c.o(.text)
    I2C_NACKPositionConfig                   0x08000d07   Thumb Code    22  stm32f4xx_i2c.o(.text)
    I2C_SMBusAlertConfig                     0x08000d1d   Thumb Code    22  stm32f4xx_i2c.o(.text)
    I2C_ARPCmd                               0x08000d33   Thumb Code    20  stm32f4xx_i2c.o(.text)
    I2C_SendData                             0x08000d47   Thumb Code     4  stm32f4xx_i2c.o(.text)
    I2C_ReceiveData                          0x08000d4b   Thumb Code     6  stm32f4xx_i2c.o(.text)
    I2C_TransmitPEC                          0x08000d51   Thumb Code    20  stm32f4xx_i2c.o(.text)
    I2C_PECPositionConfig                    0x08000d65   Thumb Code    22  stm32f4xx_i2c.o(.text)
    I2C_CalculatePEC                         0x08000d7b   Thumb Code    20  stm32f4xx_i2c.o(.text)
    I2C_GetPEC                               0x08000d8f   Thumb Code     6  stm32f4xx_i2c.o(.text)
    I2C_DMACmd                               0x08000d95   Thumb Code    20  stm32f4xx_i2c.o(.text)
    I2C_DMALastTransferCmd                   0x08000da9   Thumb Code    20  stm32f4xx_i2c.o(.text)
    I2C_ReadRegister                         0x08000dbd   Thumb Code    10  stm32f4xx_i2c.o(.text)
    I2C_ITConfig                             0x08000dc7   Thumb Code    16  stm32f4xx_i2c.o(.text)
    I2C_CheckEvent                           0x08000dd7   Thumb Code    24  stm32f4xx_i2c.o(.text)
    I2C_GetLastEvent                         0x08000def   Thumb Code    14  stm32f4xx_i2c.o(.text)
    I2C_GetFlagStatus                        0x08000dfd   Thumb Code    42  stm32f4xx_i2c.o(.text)
    I2C_ClearFlag                            0x08000e27   Thumb Code     6  stm32f4xx_i2c.o(.text)
    I2C_GetITStatus                          0x08000e2d   Thumb Code    36  stm32f4xx_i2c.o(.text)
    I2C_ClearITPendingBit                    0x08000e51   Thumb Code     6  stm32f4xx_i2c.o(.text)
    RCC_DeInit                               0x08000e6d   Thumb Code    68  stm32f4xx_rcc.o(.text)
    RCC_HSEConfig                            0x08000eb1   Thumb Code    12  stm32f4xx_rcc.o(.text)
    RCC_GetFlagStatus                        0x08000ebd   Thumb Code    46  stm32f4xx_rcc.o(.text)
    RCC_WaitForHSEStartUp                    0x08000eeb   Thumb Code    44  stm32f4xx_rcc.o(.text)
    RCC_AdjustHSICalibrationValue            0x08000f17   Thumb Code    16  stm32f4xx_rcc.o(.text)
    RCC_HSICmd                               0x08000f27   Thumb Code     6  stm32f4xx_rcc.o(.text)
    RCC_LSEConfig                            0x08000f2d   Thumb Code    24  stm32f4xx_rcc.o(.text)
    RCC_LSICmd                               0x08000f45   Thumb Code     6  stm32f4xx_rcc.o(.text)
    RCC_PLLConfig                            0x08000f4b   Thumb Code    32  stm32f4xx_rcc.o(.text)
    RCC_PLLCmd                               0x08000f6b   Thumb Code     6  stm32f4xx_rcc.o(.text)
    RCC_PLLI2SConfig                         0x08000f71   Thumb Code    18  stm32f4xx_rcc.o(.text)
    RCC_PLLI2SCmd                            0x08000f83   Thumb Code     6  stm32f4xx_rcc.o(.text)
    RCC_PLLSAIConfig                         0x08000f89   Thumb Code    18  stm32f4xx_rcc.o(.text)
    RCC_PLLSAICmd                            0x08000f9b   Thumb Code     6  stm32f4xx_rcc.o(.text)
    RCC_ClockSecuritySystemCmd               0x08000fa1   Thumb Code     6  stm32f4xx_rcc.o(.text)
    RCC_MCO1Config                           0x08000fa7   Thumb Code    18  stm32f4xx_rcc.o(.text)
    RCC_MCO2Config                           0x08000fb9   Thumb Code    18  stm32f4xx_rcc.o(.text)
    RCC_SYSCLKConfig                         0x08000fcb   Thumb Code    16  stm32f4xx_rcc.o(.text)
    RCC_GetSYSCLKSource                      0x08000fdb   Thumb Code    12  stm32f4xx_rcc.o(.text)
    RCC_HCLKConfig                           0x08000fe7   Thumb Code    16  stm32f4xx_rcc.o(.text)
    RCC_PCLK1Config                          0x08000ff7   Thumb Code    16  stm32f4xx_rcc.o(.text)
    RCC_PCLK2Config                          0x08001007   Thumb Code    18  stm32f4xx_rcc.o(.text)
    RCC_GetClocksFreq                        0x08001019   Thumb Code   134  stm32f4xx_rcc.o(.text)
    RCC_RTCCLKConfig                         0x0800109f   Thumb Code    42  stm32f4xx_rcc.o(.text)
    RCC_RTCCLKCmd                            0x080010c9   Thumb Code     8  stm32f4xx_rcc.o(.text)
    RCC_BackupResetCmd                       0x080010d1   Thumb Code     8  stm32f4xx_rcc.o(.text)
    RCC_I2SCLKConfig                         0x080010d9   Thumb Code     6  stm32f4xx_rcc.o(.text)
    RCC_SAIPLLI2SClkDivConfig                0x080010df   Thumb Code    18  stm32f4xx_rcc.o(.text)
    RCC_SAIPLLSAIClkDivConfig                0x080010f1   Thumb Code    24  stm32f4xx_rcc.o(.text)
    RCC_SAIBlockACLKConfig                   0x08001109   Thumb Code    16  stm32f4xx_rcc.o(.text)
    RCC_SAIBlockBCLKConfig                   0x08001119   Thumb Code    16  stm32f4xx_rcc.o(.text)
    RCC_LTDCCLKDivConfig                     0x08001129   Thumb Code    16  stm32f4xx_rcc.o(.text)
    RCC_TIMCLKPresConfig                     0x08001139   Thumb Code     6  stm32f4xx_rcc.o(.text)
    RCC_AHB1PeriphClockCmd                   0x0800113f   Thumb Code    20  stm32f4xx_rcc.o(.text)
    RCC_AHB2PeriphClockCmd                   0x08001153   Thumb Code    20  stm32f4xx_rcc.o(.text)
    RCC_AHB3PeriphClockCmd                   0x08001167   Thumb Code    20  stm32f4xx_rcc.o(.text)
    RCC_APB1PeriphClockCmd                   0x0800117b   Thumb Code    20  stm32f4xx_rcc.o(.text)
    RCC_APB2PeriphClockCmd                   0x0800118f   Thumb Code    20  stm32f4xx_rcc.o(.text)
    RCC_AHB1PeriphResetCmd                   0x080011a3   Thumb Code    20  stm32f4xx_rcc.o(.text)
    RCC_AHB2PeriphResetCmd                   0x080011b7   Thumb Code    20  stm32f4xx_rcc.o(.text)
    RCC_AHB3PeriphResetCmd                   0x080011cb   Thumb Code    20  stm32f4xx_rcc.o(.text)
    RCC_APB1PeriphResetCmd                   0x080011df   Thumb Code    20  stm32f4xx_rcc.o(.text)
    RCC_APB2PeriphResetCmd                   0x080011f3   Thumb Code    20  stm32f4xx_rcc.o(.text)
    RCC_AHB1PeriphClockLPModeCmd             0x08001207   Thumb Code    20  stm32f4xx_rcc.o(.text)
    RCC_AHB2PeriphClockLPModeCmd             0x0800121b   Thumb Code    20  stm32f4xx_rcc.o(.text)
    RCC_AHB3PeriphClockLPModeCmd             0x0800122f   Thumb Code    20  stm32f4xx_rcc.o(.text)
    RCC_APB1PeriphClockLPModeCmd             0x08001243   Thumb Code    68  stm32f4xx_rcc.o(.text)
    RCC_APB2PeriphClockLPModeCmd             0x08001287   Thumb Code    18  stm32f4xx_rcc.o(.text)
    RCC_ITConfig                             0x08001299   Thumb Code    20  stm32f4xx_rcc.o(.text)
    RCC_ClearFlag                            0x080012ad   Thumb Code    14  stm32f4xx_rcc.o(.text)
    RCC_GetITStatus                          0x080012bb   Thumb Code    18  stm32f4xx_rcc.o(.text)
    RCC_ClearITPendingBit                    0x080012cd   Thumb Code     8  stm32f4xx_rcc.o(.text)
    SYSCFG_DeInit                            0x080012d9   Thumb Code    24  stm32f4xx_syscfg.o(.text)
    SYSCFG_MemoryRemapConfig                 0x080012f1   Thumb Code     6  stm32f4xx_syscfg.o(.text)
    SYSCFG_MemorySwappingBank                0x080012f7   Thumb Code     6  stm32f4xx_syscfg.o(.text)
    SYSCFG_EXTILineConfig                    0x080012fd   Thumb Code    36  stm32f4xx_syscfg.o(.text)
    SYSCFG_ETH_MediaInterfaceConfig          0x08001321   Thumb Code     8  stm32f4xx_syscfg.o(.text)
    SYSCFG_CompensationCellCmd               0x08001329   Thumb Code     6  stm32f4xx_syscfg.o(.text)
    SYSCFG_GetCompensationCellStatus         0x0800132f   Thumb Code    16  stm32f4xx_syscfg.o(.text)
    USART_DeInit                             0x0800134d   Thumb Code   138  stm32f4xx_usart.o(.text)
    USART_Init                               0x080013d7   Thumb Code   174  stm32f4xx_usart.o(.text)
    USART_StructInit                         0x08001485   Thumb Code    22  stm32f4xx_usart.o(.text)
    USART_ClockInit                          0x0800149b   Thumb Code    28  stm32f4xx_usart.o(.text)
    USART_ClockStructInit                    0x080014b7   Thumb Code    12  stm32f4xx_usart.o(.text)
    USART_Cmd                                0x080014c3   Thumb Code    20  stm32f4xx_usart.o(.text)
    USART_SetPrescaler                       0x080014d7   Thumb Code    16  stm32f4xx_usart.o(.text)
    USART_OverSampling8Cmd                   0x080014e7   Thumb Code    20  stm32f4xx_usart.o(.text)
    USART_OneBitMethodCmd                    0x080014fb   Thumb Code    20  stm32f4xx_usart.o(.text)
    USART_SendData                           0x0800150f   Thumb Code     8  stm32f4xx_usart.o(.text)
    USART_ReceiveData                        0x08001517   Thumb Code     8  stm32f4xx_usart.o(.text)
    USART_SetAddress                         0x0800151f   Thumb Code    16  stm32f4xx_usart.o(.text)
    USART_ReceiverWakeUpCmd                  0x0800152f   Thumb Code    20  stm32f4xx_usart.o(.text)
    USART_WakeUpConfig                       0x08001543   Thumb Code    16  stm32f4xx_usart.o(.text)
    USART_LINBreakDetectLengthConfig         0x08001553   Thumb Code    16  stm32f4xx_usart.o(.text)
    USART_LINCmd                             0x08001563   Thumb Code    20  stm32f4xx_usart.o(.text)
    USART_SendBreak                          0x08001577   Thumb Code    10  stm32f4xx_usart.o(.text)
    USART_HalfDuplexCmd                      0x08001581   Thumb Code    20  stm32f4xx_usart.o(.text)
    USART_SetGuardTime                       0x08001595   Thumb Code    16  stm32f4xx_usart.o(.text)
    USART_SmartCardCmd                       0x080015a5   Thumb Code    20  stm32f4xx_usart.o(.text)
    USART_SmartCardNACKCmd                   0x080015b9   Thumb Code    20  stm32f4xx_usart.o(.text)
    USART_IrDAConfig                         0x080015cd   Thumb Code    16  stm32f4xx_usart.o(.text)
    USART_IrDACmd                            0x080015dd   Thumb Code    20  stm32f4xx_usart.o(.text)
    USART_DMACmd                             0x080015f1   Thumb Code    16  stm32f4xx_usart.o(.text)
    USART_ITConfig                           0x08001601   Thumb Code    48  stm32f4xx_usart.o(.text)
    USART_GetFlagStatus                      0x08001631   Thumb Code    14  stm32f4xx_usart.o(.text)
    USART_ClearFlag                          0x0800163f   Thumb Code     6  stm32f4xx_usart.o(.text)
    USART_GetITStatus                        0x08001645   Thumb Code    62  stm32f4xx_usart.o(.text)
    USART_ClearITPendingBit                  0x08001683   Thumb Code    12  stm32f4xx_usart.o(.text)
    queue_push_string                        0x080016b1   Thumb Code    32  main.o(.text)
    uart_send                                0x080016d1   Thumb Code    34  main.o(.text)
    get_data                                 0x080016f3   Thumb Code    60  main.o(.text)
    from_receive_to_send                     0x0800172f   Thumb Code    54  main.o(.text)
    uart_receive                             0x08001765   Thumb Code    28  main.o(.text)
    blink                                    0x08001781   Thumb Code   156  main.o(.text)
    simple_led                               0x0800181d   Thumb Code   170  main.o(.text)
    option2_print_result                     0x080018c7   Thumb Code    44  main.o(.text)
    option2_input_operand                    0x080018f3   Thumb Code   170  main.o(.text)
    module                                   0x0800199d   Thumb Code    94  main.o(.text)
    divide                                   0x080019fb   Thumb Code    66  main.o(.text)
    multiply                                 0x08001a3d   Thumb Code    38  main.o(.text)
    subtract                                 0x08001a63   Thumb Code    38  main.o(.text)
    plus                                     0x08001a89   Thumb Code    38  main.o(.text)
    basic_operation                          0x08001aaf   Thumb Code   340  main.o(.text)
    student_info                             0x08001c03   Thumb Code    22  main.o(.text)
    uart_interrupt_init                      0x08001c19   Thumb Code   170  main.o(.text)
    main                                     0x08001cc3   Thumb Code   152  main.o(.text)
    queue_init                               0x08001d79   Thumb Code    18  queue.o(.text)
    queue_is_empty                           0x08001d8b   Thumb Code    12  queue.o(.text)
    queue_is_full                            0x08001d97   Thumb Code    14  queue.o(.text)
    queue_push                               0x08001da5   Thumb Code    32  queue.o(.text)
    queue_pop                                0x08001dc5   Thumb Code    50  queue.o(.text)
    queue_peek                               0x08001df7   Thumb Code    26  queue.o(.text)
    NMI_Handler                              0x08001e11   Thumb Code     2  stm32f4xx_it.o(.text)
    HardFault_Handler                        0x08001e13   Thumb Code     2  stm32f4xx_it.o(.text)
    MemManage_Handler                        0x08001e15   Thumb Code     2  stm32f4xx_it.o(.text)
    BusFault_Handler                         0x08001e17   Thumb Code     2  stm32f4xx_it.o(.text)
    UsageFault_Handler                       0x08001e19   Thumb Code     2  stm32f4xx_it.o(.text)
    SVC_Handler                              0x08001e1b   Thumb Code     2  stm32f4xx_it.o(.text)
    DebugMon_Handler                         0x08001e1d   Thumb Code     2  stm32f4xx_it.o(.text)
    PendSV_Handler                           0x08001e1f   Thumb Code     2  stm32f4xx_it.o(.text)
    SysTick_Handler                          0x08001e21   Thumb Code     2  stm32f4xx_it.o(.text)
    USART3_IRQHandler                        0x08001e23   Thumb Code   132  stm32f4xx_it.o(.text)
    STM_EVAL_LEDInit                         0x08001eb9   Thumb Code    62  stm32f429i_discovery.o(.text)
    STM_EVAL_LEDOn                           0x08001ef7   Thumb Code    18  stm32f429i_discovery.o(.text)
    STM_EVAL_LEDOff                          0x08001f09   Thumb Code    18  stm32f429i_discovery.o(.text)
    STM_EVAL_LEDToggle                       0x08001f1b   Thumb Code    22  stm32f429i_discovery.o(.text)
    STM_EVAL_PBInit                          0x08001f31   Thumb Code   150  stm32f429i_discovery.o(.text)
    STM_EVAL_PBGetState                      0x08001fc7   Thumb Code    20  stm32f429i_discovery.o(.text)
    sEE_LowLevel_DeInit                      0x08001fdb   Thumb Code   132  stm32f429i_discovery.o(.text)
    sEE_LowLevel_Init                        0x0800205f   Thumb Code   302  stm32f429i_discovery.o(.text)
    sEE_LowLevel_DMAConfig                   0x0800218d   Thumb Code    34  stm32f429i_discovery.o(.text)
    sEE_DeInit                               0x080021d5   Thumb Code     4  stm32f429i_discovery_i2c_ee.o(.text)
    sEE_Init                                 0x080021d9   Thumb Code    80  stm32f429i_discovery_i2c_ee.o(.text)
    sEE_TIMEOUT_UserCallback                 0x08002229   Thumb Code     2  stm32f429i_discovery_i2c_ee.o(.text)
    sEE_ReadBuffer                           0x0800222b   Thumb Code   492  stm32f429i_discovery_i2c_ee.o(.text)
    sEE_WritePage                            0x08002417   Thumb Code   244  stm32f429i_discovery_i2c_ee.o(.text)
    sEE_WaitEepromStandbyState               0x0800250b   Thumb Code   222  stm32f429i_discovery_i2c_ee.o(.text)
    sEE_WriteBuffer                          0x080025e9   Thumb Code   510  stm32f429i_discovery_i2c_ee.o(.text)
    DMA1_Stream4_IRQHandler                  0x080027e7   Thumb Code    86  stm32f429i_discovery_i2c_ee.o(.text)
    DMA1_Stream2_IRQHandler                  0x0800283d   Thumb Code    56  stm32f429i_discovery_i2c_ee.o(.text)
    __2sprintf                               0x08002889   Thumb Code    34  noretval__2sprintf.o(.text)
    _printf_int_dec                          0x080028b1   Thumb Code   102  _printf_dec.o(.text)
    __printf                                 0x08002929   Thumb Code   310  __printf_flags_wp.o(.text)
    atoi                                     0x08002a65   Thumb Code    26  atoi.o(.text)
    strlen                                   0x08002a7f   Thumb Code    62  strlen.o(.text)
    __aeabi_memcpy                           0x08002abd   Thumb Code     0  rt_memcpy_v6.o(.text)
    __rt_memcpy                              0x08002abd   Thumb Code   138  rt_memcpy_v6.o(.text)
    _memcpy_lastbytes                        0x08002b23   Thumb Code     0  rt_memcpy_v6.o(.text)
    __use_two_region_memory                  0x08002b47   Thumb Code     2  heapauxi.o(.text)
    __rt_heap_escrow$2region                 0x08002b49   Thumb Code     2  heapauxi.o(.text)
    __rt_heap_expand$2region                 0x08002b4b   Thumb Code     2  heapauxi.o(.text)
    __aeabi_errno_addr                       0x08002b4d   Thumb Code     8  rt_errno_addr_intlibspace.o(.text)
    __errno$intlibspace                      0x08002b4d   Thumb Code     0  rt_errno_addr_intlibspace.o(.text)
    __rt_errno_addr$intlibspace              0x08002b4d   Thumb Code     0  rt_errno_addr_intlibspace.o(.text)
    __read_errno                             0x08002b55   Thumb Code    10  _rserrno.o(.text)
    __set_errno                              0x08002b5f   Thumb Code    12  _rserrno.o(.text)
    _printf_int_common                       0x08002b6b   Thumb Code   184  _printf_intcommon.o(.text)
    __lib_sel_fp_printf                      0x08002c23   Thumb Code     2  _printf_fp_dec.o(.text)
    _printf_fp_dec_real                      0x08002dcf   Thumb Code   628  _printf_fp_dec.o(.text)
    _printf_char_common                      0x0800304f   Thumb Code    32  _printf_char_common.o(.text)
    _sputc                                   0x08003075   Thumb Code    10  _sputc.o(.text)
    strtol                                   0x0800307f   Thumb Code   112  strtol.o(.text)
    __aeabi_memcpy4                          0x080030ef   Thumb Code     0  rt_memcpy_w.o(.text)
    __aeabi_memcpy8                          0x080030ef   Thumb Code     0  rt_memcpy_w.o(.text)
    __rt_memcpy_w                            0x080030ef   Thumb Code   100  rt_memcpy_w.o(.text)
    _memcpy_lastbytes_aligned                0x08003137   Thumb Code     0  rt_memcpy_w.o(.text)
    __user_libspace                          0x08003155   Thumb Code     8  libspace.o(.text)
    __user_perproc_libspace                  0x08003155   Thumb Code     0  libspace.o(.text)
    __user_perthread_libspace                0x08003155   Thumb Code     0  libspace.o(.text)
    __rt_ctype_table                         0x0800315d   Thumb Code    16  rt_ctype_table.o(.text)
    __rt_locale                              0x0800316d   Thumb Code     8  rt_locale_intlibspace.o(.text)
    _ll_udiv10                               0x08003175   Thumb Code   138  lludiv10.o(.text)
    _printf_fp_infnan                        0x08003201   Thumb Code   112  _printf_fp_infnan.o(.text)
    _strtoul                                 0x08003281   Thumb Code   158  _strtoul.o(.text)
    _btod_etento                             0x08003321   Thumb Code   222  bigflt0.o(.text)
    __user_setup_stackheap                   0x08003405   Thumb Code    74  sys_stackheap_outer.o(.text)
    _chval                                   0x0800344f   Thumb Code    28  _chval.o(.text)
    exit                                     0x0800346b   Thumb Code    12  exit.o(.text)
    strcmp                                   0x08003479   Thumb Code   128  strcmpv7m.o(.text)
    _sys_exit                                0x080034f9   Thumb Code     8  sys_exit.o(.text)
    __I$use$semihosting                      0x08003505   Thumb Code     0  use_no_semi.o(.text)
    __use_no_semihosting_swi                 0x08003505   Thumb Code     2  use_no_semi.o(.text)
    __semihosting_library_function           0x08003507   Thumb Code     0  indicate_semi.o(.text)
    _btod_d2e                                0x08003507   Thumb Code    62  btod.o(CL$$btod_d2e)
    _d2e_denorm_low                          0x08003545   Thumb Code    70  btod.o(CL$$btod_d2e_denorm_low)
    _d2e_norm_op1                            0x0800358b   Thumb Code    96  btod.o(CL$$btod_d2e_norm_op1)
    __btod_div_common                        0x080035eb   Thumb Code   696  btod.o(CL$$btod_div_common)
    _e2e                                     0x08003923   Thumb Code   198  btod.o(CL$$btod_e2e)
    _btod_ediv                               0x080039e9   Thumb Code    40  btod.o(CL$$btod_ediv)
    _btod_emul                               0x08003a11   Thumb Code    40  btod.o(CL$$btod_emul)
    __btod_mult_common                       0x08003a39   Thumb Code   580  btod.o(CL$$btod_mult_common)
    __ARM_fpclassify                         0x08003c7d   Thumb Code    48  fpclassify.o(i.__ARM_fpclassify)
    __hardfp_sqrt                            0x08003cad   Thumb Code   122  sqrt.o(i.__hardfp_sqrt)
    _is_digit                                0x08003d27   Thumb Code    14  __printf_wp.o(i._is_digit)
    _get_lc_numeric                          0x08003d35   Thumb Code    44  lc_numeric_c.o(locale$$code)
    _get_lc_ctype                            0x08003d61   Thumb Code    44  lc_ctype_c.o(locale$$code)
    __aeabi_d2f                              0x08003d8d   Thumb Code     0  d2f.o(x$fpl$d2f)
    _d2f                                     0x08003d8d   Thumb Code    98  d2f.o(x$fpl$d2f)
    __fpl_dnaninf                            0x08003def   Thumb Code   156  dnaninf.o(x$fpl$dnaninf)
    __fpl_dretinf                            0x08003e8b   Thumb Code    12  dretinf.o(x$fpl$dretinf)
    _dsqrt                                   0x08003e99   Thumb Code   404  dsqrt_umaal.o(x$fpl$dsqrt)
    __aeabi_f2d                              0x08004031   Thumb Code     0  f2d.o(x$fpl$f2d)
    _f2d                                     0x08004031   Thumb Code    86  f2d.o(x$fpl$f2d)
    __fpl_fnaninf                            0x08004087   Thumb Code   140  fnaninf.o(x$fpl$fnaninf)
    _fp_init                                 0x08004113   Thumb Code    10  fpinit.o(x$fpl$fpinit)
    __fplib_config_fpu_vfp                   0x0800411b   Thumb Code     0  fpinit.o(x$fpl$fpinit)
    __fplib_config_pureend_doubles           0x0800411b   Thumb Code     0  fpinit.o(x$fpl$fpinit)
    __fpl_fretinf                            0x0800411d   Thumb Code    10  fretinf.o(x$fpl$fretinf)
    _printf_fp_dec                           0x08004127   Thumb Code     4  printf1.o(x$fpl$printf1)
    __I$use$fp                               0x0800412a   Number         0  usenofp.o(x$fpl$usenofp)
    BUTTON_PORT_SOURCE                       0x0800412c   Data           1  stm32f429i_discovery.o(.constdata)
    BUTTON_PIN_SOURCE                        0x0800412d   Data           1  stm32f429i_discovery.o(.constdata)
    BUTTON_IRQn                              0x0800412e   Data           1  stm32f429i_discovery.o(.constdata)
    BUTTON_PIN                               0x08004130   Data           2  stm32f429i_discovery.o(.constdata)
    BUTTON_EXTI_LINE                         0x08004132   Data           2  stm32f429i_discovery.o(.constdata)
    GPIO_PIN                                 0x08004134   Data           4  stm32f429i_discovery.o(.constdata)
    BUTTON_CLK                               0x08004138   Data           4  stm32f429i_discovery.o(.constdata)
    GPIO_CLK                                 0x0800413c   Data           8  stm32f429i_discovery.o(.constdata)
    Region$$Table$$Base                      0x08004458   Number         0  anon$$obj.o(Region$$Table)
    Region$$Table$$Limit                     0x08004478   Number         0  anon$$obj.o(Region$$Table)
    __ctype                                  0x080044a1   Data           0  lc_ctype_c.o(locale$$data)
    SystemCoreClock                          0x20000000   Data           4  system_stm32f4xx.o(.data)
    AHBPrescTable                            0x20000004   Data          16  system_stm32f4xx.o(.data)
    MAIN_MENU                                0x20000024   Data           4  main.o(.data)
    OPTION1                                  0x20000028   Data           4  main.o(.data)
    OPTION2                                  0x2000002c   Data           4  main.o(.data)
    OPTION3                                  0x20000030   Data           4  main.o(.data)
    NEWLINE                                  0x20000034   Data           4  main.o(.data)
    choose                                   0x20000038   Data           4  main.o(.data)
    c_result                                 0x2000003c   Data           4  main.o(.data)
    i_result                                 0x20000040   Data           4  main.o(.data)
    b_receive_done                           0x20000044   Data           1  stm32f4xx_it.o(.data)
    msgSend                                  0x20000045   Data           1  stm32f4xx_it.o(.data)
    msgReceive                               0x20000046   Data           1  stm32f4xx_it.o(.data)
    b_success                                0x20000047   Data           1  stm32f4xx_it.o(.data)
    BUTTON_PORT                              0x20000048   Data           4  stm32f429i_discovery.o(.data)
    NVIC_InitStructure                       0x2000004c   Data           4  stm32f429i_discovery.o(.data)
    GPIO_PORT                                0x20000050   Data           8  stm32f429i_discovery.o(.data)
    sEEDataNum                               0x20000058   Data           1  stm32f429i_discovery_i2c_ee.o(.data)
    sEEAddress                               0x2000005a   Data           2  stm32f429i_discovery_i2c_ee.o(.data)
    sEETimeout                               0x2000005c   Data           4  stm32f429i_discovery_i2c_ee.o(.data)
    sEEDataReadPointer                       0x20000060   Data           4  stm32f429i_discovery_i2c_ee.o(.data)
    sEEDataWritePointer                      0x20000064   Data           4  stm32f429i_discovery_i2c_ee.o(.data)
    queue_get_data                           0x20000068   Data         256  main.o(.bss)
    a_result                                 0x20000168   Data         100  main.o(.bss)
    queue_sender                             0x200001cc   Data         256  stm32f4xx_it.o(.bss)
    queue_receiver                           0x200002cc   Data         256  stm32f4xx_it.o(.bss)
    sEEDMA_InitStructure                     0x200003cc   Data          60  stm32f429i_discovery.o(.bss)
    __libspace_start                         0x20000408   Data          96  libspace.o(.bss)
    __temporary_stack_top$libspace           0x20000468   Data           0  libspace.o(.bss)



==============================================================================

Memory Map of the image

  Image Entry point : 0x08000279

  Load Region LR_1 (Base: 0x08000000, Size: 0x0000460c, Max: 0xffffffff, ABSOLUTE)

    Execution Region ER_RO (Base: 0x08000000, Size: 0x000045a4, Max: 0xffffffff, ABSOLUTE)

    Base Addr    Size         Type   Attr      Idx    E Section Name        Object

    0x08000000   0x000001ac   Data   RO            3    RESET               startup_stm32f429_439xx.o
    0x080001ac   0x00000008   Code   RO          684  * !!!main             c_w.l(__main.o)
    0x080001b4   0x00000034   Code   RO          945    !!!scatter          c_w.l(__scatter.o)
    0x080001e8   0x0000001a   Code   RO          947    !!handler_copy      c_w.l(__scatter_copy.o)
    0x08000202   0x00000002   PAD
    0x08000204   0x0000001c   Code   RO          949    !!handler_zi        c_w.l(__scatter_zi.o)
    0x08000220   0x00000000   Code   RO          675    .ARM.Collect$$_printf_percent$$00000000  c_w.l(_printf_percent.o)
    0x08000220   0x00000006   Code   RO          674    .ARM.Collect$$_printf_percent$$00000003  c_w.l(_printf_f.o)
    0x08000226   0x00000006   Code   RO          673    .ARM.Collect$$_printf_percent$$00000009  c_w.l(_printf_d.o)
    0x0800022c   0x00000004   Code   RO          720    .ARM.Collect$$_printf_percent$$00000017  c_w.l(_printf_percent_end.o)
    0x08000230   0x00000002   Code   RO          821    .ARM.Collect$$libinit$$00000000  c_w.l(libinit.o)
    0x08000232   0x00000004   Code   RO          822    .ARM.Collect$$libinit$$00000001  c_w.l(libinit2.o)
    0x08000236   0x00000000   Code   RO          826    .ARM.Collect$$libinit$$00000008  c_w.l(libinit2.o)
    0x08000236   0x00000000   Code   RO          828    .ARM.Collect$$libinit$$0000000A  c_w.l(libinit2.o)
    0x08000236   0x00000000   Code   RO          830    .ARM.Collect$$libinit$$0000000C  c_w.l(libinit2.o)
    0x08000236   0x00000006   Code   RO          831    .ARM.Collect$$libinit$$0000000D  c_w.l(libinit2.o)
    0x0800023c   0x00000000   Code   RO          833    .ARM.Collect$$libinit$$0000000F  c_w.l(libinit2.o)
    0x0800023c   0x0000000c   Code   RO          834    .ARM.Collect$$libinit$$00000010  c_w.l(libinit2.o)
    0x08000248   0x00000000   Code   RO          835    .ARM.Collect$$libinit$$00000011  c_w.l(libinit2.o)
    0x08000248   0x00000000   Code   RO          837    .ARM.Collect$$libinit$$00000013  c_w.l(libinit2.o)
    0x08000248   0x0000000a   Code   RO          838    .ARM.Collect$$libinit$$00000014  c_w.l(libinit2.o)
    0x08000252   0x00000000   Code   RO          839    .ARM.Collect$$libinit$$00000015  c_w.l(libinit2.o)
    0x08000252   0x00000000   Code   RO          841    .ARM.Collect$$libinit$$00000017  c_w.l(libinit2.o)
    0x08000252   0x00000000   Code   RO          843    .ARM.Collect$$libinit$$00000019  c_w.l(libinit2.o)
    0x08000252   0x00000000   Code   RO          845    .ARM.Collect$$libinit$$0000001B  c_w.l(libinit2.o)
    0x08000252   0x00000000   Code   RO          847    .ARM.Collect$$libinit$$0000001D  c_w.l(libinit2.o)
    0x08000252   0x00000000   Code   RO          849    .ARM.Collect$$libinit$$0000001F  c_w.l(libinit2.o)
    0x08000252   0x00000000   Code   RO          851    .ARM.Collect$$libinit$$00000021  c_w.l(libinit2.o)
    0x08000252   0x00000000   Code   RO          853    .ARM.Collect$$libinit$$00000023  c_w.l(libinit2.o)
    0x08000252   0x00000000   Code   RO          857    .ARM.Collect$$libinit$$0000002A  c_w.l(libinit2.o)
    0x08000252   0x00000000   Code   RO          859    .ARM.Collect$$libinit$$0000002C  c_w.l(libinit2.o)
    0x08000252   0x00000000   Code   RO          861    .ARM.Collect$$libinit$$0000002E  c_w.l(libinit2.o)
    0x08000252   0x00000000   Code   RO          863    .ARM.Collect$$libinit$$00000030  c_w.l(libinit2.o)
    0x08000252   0x00000002   Code   RO          864    .ARM.Collect$$libinit$$00000031  c_w.l(libinit2.o)
    0x08000254   0x00000002   Code   RO          894    .ARM.Collect$$libshutdown$$00000000  c_w.l(libshutdown.o)
    0x08000256   0x00000000   Code   RO          906    .ARM.Collect$$libshutdown$$00000003  c_w.l(libshutdown2.o)
    0x08000256   0x00000000   Code   RO          909    .ARM.Collect$$libshutdown$$00000006  c_w.l(libshutdown2.o)
    0x08000256   0x00000000   Code   RO          912    .ARM.Collect$$libshutdown$$00000009  c_w.l(libshutdown2.o)
    0x08000256   0x00000000   Code   RO          914    .ARM.Collect$$libshutdown$$0000000B  c_w.l(libshutdown2.o)
    0x08000256   0x00000000   Code   RO          917    .ARM.Collect$$libshutdown$$0000000E  c_w.l(libshutdown2.o)
    0x08000256   0x00000002   Code   RO          918    .ARM.Collect$$libshutdown$$0000000F  c_w.l(libshutdown2.o)
    0x08000258   0x00000000   Code   RO          704    .ARM.Collect$$rtentry$$00000000  c_w.l(rtentry.o)
    0x08000258   0x00000000   Code   RO          742    .ARM.Collect$$rtentry$$00000002  c_w.l(rtentry2.o)
    0x08000258   0x00000006   Code   RO          754    .ARM.Collect$$rtentry$$00000004  c_w.l(rtentry4.o)
    0x0800025e   0x00000000   Code   RO          744    .ARM.Collect$$rtentry$$00000009  c_w.l(rtentry2.o)
    0x0800025e   0x00000004   Code   RO          745    .ARM.Collect$$rtentry$$0000000A  c_w.l(rtentry2.o)
    0x08000262   0x00000000   Code   RO          747    .ARM.Collect$$rtentry$$0000000C  c_w.l(rtentry2.o)
    0x08000262   0x00000008   Code   RO          748    .ARM.Collect$$rtentry$$0000000D  c_w.l(rtentry2.o)
    0x0800026a   0x00000002   Code   RO          865    .ARM.Collect$$rtexit$$00000000  c_w.l(rtexit.o)
    0x0800026c   0x00000000   Code   RO          872    .ARM.Collect$$rtexit$$00000002  c_w.l(rtexit2.o)
    0x0800026c   0x00000004   Code   RO          873    .ARM.Collect$$rtexit$$00000003  c_w.l(rtexit2.o)
    0x08000270   0x00000006   Code   RO          874    .ARM.Collect$$rtexit$$00000004  c_w.l(rtexit2.o)
    0x08000276   0x00000002   PAD
    0x08000278   0x00000040   Code   RO            4  * .text               startup_stm32f429_439xx.o
    0x080002b8   0x00000198   Code   RO           12    .text               system_stm32f4xx.o
    0x08000450   0x000000b0   Code   RO           97    .text               misc.o
    0x08000500   0x00000320   Code   RO          121    .text               stm32f4xx_dma.o
    0x08000820   0x000000e0   Code   RO          161    .text               stm32f4xx_exti.o
    0x08000900   0x0000020c   Code   RO          201    .text               stm32f4xx_gpio.o
    0x08000b0c   0x00000360   Code   RO          221    .text               stm32f4xx_i2c.o
    0x08000e6c   0x0000046c   Code   RO          261    .text               stm32f4xx_rcc.o
    0x080012d8   0x00000074   Code   RO          326    .text               stm32f4xx_syscfg.o
    0x0800134c   0x00000364   Code   RO          346    .text               stm32f4xx_usart.o
    0x080016b0   0x000006c8   Code   RO          366    .text               main.o
    0x08001d78   0x00000098   Code   RO          425    .text               queue.o
    0x08001e10   0x000000a8   Code   RO          446    .text               stm32f4xx_it.o
    0x08001eb8   0x0000031c   Code   RO          473    .text               stm32f429i_discovery.o
    0x080021d4   0x000006b4   Code   RO          501    .text               stm32f429i_discovery_i2c_ee.o
    0x08002888   0x00000028   Code   RO          647    .text               c_w.l(noretval__2sprintf.o)
    0x080028b0   0x00000078   Code   RO          651    .text               c_w.l(_printf_dec.o)
    0x08002928   0x0000013c   Code   RO          665    .text               c_w.l(__printf_flags_wp.o)
    0x08002a64   0x0000001a   Code   RO          676    .text               c_w.l(atoi.o)
    0x08002a7e   0x0000003e   Code   RO          678    .text               c_w.l(strlen.o)
    0x08002abc   0x0000008a   Code   RO          680    .text               c_w.l(rt_memcpy_v6.o)
    0x08002b46   0x00000006   Code   RO          682    .text               c_w.l(heapauxi.o)
    0x08002b4c   0x00000008   Code   RO          708    .text               c_w.l(rt_errno_addr_intlibspace.o)
    0x08002b54   0x00000016   Code   RO          710    .text               c_w.l(_rserrno.o)
    0x08002b6a   0x000000b8   Code   RO          712    .text               c_w.l(_printf_intcommon.o)
    0x08002c22   0x00000420   Code   RO          714    .text               c_w.l(_printf_fp_dec.o)
    0x08003042   0x00000002   PAD
    0x08003044   0x00000030   Code   RO          716    .text               c_w.l(_printf_char_common.o)
    0x08003074   0x0000000a   Code   RO          718    .text               c_w.l(_sputc.o)
    0x0800307e   0x00000070   Code   RO          721    .text               c_w.l(strtol.o)
    0x080030ee   0x00000064   Code   RO          723    .text               c_w.l(rt_memcpy_w.o)
    0x08003152   0x00000002   PAD
    0x08003154   0x00000008   Code   RO          738    .text               c_w.l(libspace.o)
    0x0800315c   0x00000010   Code   RO          756    .text               c_w.l(rt_ctype_table.o)
    0x0800316c   0x00000008   Code   RO          761    .text               c_w.l(rt_locale_intlibspace.o)
    0x08003174   0x0000008a   Code   RO          763    .text               c_w.l(lludiv10.o)
    0x080031fe   0x00000002   PAD
    0x08003200   0x00000080   Code   RO          765    .text               c_w.l(_printf_fp_infnan.o)
    0x08003280   0x0000009e   Code   RO          769    .text               c_w.l(_strtoul.o)
    0x0800331e   0x00000002   PAD
    0x08003320   0x000000e4   Code   RO          771    .text               c_w.l(bigflt0.o)
    0x08003404   0x0000004a   Code   RO          805    .text               c_w.l(sys_stackheap_outer.o)
    0x0800344e   0x0000001c   Code   RO          807    .text               c_w.l(_chval.o)
    0x0800346a   0x0000000c   Code   RO          812    .text               c_w.l(exit.o)
    0x08003476   0x00000002   PAD
    0x08003478   0x00000080   Code   RO          814    .text               c_w.l(strcmpv7m.o)
    0x080034f8   0x0000000c   Code   RO          884    .text               c_w.l(sys_exit.o)
    0x08003504   0x00000002   Code   RO          895    .text               c_w.l(use_no_semi.o)
    0x08003506   0x00000000   Code   RO          897    .text               c_w.l(indicate_semi.o)
    0x08003506   0x0000003e   Code   RO          774    CL$$btod_d2e        c_w.l(btod.o)
    0x08003544   0x00000046   Code   RO          776    CL$$btod_d2e_denorm_low  c_w.l(btod.o)
    0x0800358a   0x00000060   Code   RO          775    CL$$btod_d2e_norm_op1  c_w.l(btod.o)
    0x080035ea   0x00000338   Code   RO          784    CL$$btod_div_common  c_w.l(btod.o)
    0x08003922   0x000000c6   Code   RO          781    CL$$btod_e2e        c_w.l(btod.o)
    0x080039e8   0x00000028   Code   RO          778    CL$$btod_ediv       c_w.l(btod.o)
    0x08003a10   0x00000028   Code   RO          777    CL$$btod_emul       c_w.l(btod.o)
    0x08003a38   0x00000244   Code   RO          783    CL$$btod_mult_common  c_w.l(btod.o)
    0x08003c7c   0x00000030   Code   RO          803    i.__ARM_fpclassify  m_wm.l(fpclassify.o)
    0x08003cac   0x0000007a   Code   RO          692    i.__hardfp_sqrt     m_wm.l(sqrt.o)
    0x08003d26   0x0000000e   Code   RO          663    i._is_digit         c_w.l(__printf_wp.o)
    0x08003d34   0x0000002c   Code   RO          797    locale$$code        c_w.l(lc_numeric_c.o)
    0x08003d60   0x0000002c   Code   RO          810    locale$$code        c_w.l(lc_ctype_c.o)
    0x08003d8c   0x00000062   Code   RO          686    x$fpl$d2f           fz_wm.l(d2f.o)
    0x08003dee   0x0000009c   Code   RO          727    x$fpl$dnaninf       fz_wm.l(dnaninf.o)
    0x08003e8a   0x0000000c   Code   RO          729    x$fpl$dretinf       fz_wm.l(dretinf.o)
    0x08003e96   0x00000002   PAD
    0x08003e98   0x00000198   Code   RO          731    x$fpl$dsqrt         fz_wm.l(dsqrt_umaal.o)
    0x08004030   0x00000056   Code   RO          688    x$fpl$f2d           fz_wm.l(f2d.o)
    0x08004086   0x0000008c   Code   RO          733    x$fpl$fnaninf       fz_wm.l(fnaninf.o)
    0x08004112   0x0000000a   Code   RO          869    x$fpl$fpinit        fz_wm.l(fpinit.o)
    0x0800411c   0x0000000a   Code   RO          735    x$fpl$fretinf       fz_wm.l(fretinf.o)
    0x08004126   0x00000004   Code   RO          690    x$fpl$printf1       fz_wm.l(printf1.o)
    0x0800412a   0x00000000   Code   RO          737    x$fpl$usenofp       fz_wm.l(usenofp.o)
    0x0800412a   0x00000002   PAD
    0x0800412c   0x00000018   Data   RO          475    .constdata          stm32f429i_discovery.o
    0x08004144   0x00000011   Data   RO          666    .constdata          c_w.l(__printf_flags_wp.o)
    0x08004155   0x00000003   PAD
    0x08004158   0x00000094   Data   RO          772    .constdata          c_w.l(bigflt0.o)
    0x080041ec   0x0000026b   Data   RO          368    .conststring        main.o
    0x08004457   0x00000001   PAD
    0x08004458   0x00000020   Data   RO          943    Region$$Table       anon$$obj.o
    0x08004478   0x0000001c   Data   RO          796    locale$$data        c_w.l(lc_numeric_c.o)
    0x08004494   0x00000110   Data   RO          809    locale$$data        c_w.l(lc_ctype_c.o)


    Execution Region ER_RW (Base: 0x20000000, Size: 0x00000068, Max: 0xffffffff, ABSOLUTE)

    Base Addr    Size         Type   Attr      Idx    E Section Name        Object

    0x20000000   0x00000014   Data   RW           13    .data               system_stm32f4xx.o
    0x20000014   0x00000010   Data   RW          262    .data               stm32f4xx_rcc.o
    0x20000024   0x00000020   Data   RW          369    .data               main.o
    0x20000044   0x00000004   Data   RW          448    .data               stm32f4xx_it.o
    0x20000048   0x00000010   Data   RW          476    .data               stm32f429i_discovery.o
    0x20000058   0x00000010   Data   RW          502    .data               stm32f429i_discovery_i2c_ee.o


    Execution Region ER_ZI (Base: 0x20000068, Size: 0x00000a00, Max: 0xffffffff, ABSOLUTE)

    Base Addr    Size         Type   Attr      Idx    E Section Name        Object

    0x20000068   0x00000164   Zero   RW          367    .bss                main.o
    0x200001cc   0x00000200   Zero   RW          447    .bss                stm32f4xx_it.o
    0x200003cc   0x0000003c   Zero   RW          474    .bss                stm32f429i_discovery.o
    0x20000408   0x00000060   Zero   RW          739    .bss                c_w.l(libspace.o)
    0x20000468   0x00000200   Zero   RW            2    HEAP                startup_stm32f429_439xx.o
    0x20000668   0x00000400   Zero   RW            1    STACK               startup_stm32f429_439xx.o


==============================================================================

Image component sizes


      Code (inc. data)   RO Data    RW Data    ZI Data      Debug   Object Name

      1736        206        619         32        356       5922   main.o
       176         16          0          0          0       1757   misc.o
       152          0          0          0          0       2076   queue.o
        64         26        428          0       1536        824   startup_stm32f429_439xx.o
       796         38         24         16         60       5832   stm32f429i_discovery.o
      1716         52          0         16          0       5351   stm32f429i_discovery_i2c_ee.o
       800         32          0          0          0       5993   stm32f4xx_dma.o
       224         10          0          0          0       2151   stm32f4xx_exti.o
       524         44          0          0          0       3733   stm32f4xx_gpio.o
       864         22          0          0          0       7451   stm32f4xx_i2c.o
       168         18          0          4        512       2270   stm32f4xx_it.o
      1132         52          0         16          0      11350   stm32f4xx_rcc.o
       116         14          0          0          0       1717   stm32f4xx_syscfg.o
       868         34          0          0          0       6728   stm32f4xx_usart.o
       408         36          0         20          0     291779   system_stm32f4xx.o

    ----------------------------------------------------------------------
      9744        600       1104        104       2464     354934   Object Totals
         0          0         32          0          0          0   (incl. Generated)
         0          0          1          0          0          0   (incl. Padding)

    ----------------------------------------------------------------------

      Code (inc. data)   RO Data    RW Data    ZI Data      Debug   Library Member Name

         8          0          0          0          0         68   __main.o
       316          6         17          0          0         92   __printf_flags_wp.o
        14          0          0          0          0         68   __printf_wp.o
        52          8          0          0          0          0   __scatter.o
        26          0          0          0          0          0   __scatter_copy.o
        28          0          0          0          0          0   __scatter_zi.o
        28          0          0          0          0         68   _chval.o
        48          6          0          0          0         96   _printf_char_common.o
         6          0          0          0          0          0   _printf_d.o
       120         18          0          0          0         92   _printf_dec.o
         6          0          0          0          0          0   _printf_f.o
      1056          0          0          0          0        216   _printf_fp_dec.o
       128         16          0          0          0         84   _printf_fp_infnan.o
       184          0          0          0          0         88   _printf_intcommon.o
         0          0          0          0          0          0   _printf_percent.o
         4          0          0          0          0          0   _printf_percent_end.o
        22          0          0          0          0        100   _rserrno.o
        10          0          0          0          0         68   _sputc.o
       158          0          0          0          0         92   _strtoul.o
        26          0          0          0          0         80   atoi.o
       228          6        148          0          0         96   bigflt0.o
      1910        128          0          0          0        672   btod.o
        12          0          0          0          0         72   exit.o
         6          0          0          0          0        152   heapauxi.o
         0          0          0          0          0          0   indicate_semi.o
        44         10        272          0          0         76   lc_ctype_c.o
        44         10         28          0          0         76   lc_numeric_c.o
         2          0          0          0          0          0   libinit.o
        34          0          0          0          0          0   libinit2.o
         2          0          0          0          0          0   libshutdown.o
         2          0          0          0          0          0   libshutdown2.o
         8          4          0          0         96         68   libspace.o
       138          0          0          0          0         80   lludiv10.o
        40          6          0          0          0         84   noretval__2sprintf.o
        16          4          0          0          0         76   rt_ctype_table.o
         8          4          0          0          0         68   rt_errno_addr_intlibspace.o
         8          4          0          0          0         68   rt_locale_intlibspace.o
       138          0          0          0          0         68   rt_memcpy_v6.o
       100          0          0          0          0         80   rt_memcpy_w.o
         0          0          0          0          0          0   rtentry.o
        12          0          0          0          0          0   rtentry2.o
         6          0          0          0          0          0   rtentry4.o
         2          0          0          0          0          0   rtexit.o
        10          0          0          0          0          0   rtexit2.o
       128          0          0          0          0         68   strcmpv7m.o
        62          0          0          0          0         76   strlen.o
       112          0          0          0          0         88   strtol.o
        12          4          0          0          0         68   sys_exit.o
        74          0          0          0          0         80   sys_stackheap_outer.o
         2          0          0          0          0         68   use_no_semi.o
        98          4          0          0          0        140   d2f.o
       156          4          0          0          0        140   dnaninf.o
        12          0          0          0          0        116   dretinf.o
       408         56          0          0          0        168   dsqrt_umaal.o
        86          4          0          0          0        132   f2d.o
       140          4          0          0          0        132   fnaninf.o
        10          0          0          0          0        116   fpinit.o
        10          0          0          0          0        116   fretinf.o
         4          0          0          0          0        116   printf1.o
         0          0          0          0          0          0   usenofp.o
        48          0          0          0          0        124   fpclassify.o
       122          0          0          0          0        148   sqrt.o

    ----------------------------------------------------------------------
      6512        306        468          0         96       4844   Library Totals
        18          0          3          0          0          0   (incl. Padding)

    ----------------------------------------------------------------------

      Code (inc. data)   RO Data    RW Data    ZI Data      Debug   Library Name

      5400        234        465          0         96       3396   c_w.l
       924         72          0          0          0       1176   fz_wm.l
       170          0          0          0          0        272   m_wm.l

    ----------------------------------------------------------------------
      6512        306        468          0         96       4844   Library Totals

    ----------------------------------------------------------------------

==============================================================================


      Code (inc. data)   RO Data    RW Data    ZI Data      Debug   

     16256        906       1572        104       2560     352650   Grand Totals
     16256        906       1572        104       2560     352650   ELF Image Totals
     16256        906       1572        104          0          0   ROM Totals

==============================================================================

    Total RO  Size (Code + RO Data)                17828 (  17.41kB)
    Total RW  Size (RW Data + ZI Data)              2664 (   2.60kB)
    Total ROM Size (Code + RO Data + RW Data)      17932 (  17.51kB)

==============================================================================

