<html>
<body>
<pre>
<h1>µVision Build Log</h1>
<h2>Project:</h2>
C:\Users\namnguyen\Desktop\Embedded-System-Programming_School-Project\ESPProject.uvproj
Project File Date:  01/25/2018

<h2>Output:</h2>
Build target 'ESPProject'
compiling timer_counter.c...
linking...
Program Size: Code=20912 RO-data=1888 RW-data=140 ZI-data=2308  
".\Build\ESPProject.axf" - 0 Error(s), 0 Warning(s).
Load "C:\\Users\\namnguyen\\Desktop\\Embedded-System-Programming_School-Project\\Build\\ESPProject.axf" 
Erase Done.
Programming Done.
Verify OK.
</pre>
</body>
</html>
 OK.
ounter.c...
User\src\timer_counter.c(187): warning:  #1-D: last line of file ends without a newline
  }
User\src\timer_counter.c: 1 warning, 0 errors
linking...
Program Size: Code=20864 RO-data=1888 RW-data=140 ZI-data=2308  
".\Build\ESPProject.axf" - 0 Error(s), 2 Warning(s).
rors
compiling uart_isr_configuration.c...
.\User\inc\timer_counter.h(5): warning:  #1-D: last line of file ends without a newline
  void stopwatch(void);
User\src\uart_isr_configuration.c: 1 warning, 0 errors
compiling basic_operation.c...
.\User\inc\timer_counter.h(5): warning:  #1-D: last line of file ends without a newline
  void stopwatch(void);
User\src\basic_operation.c: 1 warning, 0 errors
compiling simple_led.c...
.\User\inc\timer_counter.h(5): warning:  #1-D: last line of file ends without a newline
  void stopwatch(void);
User\src\simple_led.c: 1 warning, 0 errors
compiling advance_led.c...
.\User\inc\timer_counter.h(5): warning:  #1-D: last line of file ends without a newline
  void stopwatch(void);
User\src\advance_led.c(103): warning:  #1-D: last line of file ends without a newline
  }
User\src\advance_led.c: 2 warnings, 0 errors
compiling timer_counter.c...
.\User\inc\timer_counter.h(5): warning:  #1-D: last line of file ends without a newline
  void stopwatch(void);
.\User\inc\timer_counter.h(5): warning:  #1-D: last line of file ends without a newline
  void stopwatch(void);
User\src\timer_counter.c: 2 warnings, 0 errors
linking...
Program Size: Code=21320 RO-data=1888 RW-data=148 ZI-data=2564  
".\Build\ESPProject.axf" - 0 Error(s), 11 Warning(s).
arning(s).
Target not created
tudent_info.c: 5 warnings, 0 errors
compiling uart_isr_configuration.c...
.\User\inc\uart_isr_configuration.h(7): warning:  #1-D: last line of file ends without a newline
  void from_receive_to_send(queue_t * send, queue_t * receive);
.\User\inc\uart_isr_configuration.h(7): warning:  #1-D: last line of file ends without a newline
  void from_receive_to_send(queue_t * send, queue_t * receive);
.\User\inc\student_info.h(3): warning:  #1-D: last line of file ends without a newline
  void student_info(void);
.\User\inc\uart_isr_configuration.h(7): warning:  #1-D: last line of file ends without a newline
  void from_receive_to_send(queue_t * send, queue_t * receive);
User\src\uart_isr_configuration.c(76): warning:  #1-D: last line of file ends without a newline
  }
User\src\uart_isr_configuration.c: 5 warnings, 0 errors
linking...
Program Size: Code=21340 RO-data=1888 RW-data=140 ZI-data=2564  
".\Build\ESPProject.axf" - 0 Error(s), 18 Warning(s).
 - give arg types
  void uart_interrupt_init();
.\User\inc\uart_isr_configuration.h(6): warning:  #1295-D: Deprecated declaration uart_receive - give arg types
  void uart_receive();
.\User\inc\uart_isr_configuration.h(7): warning:  #1-D: last line of file ends without a newline
  void from_receive_to_send(queue_t * send, queue_t * receive);
.\User\inc\student_info.h(3): warning:  #1-D: last line of file ends without a newline
  void student_info(void);
.\User\inc\uart_isr_configuration.h(3): warning:  #1295-D: Deprecated declaration uart_interrupt_init - give arg types
  void uart_interrupt_init();
.\User\inc\uart_isr_configuration.h(6): warning:  #1295-D: Deprecated declaration uart_receive - give arg types
  void uart_receive();
.\User\inc\uart_isr_configuration.h(7): warning:  #1-D: last line of file ends without a newline
  void from_receive_to_send(queue_t * send, queue_t * receive);
.\User\inc\student_info.h(3): warning:  #1-D: last line of file ends without a newline
  void student_info(void);
User\src\student_info.c: 11 warnings, 0 errors
compiling uart_isr_configuration.c...
.\User\inc\uart_isr_configuration.h(3): warning:  #1295-D: Deprecated declaration uart_interrupt_init - give arg types
  void uart_interrupt_init();
.\User\inc\uart_isr_configuration.h(6): warning:  #1295-D: Deprecated declaration uart_receive - give arg types
  void uart_receive();
.\User\inc\uart_isr_configuration.h(7): warning:  #1-D: last line of file ends without a newline
  void from_receive_to_send(queue_t * send, queue_t * receive);
.\User\inc\uart_isr_configuration.h(3): warning:  #1295-D: Deprecated declaration uart_interrupt_init - give arg types
  void uart_interrupt_init();
.\User\inc\uart_isr_configuration.h(6): warning:  #1295-D: Deprecated declaration uart_receive - give arg types
  void uart_receive();
.\User\inc\uart_isr_configuration.h(7): warning:  #1-D: last line of file ends without a newline
  void from_receive_to_send(queue_t * send, queue_t * receive);
.\User\inc\student_info.h(3): warning:  #1-D: last line of file ends without a newline
  void student_info(void);
.\User\inc\uart_isr_configuration.h(3): warning:  #1295-D: Deprecated declaration uart_interrupt_init - give arg types
  void uart_interrupt_init();
.\User\inc\uart_isr_configuration.h(6): warning:  #1295-D: Deprecated declaration uart_receive - give arg types
  void uart_receive();
.\User\inc\uart_isr_configuration.h(7): warning:  #1-D: last line of file ends without a newline
  void from_receive_to_send(queue_t * send, queue_t * receive);
User\src\uart_isr_configuration.c(76): warning:  #1-D: last line of file ends without a newline
  }
User\src\uart_isr_configuration.c: 11 warnings, 0 errors
linking...
.\Build\ESPProject.axf: Error: L6200E: Symbol NEWLINE multiply defined (by student_info.o and main.o).
Not enough information to list image symbols.
Not enough information to list the image map.
Finished: 2 information, 0 warning and 1 error messages.
".\Build\ESPProject.axf" - 1 Error(s), 38 Warning(s).
Target not created
