<html>
<body>
<pre>
<h1>µVision Build Log</h1>
<h2>Project:</h2>
C:\Users\namnguyen\Desktop\ESPProject\ESPProject.uvproj
Project File Date:  01/16/2018

<h2>Output:</h2>
Build target 'ESPProject'
compiling main.c...
User\src\main.c(55): warning:  #177-D: variable "a" was declared but never referenced
                int a[100];
User\src\main.c(156): warning:  #111-D: statement is unreachable
        return 0;
User\src\main.c: 2 warnings, 0 errors
linking...
Program Size: Code=10644 RO-data=984 RW-data=128 ZI-data=2208  
".\Build\ESPProject.axf" - 0 Error(s), 2 Warning(s).
Load "C:\\Users\\namnguyen\\Desktop\\ESPProject\\Build\\ESPProject.axf" 
Erase Done.
Programming Done.
Verify OK.
</pre>
</body>
</html>
 "C:\\Users\\namnguyen\\Desktop\\ESPProject\\Build\\ESPProject.axf" 
Erase Done.
Programming Done.
Verify OK.
